W/ActivityManager(  438): Scheduling restart of crashed service com.google.android.gms/com.google.android.location.internal.PendingIntentCallbackService in 120002ms
I/ActivityManager(  438): Start proc android.process.media for content provider com.android.providers.media/.MediaProvider: pid=6525 uid=10017 gids={1015, 1023, 1024, 1028, 2001, 3003, 3007, 4002}
V/ActivityThread( 6525): Class path: /system/framework/com.lge.lgdrm.jar:/system/app/MediaProvider.apk, JNI path: /data/data/com.android.providers.media/lib
V/ActivityThread( 6525): Class path: /system/framework/com.lge.lgdrm.jar:/system/app/LGDownloadProvider_JB.apk, JNI path: /data/data/com.android.providers.downloads/lib
V/ActivityThread( 6525): Class path: /system/app/DrmProvider.apk, JNI path: /data/data/com.android.providers.drm/lib
I/ActivityManager(  438): Start proc com.google.android.googlequicksearchbox:search for broadcast com.google.android.googlequicksearchbox/com.google.android.sidekick.main.kato.PowerEventReceiver: pid=6543 uid=10060 gids={3003, 1028, 3002, 1015}
V/ActivityThread( 6543): Class path: /data/app/com.google.android.googlequicksearchbox-2.apk, JNI path: /data/data/com.google.android.googlequicksearchbox/lib
I/ActivityManager(  438): Process com.google.android.apps.plus (pid 6510) has died.
I/ActivityManager(  438): Process android.process.media (pid 6525) has died.
V/LocationManagerService(  438): getProviders
I/ActivityManager(  438): Start proc com.google.android.partnersetup for content provider com.google.android.partnersetup/.RlzAppProvider: pid=6560 uid=10024 gids={3003, 1028}
V/ActivityThread( 6560): Class path: /system/app/GooglePartnerSetup.apk, JNI path: /data/data/com.google.android.partnersetup/lib
I/ActivityManager(  438): Process com.google.android.partnersetup (pid 6560) has died.
I/ActivityManager(  438): Start proc com.google.android.gms.persistent for broadcast com.google.android.gms/com.google.android.location.reporting.service.ExternalChangeReceiver: pid=6578 uid=10013 gids={3003, 1015, 1028, 1007, 1006, 3002, 3001, 2001, 3006}
I/ActivityManager(  438): Process com.google.android.googlequicksearchbox:search (pid 6543) has died.
V/ActivityThread( 6578): Class path: /system/framework/com.android.location.provider.jar:/data/app/com.google.android.gms-2.apk, JNI path: /data/data/com.google.android.gms/lib
D/uinet1  (12155): ANT  rssi:2   simStat:READY, null   svcStat:0    dataType:6    [:][false:true]
D/NotificationService(  438): updateLightListLocked :r=null, action=1
D/NotificationService(  438): updateLightsLocked : call restart
D/PhoneStatusBar(12155): disable()  mDisabled: 0x00080000
D/PhoneStatusBar(12155): disable: < expand icons alerts TICKER* system_info back home recent clock >
D/NotificationService(  438): updateLightListLocked :r=null, action=1
D/NotificationService(  438): updateLightsLocked : call restart
W/InputMethodManagerService(  438): Window already focused, ignoring focus gain of: com.android.internal.view.IInputMethodClient$Stub$Proxy@42c89bd8 attribute=null, token = android.os.BinderProxy@42146498
D/PhoneStatusBar(12155): disable()  mDisabled: 0x00000000
D/PhoneStatusBar(12155): disable: < expand icons alerts ticker* system_info back home recent clock >
D/PhoneStatusBar(12155): carrier label : single : 399
I/ActivityManager(  438): Process com.lge.android.atservice (pid 5932) has died.
I/ActivityManager(  438): Start proc com.google.android.gms.wearable for service com.google.android.gms/.wearable.service.WearableService: pid=6602 uid=10013 gids={3003, 1015, 1028, 1007, 1006, 3002, 3001, 2001, 3006}
V/ActivityThread( 6602): Class path: /system/framework/com.android.location.provider.jar:/data/app/com.google.android.gms-2.apk, JNI path: /data/data/com.google.android.gms/lib
V/LocationManagerService(  438): In requestLocationUpdates. provider passiveminTime: 0single shot: false Listener: android.location.ILocationListener$Stub$Proxy@42e30678
I/LocationManagerService(  438): request passive (pid 6578) 0 0
V/LocationManagerService(  438): _requestLocationUpdates: provider = passive listener = Receiver{42fc17c0 Listener android.os.BinderProxy@42d1e418}mUpdateRecords: {passive=UpdateRecord{42ea8ce8 mProvider: passive mUid: 10013}}
I/Atd     ( 5836): cleanup threads for reset
V/LocationManagerService(  438): In requestLocationUpdates. provider passiveminTime: 0single shot: false Listener: android.location.ILocationListener$Stub$Proxy@42ec41e8
I/LocationManagerService(  438): request passive (pid 6578) 0 0
V/LocationManagerService(  438): _requestLocationUpdates: provider = passive listener = Receiver{42f30cd0 Listener android.os.BinderProxy@4274d188}mUpdateRecords: {passive=UpdateRecord{42fd2fc0 mProvider: passive mUid: 10013}}
I/ActivityManager(  438): Process com.google.android.gms.wearable (pid 6602) has died.
W/ActivityManager(  438): Scheduling restart of crashed service com.google.android.gms/.wearable.service.WearableService in 5000ms
I/ActivityManager(  438): Start proc com.google.android.keep for broadcast com.google.android.keep/.notification.AlertReceiver: pid=6639 uid=10074 gids={3003, 1015, 1028}
V/ActivityThread( 6639): Class path: /data/app/com.google.android.keep-1.apk, JNI path: /data/data/com.google.android.keep/lib
D/uinet1  (12155): ANT  rssi:2   simStat:READY, null   svcStat:0    dataType:6    [:][false:true]
I/ActivityManager(  438): Start proc com.google.android.googlequicksearchbox:search for broadcast com.google.android.googlequicksearchbox/com.google.android.velvet.location.LocationReceiver: pid=6656 uid=10060 gids={3003, 1028, 3002, 1015}
V/ActivityThread( 6656): Class path: /data/app/com.google.android.googlequicksearchbox-2.apk, JNI path: /data/data/com.google.android.googlequicksearchbox/lib
I/ActivityManager(  438): Process com.google.android.gms.persistent (pid 6578) has died.
W/ActivityManager(  438): Scheduling restart of crashed service com.google.android.gms/com.google.android.location.internal.PendingIntentCallbackService in 5000ms
W/ActivityManager(  438): Scheduling restart of crashed service com.google.android.gms/com.google.android.location.reporting.service.DispatchingService in 15000ms
W/ActivityManager(  438): Scheduling restart of crashed service com.google.android.gms/com.google.android.location.internal.server.GoogleLocationService in 14999ms
W/ActivityManager(  438): Scheduling restart of crashed service com.google.android.gms/.deviceconnection.service.DeviceConnectionServiceBroker in 107304ms
W/ActivityManager(  438): Scheduling restart of crashed service com.google.android.gms/com.google.android.location.internal.GoogleLocationManagerService in 117304ms
V/LocationManagerService(  438): Location listener died
V/LocationManagerService(  438): Location listener died
V/LocationManagerService(  438): _removeUpdates: listener = Receiver{42f30cd0 Listener android.os.BinderProxy@4274d188}mUpdateRecords: {passive=UpdateRecord{42fd2fc0 mProvider: passive mUid: 10013}}
V/LocationManagerService(  438): _removeUpdates: listener = Receiver{42fc17c0 Listener android.os.BinderProxy@42d1e418}mUpdateRecords: {passive=UpdateRecord{42ea8ce8 mProvider: passive mUid: 10013}}
V/LocationManagerService(  438): getProviders
W/BroadcastQueue(  438): Failure [background] sending broadcast result of Intent { act=com.google.android.velvet.location.GMS_CORE_LOCATION flg=0x10 (has extras) }
W/BroadcastQueue(  438): android.os.DeadObjectException
W/BroadcastQueue(  438): 	at android.os.BinderProxy.transact(Native Method)
W/BroadcastQueue(  438): 	at android.content.IIntentReceiver$Stub$Proxy.performReceive(IIntentReceiver.java:121)
W/BroadcastQueue(  438): 	at com.android.server.am.BroadcastQueue.performReceiveLocked(BroadcastQueue.java:376)
W/BroadcastQueue(  438): 	at com.android.server.am.BroadcastQueue.processNextBroadcast(BroadcastQueue.java:597)
W/BroadcastQueue(  438): 	at com.android.server.am.ActivityManagerService.finishReceiver(ActivityManagerService.java:13892)
W/BroadcastQueue(  438): 	at android.app.ActivityManagerNative.onTransact(ActivityManagerNative.java:352)
W/BroadcastQueue(  438): 	at com.android.server.am.ActivityManagerService.onTransact(ActivityManagerService.java:1742)
W/BroadcastQueue(  438): 	at android.os.Binder.execTransact(Binder.java:370)
W/BroadcastQueue(  438): 	at dalvik.system.NativeStart.run(Native Method)
W/BroadcastQueue(  438): Failure [background] sending broadcast result of Intent { act=com.google.android.velvet.location.GMS_CORE_LOCATION flg=0x10 (has extras) }
W/BroadcastQueue(  438): android.os.DeadObjectException
W/BroadcastQueue(  438): 	at android.os.BinderProxy.transact(Native Method)
W/BroadcastQueue(  438): 	at android.content.IIntentReceiver$Stub$Proxy.performReceive(IIntentReceiver.java:121)
W/BroadcastQueue(  438): 	at com.android.server.am.BroadcastQueue.performReceiveLocked(BroadcastQueue.java:376)
W/BroadcastQueue(  438): 	at com.android.server.am.BroadcastQueue.processNextBroadcast(BroadcastQueue.java:597)
W/BroadcastQueue(  438): 	at com.android.server.am.ActivityManagerService.finishReceiver(ActivityManagerService.java:13892)
W/BroadcastQueue(  438): 	at android.app.ActivityManagerNative.onTransact(ActivityManagerNative.java:352)
W/BroadcastQueue(  438): 	at com.android.server.am.ActivityManagerService.onTransact(ActivityManagerService.java:1742)
W/BroadcastQueue(  438): 	at android.os.Binder.execTransact(Binder.java:370)
W/BroadcastQueue(  438): 	at dalvik.system.NativeStart.run(Native Method)
I/ActivityManager(  438): Process com.google.android.keep (pid 6639) has died.
W/ActivityManager(  438): Scheduling restart of crashed service com.google.android.gms/com.google.android.location.internal.PendingIntentCallbackService in 122304ms
D/uinet1  (12155): ANT  rssi:2   simStat:READY, null   svcStat:0    dataType:6    [:][false:true]
D/uinet1  (12155): ANT  rssi:2   simStat:READY, null   svcStat:0    dataType:6    [:][false:true]
D/uinet1  (12155): ANT  rssi:2   simStat:READY, null   svcStat:0    dataType:6    [:][false:true]
D/uinet1  (12155): ANT  rssi:2   simStat:READY, null   svcStat:0    dataType:6    [:][false:true]
W/ActivityManager(  438): Scheduling restart of crashed service com.google.android.gms/com.google.android.location.internal.server.GoogleLocationService in 122306ms
D/uinet1  (12155): ANT  rssi:2   simStat:READY, null   svcStat:0    dataType:6    [:][false:true]
D/uinet1  (12155): ANT  rssi:2   simStat:READY, null   svcStat:0    dataType:6    [:][false:true]
D/uinet1  (12155): ANT  rssi:2   simStat:READY, null   svcStat:0    dataType:6    [:][false:true]
W/ActivityManager(  438): Scheduling restart of crashed service com.instagram.android/com.facebook.rti.push.service.FbnsService in 119999ms
D/uinet1  (12155): ANT  rssi:2   simStat:READY, null   svcStat:0    dataType:6    [:][false:true]
W/ActivityManager(  438): Scheduling restart of crashed service com.lge.mlt/.MltMonitorService in 119996ms
D/uinet1  (12155): ANT  rssi:2   simStat:READY, null   svcStat:0    dataType:6    [:][false:true]
D/uinet1  (12155): ANT  rssi:2   simStat:READY, null   svcStat:0    dataType:6    [:][false:true]
W/ActivityManager(  438): Scheduling restart of crashed service com.facebook.katana/com.facebook.push.mqtt.service.MqttPushService in 5000ms
W/ActivityManager(  438): Scheduling restart of crashed service com.facebook.katana/com.facebook.push.mqtt.service.MqttPushService in 114994ms
D/uinet1  (12155): ANT  rssi:2   simStat:READY, null   svcStat:0    dataType:6    [:][false:true]
D/uinet1  (12155): ANT  rssi:2   simStat:READY, null   svcStat:0    dataType:6    [:][false:true]
D/uinet1  (12155): ANT  rssi:2   simStat:READY, null   svcStat:0    dataType:6    [:][false:true]
D/uinet1  (12155): ANT  rssi:2   simStat:READY, null   svcStat:0    dataType:6    [:][false:true]
D/uinet1  (12155): ANT  rssi:2   simStat:READY, null   svcStat:0    dataType:6    [:][false:true]
D/uinet1  (12155): ANT  rssi:2   simStat:READY, null   svcStat:0    dataType:6    [:][false:true]
D/uinet1  (12155): ANT  rssi:2   simStat:READY, null   svcStat:0    dataType:6    [:][false:true]
I/ActivityManager(  438): START {act=android.intent.action.MAIN cat=[android.intent.category.HOME] flg=0x10200000 cmp=com.lge.launcher2/.Launcher u=0} from pid 438
I/ActivityManager(  438): START {act=android.intent.action.MAIN cat=[android.intent.category.HOME] flg=0x10200000 cmp=com.lge.launcher2/.Launcher u=0} from pid 438
I/ActivityManager(  438): Start proc com.google.android.music:main for service com.google.android.music/.wear.WearDataTransferConnectionService: pid=6684 uid=10048 gids={3003, 1015, 1028}
V/ActivityThread( 6684): Class path: /data/app/com.google.android.music-1.apk, JNI path: /data/data/com.google.android.music/lib
V/ActivityThread( 6684): Class path: /system/framework/com.android.location.provider.jar:/data/app/com.google.android.gms-2.apk, JNI path: /data/data/com.google.android.gms/lib
I/ActivityManager(  438): Start proc com.google.android.gms.wearable for service com.google.android.gms/.wearable.service.WearableService: pid=6713 uid=10013 gids={3003, 1015, 1028, 1007, 1006, 3002, 3001, 2001, 3006}
V/ActivityThread( 6713): Class path: /system/framework/com.android.location.provider.jar:/data/app/com.google.android.gms-2.apk, JNI path: /data/data/com.google.android.gms/lib
I/ActivityManager(  438): Killing 6249:com.ionicframework.uchicagodiningapp667037/u0a76: remove task
I/ActivityManager(  438): Start proc com.google.android.gms.persistent for broadcast com.google.android.gms/.fitness.service.FitnessInitReceiver: pid=6733 uid=10013 gids={3003, 1015, 1028, 1007, 1006, 3002, 3001, 2001, 3006}
I/WindowState(  438): WIN DEATH: Window{42f37c48 com.ionicframework.uchicagodiningapp667037/com.ionicframework.uchicagodiningapp667037.MainActivity paused=true}
D/uinet1  (12155): ANT  rssi:2   simStat:READY, null   svcStat:0    dataType:6    [:][false:true]
V/ActivityThread( 6733): Class path: /system/framework/com.android.location.provider.jar:/data/app/com.google.android.gms-2.apk, JNI path: /data/data/com.google.android.gms/lib
W/InputMethodManagerService(  438): Window already focused, ignoring focus gain of: com.android.internal.view.IInputMethodClient$Stub$Proxy@42e28198 attribute=null, token = android.os.BinderProxy@42471cd8
I/ActivityManager(  438): START {act=android.intent.action.MAIN cat=[android.intent.category.LAUNCHER] flg=0x10200000 cmp=com.ionicframework.uchicagodiningapp667037/.MainActivity u=0} from pid 32349
I/ActivityManager(  438): Start proc com.ionicframework.uchicagodiningapp667037 for activity com.ionicframework.uchicagodiningapp667037/.MainActivity: pid=6763 uid=10076 gids={3003, 1028}
V/ActivityThread( 6763): Class path: /data/app/com.ionicframework.uchicagodiningapp667037-1.apk, JNI path: /data/data/com.ionicframework.uchicagodiningapp667037/lib
D/        ( 6763): external/chromium/net/http/http_getzip_factory.cc: libgetzip.so successfully loaded
D/        ( 6763): external/chromium/net/http/http_getzip_factory.cc,: GETzip initializing method was found in libgetzip.so
D/        ( 6763): netstack: Getzip is: ON, Version: 5.0.1
D/uinet1  (12155): ANT  rssi:2   simStat:READY, null   svcStat:0    dataType:6    [:][false:true]
W/ActivityManager(  438): Activity destroy timeout for ActivityRecord{42c3ea28 com.ionicframework.uchicagodiningapp667037/.MainActivity}
D/NotificationService(  438): updateLightListLocked :r=null, action=1
D/NotificationService(  438): updateLightsLocked : call restart
D/PhoneStatusBar(12155): disable()  mDisabled: 0x00080000
D/PhoneStatusBar(12155): disable: < expand icons alerts TICKER* system_info back home recent clock >
D/uinet1  (12155): ANT  rssi:2   simStat:READY, null   svcStat:0    dataType:6    [:][false:true]
D/NotificationService(  438): updateLightListLocked :r=null, action=1
D/NotificationService(  438): updateLightsLocked : call restart
W/InputMethodManagerService(  438): Window already focused, ignoring focus gain of: com.android.internal.view.IInputMethodClient$Stub$Proxy@42c18058 attribute=null, token = android.os.BinderProxy@424de0a8
D/PhoneStatusBar(12155): carrier label : single : 399
D/PhoneStatusBar(12155): disable()  mDisabled: 0x00000000
D/PhoneStatusBar(12155): disable: < expand icons alerts ticker* system_info back home recent clock >
D/uinet1  (12155): ANT  rssi:2   simStat:READY, null   svcStat:0    dataType:6    [:][false:true]
V/LocationManagerService(  438): In requestLocationUpdates. provider passiveminTime: 0single shot: false Listener: android.location.ILocationListener$Stub$Proxy@42d66d90
I/LocationManagerService(  438): request passive (pid 6733) 0 0
V/LocationManagerService(  438): _requestLocationUpdates: provider = passive listener = Receiver{42f54b60 Listener android.os.BinderProxy@42c25138}mUpdateRecords: {passive=UpdateRecord{42e2a2f8 mProvider: passive mUid: 10013}}
V/LocationManagerService(  438): In requestLocationUpdates. provider passiveminTime: 0single shot: false Listener: android.location.ILocationListener$Stub$Proxy@42c1f7d8
I/LocationManagerService(  438): request passive (pid 6733) 0 0
V/LocationManagerService(  438): _requestLocationUpdates: provider = passive listener = Receiver{42dac940 Listener android.os.BinderProxy@429d0c08}mUpdateRecords: {passive=UpdateRecord{42a0ead8 mProvider: passive mUid: 10013}}
I/ActivityManager(  438): Start proc com.google.android.keep for broadcast com.google.android.keep/.notification.AlertReceiver: pid=6826 uid=10074 gids={3003, 1015, 1028}
V/ActivityThread( 6826): Class path: /data/app/com.google.android.keep-1.apk, JNI path: /data/data/com.google.android.keep/lib
D/uinet1  (12155): ANT  rssi:2   simStat:READY, null   svcStat:0    dataType:6    [:][false:true]
D/uinet1  (12155): ANT  rssi:2   simStat:READY, null   svcStat:0    dataType:6    [:][false:true]
W/ActivityManager(  438): Scheduling restart of crashed service com.facebook.orca/com.facebook.push.mqtt.service.MqttPushService in 5000ms
D/uinet1  (12155): ANT  rssi:3   simStat:READY, null   svcStat:0    dataType:6    [:][false:true]
D/uinet1  (12155): ANT  rssi:3   simStat:READY, null   svcStat:0    dataType:6    [:][false:true]
I/ActivityManager(  438): START {act=android.intent.action.MAIN cat=[android.intent.category.HOME] flg=0x10200000 cmp=com.lge.launcher2/.Launcher u=0} from pid 438
D/uinet1  (12155): ANT  rssi:3   simStat:READY, null   svcStat:0    dataType:6    [:][false:true]
I/ActivityManager(  438): Killing 6763:com.ionicframework.uchicagodiningapp667037/u0a76: remove task
W/InputMethodManagerService(  438): Window already focused, ignoring focus gain of: com.android.internal.view.IInputMethodClient$Stub$Proxy@42833288 attribute=null, token = android.os.BinderProxy@42471cd8
I/WindowState(  438): WIN DEATH: Window{42afb6b0 com.ionicframework.uchicagodiningapp667037/com.ionicframework.uchicagodiningapp667037.MainActivity paused=true}
W/ActivityManager(  438): Scheduling restart of crashed service com.facebook.orca/com.facebook.push.mqtt.service.MqttPushService in 5000ms
D/uinet1  (12155): ANT  rssi:3   simStat:READY, null   svcStat:0    dataType:6    [:][false:true]
D/uinet1  (12155): ANT  rssi:3   simStat:READY, null   svcStat:0    dataType:6    [:][false:true]
W/ActivityManager(  438): Scheduling restart of crashed service com.facebook.orca/com.facebook.push.mqtt.service.MqttPushService in 5000ms
W/ActivityManager(  438): Activity destroy timeout for ActivityRecord{42d73190 com.ionicframework.uchicagodiningapp667037/.MainActivity}
W/ActivityManager(  438): Scheduling restart of crashed service com.facebook.orca/com.facebook.push.mqtt.service.MqttPushService in 5000ms
D/uinet1  (12155): ANT  rssi:3   simStat:READY, null   svcStat:0    dataType:6    [:][false:true]
W/ActivityManager(  438): Scheduling restart of crashed service com.facebook.orca/com.facebook.push.mqtt.service.MqttPushService in 5000ms
D/uinet1  (12155): ANT  rssi:3   simStat:READY, null   svcStat:0    dataType:6    [:][false:true]
I/ActivityManager(  438): Start proc com.google.android.partnersetup for content provider com.google.android.partnersetup/.RlzAppProvider: pid=6869 uid=10024 gids={3003, 1028}
V/ActivityThread( 6869): Class path: /system/app/GooglePartnerSetup.apk, JNI path: /data/data/com.google.android.partnersetup/lib
D/uinet1  (12155): ANT  rssi:3   simStat:READY, null   svcStat:0    dataType:6    [:][false:true]
W/ActivityManager(  438): Scheduling restart of crashed service com.facebook.orca/com.facebook.push.mqtt.service.MqttPushService in 5000ms
D/uinet1  (12155): ANT  rssi:3   simStat:READY, null   svcStat:0    dataType:6    [:][false:true]
W/ActivityManager(  438): Scheduling restart of crashed service com.facebook.orca/com.facebook.push.mqtt.service.MqttPushService in 5000ms
W/ActivityManager(  438): Scheduling restart of crashed service com.facebook.orca/com.facebook.push.mqtt.service.MqttPushService in 44981ms
D/uinet1  (12155): ANT  rssi:3   simStat:READY, null   svcStat:0    dataType:6    [:][false:true]
D/uinet1  (12155): ANT  rssi:3   simStat:READY, null   svcStat:0    dataType:6    [:][false:true]
I/Atd     ( 5836):  ustate is ATD_USBSTATE_PLUG
I/Atd     ( 5836): init_port() finish
I/Atd     ( 5836): init_threads() finish
E/SocketListener( 5836): Unable to listen on socket (Socket operation on non-socket)
I/Atd     ( 5836): FrameworkListener not ready (Socket operation on non-socket) => restart Atd for delay (Normal case)
D/PhoneStatusBar(12155): addNotification score=-10
D/NotificationService(  438): updateLightListLocked :r=null, action=2
I/Atd     ( 6893):  ==== Atd Daemon start ====
I/Atd     ( 6893): parse_args: smd: /dev/smd7, ext: /dev/atcmd-tty0
I/Atd     ( 6893): init_port() finish
I/Atd     ( 6893): init_threads() finish
I/Atd     ( 6893): init_socket() finish
I/Atd     ( 6893): start Framework Service
I/Atd     ( 6893): rx start..
I/ActivityManager(  438): Start proc com.android.settings for broadcast com.android.settings/.deviceinfo.UsbSettingsReceiver: pid=6894 uid=1000 gids={3003, 3002, 3001, 1015, 4002, 1028, 1007, 1006, 1023, 1004, 2002, 1009, 5000, 3007}
D/PhoneStatusBar(12155): addNotification score=-10
V/ActivityThread( 6894): Class path: /system/framework/com.lge.systemservice.core.jar:/system/framework/com.lge.mdm.jar:/system/framework/qcrilhook.jar:/system/framework/lgsvcitems.jar:/system/app/LGSettings3_2.apk, JNI path: /data/data/com.android.settings/lib
E/Atd     ( 6893): Error in void* ioctl_fn(void*) 
D/NotificationService(  438): updateLightListLocked :r=null, action=2
D/NotificationService(  438): updateLightListLocked :r=null, action=2
W/PowerUI (12155): unknown intent: Intent { act=android.intent.action.ACTION_POWER_CONNECTED flg=0x8000010 }
D/PhoneStatusBar(12155): addNotification score=0
I/ActivityManager(  438): Start proc android.process.media for broadcast com.android.providers.media/.UsbReceiver: pid=6930 uid=10017 gids={1015, 1023, 1024, 1028, 2001, 3003, 3007, 4002}
V/ActivityThread( 6930): Class path: /system/framework/com.lge.lgdrm.jar:/system/app/MediaProvider.apk, JNI path: /data/data/com.android.providers.media/lib
V/ActivityThread( 6930): Class path: /system/framework/com.lge.lgdrm.jar:/system/app/LGDownloadProvider_JB.apk, JNI path: /data/data/com.android.providers.downloads/lib
V/ActivityThread( 6930): Class path: /system/app/DrmProvider.apk, JNI path: /data/data/com.android.providers.drm/lib
I/ActivityManager(  438): START {act=android.intent.action.MAIN flg=0x10808000 cmp=com.android.settings/.UsbSettings (has extras) u=0} from pid 6894
I/ActivityManager(  438): Start proc com.google.android.apps.uploader for broadcast com.google.android.apps.uploader/com.google.android.picasasync.BatteryReceiver: pid=6947 uid=10046 gids={3003, 1015, 1028}
V/ActivityThread( 6947): Class path: /system/app/MediaUploader.apk, JNI path: /data/data/com.google.android.apps.uploader/lib
I/ActivityManager(  438): Start proc com.android.chrome for broadcast com.android.chrome/org.chromium.chrome.browser.precache.PrecacheServiceLauncher: pid=6965 uid=10014 gids={1006, 3003, 1015, 1028}
E/ActivityThread( 6894): Failed to find provider info for com.lge.ims.provisioning
V/ActivityThread( 6965): Class path: /data/app/com.android.chrome-1.apk, JNI path: /data/data/com.android.chrome/lib
I/ActivityManager(  438): Start proc com.google.android.apps.plus for broadcast com.google.android.apps.plus/.service.PhotosAppTransitionMonitor: pid=6981 uid=10054 gids={3003, 3002, 1015, 1006, 1028}
V/ActivityThread( 6981): Class path: /system/framework/com.google.android.maps.jar:/data/app/com.google.android.apps.plus-2.apk, JNI path: /data/data/com.google.android.apps.plus/lib
D/uinet1  (12155): ANT  rssi:3   simStat:READY, null   svcStat:0    dataType:6    [:][false:true]
I/ActivityManager(  438): Start proc com.facebook.katana for broadcast com.facebook.katana/com.facebook.vault.service.VaultPowerConnectionReceiver: pid=7005 uid=10073 gids={1006, 1015, 1028, 3003}
V/ActivityThread( 7005): Class path: /system/framework/com.google.android.maps.jar:/mnt/asec/com.facebook.katana-2/pkg.apk, JNI path: /mnt/asec/com.facebook.katana-2/lib
I/ActivityManager(  438): Process com.google.android.tts (pid 6275) has died.
W/ActivityManager(  438): Scheduling restart of crashed service com.instagram.android/com.facebook.rti.push.service.FbnsService in 39998ms
I/ActivityManager(  438): Process com.google.android.gms.wearable (pid 6713) has died.
I/ActivityManager(  438): Start proc com.lge.android.atservice for broadcast com.lge.android.atservice/.LGATCMDInitReceiver: pid=7038 uid=1000 gids={3003, 3002, 3001, 1015, 4002, 1028, 1007, 1006, 1023, 1004, 2002, 1009, 5000, 3007}
V/ActivityThread( 7038): Class path: /system/framework/com.lge.systemservice.core.jar:/system/app/LGATCMDService.apk, JNI path: /data/data/com.lge.android.atservice/lib
I/Atd     ( 6893): Command[0] = atcommand
I/Atd     ( 6893): Command[1] = initialize
I/Atd     ( 6893): Command[0] = atcommand
I/Atd     ( 6893): Command[1] = issue
W/ActivityManager(  438): Scheduling restart of crashed service com.lge.mlt/.MltMonitorService in 40000ms
W/BroadcastQueue(  438): Permission Denial: broadcasting Intent { act=android.net.conn.INET_CONDITION_ACTION flg=0x8000010 (has extras) } from null (pid=-1, uid=-1) requires com.facebook.permission.prod.FB_APP_COMMUNICATION due to registered receiver BroadcastFilter{42ae6058 ReceiverList{42ae9d00 7005 com.facebook.katana/10073 remote:42a49890}}
W/BroadcastQueue(  438): Permission Denial: broadcasting Intent { act=android.net.conn.CONNECTIVITY_CHANGE flg=0x8000010 (has extras) } from null (pid=-1, uid=-1) requires com.facebook.permission.prod.FB_APP_COMMUNICATION due to registered receiver BroadcastFilter{42ae6058 ReceiverList{42ae9d00 7005 com.facebook.katana/10073 remote:42a49890}}
I/ActivityManager(  438): Process com.google.android.googlequicksearchbox:search (pid 6656) has died.
W/BroadcastQueue(  438): Permission Denial: broadcasting Intent { act=android.net.conn.CONNECTIVITY_CHANGE flg=0x8000010 (has extras) } from null (pid=-1, uid=-1) requires com.facebook.permission.prod.FB_APP_COMMUNICATION due to registered receiver BroadcastFilter{42948aa8 ReceiverList{42949838 7005 com.facebook.katana/10073 remote:422cfe10}}
I/ActivityManager(  438): Process com.google.android.keep (pid 6826) has died.
W/SocketClient(  144): write error (Broken pipe)
D/uinet1  (12155): ANT  rssi:3   simStat:READY, null   svcStat:0    dataType:6    [:][false:true]
D/uinet1  (12155): ANT  rssi:3   simStat:READY, null   svcStat:0    dataType:6    [:][false:true]
W/ActivityManager(  438): Scheduling restart of crashed service com.facebook.orca/com.facebook.push.mqtt.service.MqttPushService in 29999ms
D/uinet1  (12155): ANT  rssi:3   simStat:READY, null   svcStat:0    dataType:6    [:][false:true]
D/uinet1  (12155): ANT  rssi:2   simStat:READY, null   svcStat:0    dataType:6    [:][false:true]
W/ThrottleService(  438): unable to find stats for iface rmnet0
D/uinet1  (12155): ANT  rssi:2   simStat:READY, null   svcStat:0    dataType:6    [:][false:true]
D/uinet1  (12155): ANT  rssi:2   simStat:READY, null   svcStat:0    dataType:6    [:][false:true]
W/ActivityManager(  438): Scheduling restart of crashed service com.instagram.android/com.facebook.rti.push.service.FbnsService in 30001ms
D/uinet1  (12155): ANT  rssi:2   simStat:READY, null   svcStat:0    dataType:6    [:][false:true]
W/ActivityManager(  438): Scheduling restart of crashed service com.lge.mlt/.MltMonitorService in 30000ms
W/ActivityManager(  438): Scheduling restart of crashed service com.facebook.orca/com.facebook.push.mqtt.service.MqttPushService in 30000ms
D/uinet1  (12155): ANT  rssi:2   simStat:READY, null   svcStat:0    dataType:6    [:][false:true]
D/uinet1  (12155): ANT  rssi:2   simStat:READY, null   svcStat:0    dataType:6    [:][false:true]
W/ActivityManager(  438): Scheduling restart of crashed service com.instagram.android/com.facebook.rti.push.service.FbnsService in 30001ms
D/uinet1  (12155): ANT  rssi:2   simStat:READY, null   svcStat:0    dataType:6    [:][false:true]
I/ActivityManager(  438): Start proc com.instagram.android for broadcast com.instagram.android/com.instagram.common.analytics.AnalyticsUploadAlarmReceiver: pid=7106 uid=10082 gids={3003, 1015, 1006, 1028}
V/ActivityThread( 7106): Class path: /system/framework/com.google.android.maps.jar:/mnt/asec/com.instagram.android-2/pkg.apk, JNI path: /mnt/asec/com.instagram.android-2/lib
I/ActivityManager(  438): Process com.google.android.apps.uploader (pid 6947) has died.
I/ActivityManager(  438): Start proc com.instagram.android:mqtt for service com.instagram.android/com.facebook.rti.push.service.FbnsService: pid=7135 uid=10082 gids={3003, 1015, 1006, 1028}
V/ActivityThread( 7135): Class path: /system/framework/com.google.android.maps.jar:/mnt/asec/com.instagram.android-2/pkg.apk, JNI path: /mnt/asec/com.instagram.android-2/lib
I/ActivityManager(  438): Process com.google.android.partnersetup (pid 6869) has died.
D/uinet1  (12155): ANT  rssi:2   simStat:READY, null   svcStat:0    dataType:6    [:][false:true]
I/ActivityManager(  438): Process com.google.android.apps.plus (pid 6981) has died.
W/ActivityManager(  438): Scheduling restart of crashed service com.lge.mlt/.MltMonitorService in 19999ms
W/SocketClient(  144): write error (Broken pipe)
I/ActivityManager(  438): START {act=android.intent.action.MAIN cat=[android.intent.category.HOME] flg=0x10200000 cmp=com.lge.launcher2/.Launcher u=0} from pid 438
W/ActivityManager(  438): Scheduling restart of crashed service com.facebook.orca/com.facebook.push.mqtt.service.MqttPushService in 20001ms
I/ActivityManager(  438): Process com.instagram.android (pid 7106) has died.
I/ActivityManager(  438): Start proc com.android.defcontainer for service com.android.defcontainer/.DefaultContainerService: pid=7181 uid=10015 gids={1015, 2001, 1028}
V/ActivityThread( 7181): Class path: /system/app/DefaultContainerService.apk, JNI path: /data/data/com.android.defcontainer/lib
I/ActivityManager(  438): Process com.android.chrome (pid 6965) has died.
W/InputMethodManagerService(  438): Window already focused, ignoring focus gain of: com.android.internal.view.IInputMethodClient$Stub$Proxy@42835d38 attribute=null, token = android.os.BinderProxy@42471cd8
W/ActivityManager(  438): Scheduling restart of crashed service com.lge.mlt/.MltMonitorService in 19997ms
W/InputMethodManagerService(  438): Window already focused, ignoring focus gain of: com.android.internal.view.IInputMethodClient$Stub$Proxy@42cf5010 attribute=null, token = android.os.BinderProxy@42471cd8
I/ActivityManager(  438): Force stopping package com.ionicframework.uchicagodiningapp667037 uid=10076
I/ActivityManager(  438): Force stopping package com.ionicframework.uchicagodiningapp667037 uid=10076
V/NetworkPolicy(  438): ACTION_UID_REMOVED for uid=10076
W/ActivityManager(  438): com.android.contacts has got started in performance mode.
D/PowerManagerService(  438): perflockBoostOnLocked_Test= performance mode success
I/ActivityManager(  438): Start proc com.android.contacts for broadcast com.android.contacts/.quickcontact.PackageIntentReceiver: pid=7201 uid=10004 gids={3003, 1015, 1023, 4002, 1028}
V/ActivityThread( 7201): Class path: /system/framework/qcrilhook.jar:/system/framework/lgsvcitems.jar:/system/framework/lghiddenlibs.jar:/system/framework/com.lge.systemservice.core.jar:/system/app/Contactsbin.apk, JNI path: /data/data/com.android.contacts/lib
W/InputMethodManagerService(  438): Found no subtypes in a system IME: com.lge.ime
I/ActivityManager(  438): Start proc com.lge.dmf.admin for broadcast com.lge.dmf.admin/.receivers.PackageEventReceiver: pid=7215 uid=10016 gids={1028}
V/ActivityThread( 7215): Class path: /system/app/DmfAdmin.apk, JNI path: /data/data/com.lge.dmf.admin/lib
I/ActivityManager(  438): Start proc com.lge.lockscreensettings for content provider com.lge.lockscreensettings/.LockSettingsProvider: pid=7229 uid=10044 gids={1028}
W/ActivityManager(  438): com.android.gallery3d has got started in performance mode.
D/PowerManagerService(  438): No need to change to performance mode
I/ActivityManager(  438): Start proc com.android.gallery3d for broadcast com.android.gallery3d/.app.PackagesMonitor: pid=7242 uid=10020 gids={3003, 1015, 4002, 1028}
V/ActivityThread( 7229): Class path: /system/app/LockScreenSettings.apk, JNI path: /data/data/com.lge.lockscreensettings/lib
V/ActivityThread( 7242): Class path: /system/framework/com.google.android.media.effects.jar:/system/framework/com.lge.lgdrm.jar:/system/framework/com.google.android.maps.jar:/system/app/Gallerybin.apk, JNI path: /data/data/com.android.gallery3d/lib
I/ActivityManager(  438): Process com.facebook.katana (pid 7005) has died.
W/ActivityManager(  438): Scheduling restart of crashed service com.facebook.katana/com.facebook.push.mqtt.service.MqttPushService in 21474ms
V/NetworkPolicy(  438): writePolicyLocked()
V/NetworkPolicy(  438): updateDefaultdDatanetworkSIM - DataActivedSimSub=0
V/NetworkPolicy(  438): ensureActiveMobilePolicyLocked()
V/NetworkPolicy(  438): updateNetworkEnabledLocked()
V/NetworkPolicy(  438): updateNotificationsLocked()
D/uinet1  (12155): ANT  rssi:2   simStat:READY, null   svcStat:0    dataType:6    [:][false:true]
D/BackupManagerService(  438): Received broadcast Intent { act=android.intent.action.PACKAGE_REMOVED dat=package:com.ionicframework.uchicagodiningapp667037 flg=0x8000010 (has extras) }
V/BackupManagerService(  438): removePackageParticipantsLocked: uid=10076 #1
I/ActivityManager(  438): Start proc com.facebook.orca for service com.facebook.orca/com.facebook.push.mqtt.service.MqttPushService: pid=7256 uid=10077 gids={3003, 1015, 1006, 1028}
I/ActivityManager(  438): Start proc com.android.keychain for broadcast com.android.keychain/.KeyChainBroadcastReceiver: pid=7269 uid=1000 gids={3003, 3002, 3001, 1015, 4002, 1028, 1007, 1006, 1023, 1004, 2002, 1009, 5000, 3007}
V/ActivityThread( 7269): Class path: /system/app/KeyChain.apk, JNI path: /data/data/com.android.keychain/lib
I/ActivityManager(  438): Start proc com.lge.email for broadcast com.lge.email/.service.PackageChangeReceiver: pid=7281 uid=10032 gids={3003, 1015, 4002, 1023, 3002, 3001, 1028}
V/ActivityThread( 7281): Class path: /system/framework/com.google.android.maps.jar:/system/framework/com.lge.lgdrm.jar:/system/framework/qcrilhook.jar:/system/framework/lgsvcitems.jar:/system/framework/com.lge.mdm.jar:/system/framework/com.lge.systemservice.core.jar:/system/app/LGEmailbin.apk, JNI path: /data/data/com.lge.email/lib
V/ActivityThread( 7256): Class path: /system/framework/com.google.android.maps.jar:/mnt/asec/com.facebook.orca-2/pkg.apk, JNI path: /mnt/asec/com.facebook.orca-2/lib
D/uinet1  (12155): ANT  rssi:2   simStat:READY, null   svcStat:0    dataType:6    [:][false:true]
I/ActivityManager(  438): Start proc com.android.voicedialer for broadcast com.android.voicedialer/.VoiceDialerReceiver: pid=7298 uid=10063 gids={3002, 1028}
V/ActivityThread( 7298): Class path: /system/app/VoiceDialer_JB.apk, JNI path: /data/data/com.android.voicedialer/lib
I/ActivityManager(  438): Start proc com.google.android.talk for broadcast com.google.android.talk/com.google.android.apps.hangouts.phone.PackageReplacedReceiver: pid=7310 uid=10027 gids={3003, 1015, 1006, 3002, 1028}
V/ActivityThread( 7310): Class path: /system/framework/com.google.android.media.effects.jar:/data/app/com.google.android.talk-2.apk, JNI path: /data/data/com.google.android.talk/lib
I/ActivityManager(  438): Process com.android.keychain (pid 7269) has died.
D/PowerManagerService(  438): perflockBoostOnLocked_Test= ondemand mode success
I/ActivityManager(  438): Process com.lge.email (pid 7281) has died.
I/ActivityManager(  438): Start proc com.android.vending for broadcast com.android.vending/com.google.android.finsky.receivers.PackageMonitorReceiver$RegisteredReceiver: pid=7336 uid=10053 gids={3003, 1015, 1028}
I/ActivityManager(  438): Process com.android.gallery3d (pid 7242) has died.
V/ActivityThread( 7336): Class path: /data/app/com.android.vending-2.apk, JNI path: /data/data/com.android.vending/lib
I/ActivityManager(  438): Process com.lge.dmf.admin (pid 7215) has died.
I/ActivityManager(  438): Process com.android.voicedialer (pid 7298) has died.
I/ActivityManager(  438): Process com.google.android.talk (pid 7310) has died.
W/ActivityManager(  438): Scheduling restart of crashed service com.lge.mlt/.MltMonitorService in 19998ms
I/ActivityManager(  438): Start proc com.google.android.gsf.login for service com.google.android.gsf.login/com.google.android.gsf.loginservice.GoogleLoginService: pid=7379 uid=10013 gids={3003, 1015, 1028, 1007, 1006, 3002, 3001, 2001, 3006}
V/ActivityThread( 7379): Class path: /system/app/GoogleLoginService.apk, JNI path: /data/data/com.google.android.gsf.login/lib
D/uinet1  (12155): ANT  rssi:2   simStat:READY, null   svcStat:0    dataType:6    [:][false:true]
I/ActivityManager(  438): Start proc com.google.android.apps.plus for broadcast com.google.android.apps.plus/.service.PackagesMediaMonitor: pid=7391 uid=10054 gids={3003, 3002, 1015, 1006, 1028}
V/LocationManagerService(  438): getAllProviders
V/ActivityThread( 7391): Class path: /system/framework/com.google.android.maps.jar:/data/app/com.google.android.apps.plus-2.apk, JNI path: /data/data/com.google.android.apps.plus/lib
I/ActivityManager(  438): Process com.lge.lockscreensettings (pid 7229) has died.
I/ActivityManager(  438): Process com.android.vending (pid 7336) has died.
I/ActivityManager(  438): Process com.google.android.gsf.login (pid 7379) has died.
I/ActivityManager(  438): Start proc com.google.android.googlequicksearchbox:search for broadcast com.google.android.googlequicksearchbox/com.google.android.search.core.icingsync.IcingCorporaChangedReceiver: pid=7417 uid=10060 gids={3003, 1028, 3002, 1015}
I/ActivityManager(  438): Process com.android.defcontainer (pid 7181) has died.
V/ActivityThread( 7417): Class path: /data/app/com.google.android.googlequicksearchbox-2.apk, JNI path: /data/data/com.google.android.googlequicksearchbox/lib
I/ActivityManager(  438): Process com.facebook.orca (pid 7256) has died.
W/ActivityManager(  438): Scheduling restart of crashed service com.facebook.orca/com.facebook.push.mqtt.service.MqttPushService in 80004ms
V/LocationManagerService(  438): getProviders
I/ActivityManager(  438): Start proc com.google.android.partnersetup for content provider com.google.android.partnersetup/.RlzAppProvider: pid=7435 uid=10024 gids={3003, 1028}
I/ActivityManager(  438): Start proc com.lge.appbox.client for broadcast com.lge.appbox.client/com.lge.appbox.PreloadListManagerHelper: pid=7448 uid=10003 gids={3003, 1015, 2001, 1028}
V/ActivityThread( 7435): Class path: /system/app/GooglePartnerSetup.apk, JNI path: /data/data/com.google.android.partnersetup/lib
V/ActivityThread( 7448): Class path: /data/app/com.lge.appbox.client-1.apk, JNI path: /data/data/com.lge.appbox.client/lib
W/PackageParser( 7448): No actions in intent filter at /system/apps/bootup/FileManagerbin.apk Binary XML file line #75
I/ActivityManager(  438): Start proc com.pushbullet.android for broadcast com.pushbullet.android/.etc.PackagesChangedReceiver: pid=7469 uid=10085 gids={1028, 1015, 3003}
V/ActivityThread( 7469): Class path: /data/app/com.pushbullet.android-2.apk, JNI path: /data/data/com.pushbullet.android/lib
I/ActivityManager(  438): Process com.google.android.apps.plus (pid 7391) has died.
W/SocketClient(  144): write error (Broken pipe)
I/ClipboardService(  438): Got clipboard for user=0
I/ClipboardService(  438): Got clipboard for user=0
I/ActivityManager(  438): Start proc com.lge.lockscreensettings for broadcast com.lge.lockscreensettings/.PackageIntentReceiver: pid=7502 uid=10044 gids={1028}
V/ActivityThread( 7502): Class path: /system/app/LockScreenSettings.apk, JNI path: /data/data/com.lge.lockscreensettings/lib
D/uinet1  (12155): ANT  rssi:2   simStat:READY, null   svcStat:0    dataType:6    [:][false:true]
I/ActivityManager(  438): Start proc com.facebook.orca for broadcast com.facebook.orca/com.facebook.push.crossapp.PackageFullyRemovedBroadcastReceiver: pid=7514 uid=10077 gids={3003, 1015, 1006, 1028}
W/ActivityManager(  438): Scheduling restart of crashed service com.facebook.katana/com.facebook.push.mqtt.service.MqttPushService in 19998ms
I/ActivityManager(  438): Process com.google.android.googlequicksearchbox:search (pid 7417) has died.
V/ActivityThread( 7514): Class path: /system/framework/com.google.android.maps.jar:/mnt/asec/com.facebook.orca-2/pkg.apk, JNI path: /mnt/asec/com.facebook.orca-2/lib
I/ActivityManager(  438): Process com.google.android.partnersetup (pid 7435) has died.
I/ActivityManager(  438): Process com.lge.appbox.client (pid 7448) has died.
I/ActivityManager(  438): Start proc com.google.android.googlequicksearchbox:search for content provider com.google.android.googlequicksearchbox/com.google.android.search.core.icingsync.InternalIcingCorporaProvider: pid=7537 uid=10060 gids={3003, 1028, 3002, 1015}
I/ActivityManager(  438): Process com.pushbullet.android (pid 7469) has died.
V/ActivityThread( 7537): Class path: /data/app/com.google.android.googlequicksearchbox-2.apk, JNI path: /data/data/com.google.android.googlequicksearchbox/lib
I/ActivityManager(  438): Process com.lge.lockscreensettings (pid 7502) has died.
--------- beginning of /dev/log/main
W/dalvikvm( 7537): VFY: unable to resolve static method 2064: Landroid/provider/Settings$Global;.getInt (Landroid/content/ContentResolver;Ljava/lang/String;I)I
W/dalvikvm( 7537): VFY: unable to resolve virtual method 5592: Landroid/view/View;.isInLayout ()Z
I/ActivityThread( 7537): Pub com.google.android.googlequicksearchbox.NetworkImageLoaderContentProvider: com.google.android.search.core.imageloader.NetworkImageLoaderContentProvider
I/ActivityThread( 7537): Pub com.google.android.googlequicksearchbox.AudioProvider: com.google.android.apps.gsa.speech.audio.AudioProvider
I/ActivityThread( 7537): Pub com.google.android.velvet.extradex.ExtraDexHostProvider: com.google.android.velvet.extradex.ExtraDexHostProvider
I/ActivityThread( 7537): Pub com.google.android.velvet.util.statedumpprovider: com.google.android.velvet.util.StateDumpProvider
I/ActivityThread( 7537): Pub com.google.android.projection.CarAudioProvider: com.google.android.projection.CarAudioProvider
I/ActivityManager(  438): Process android.process.media (pid 6930) has died.
W/ActivityManager(  438): Scheduling restart of crashed service com.android.providers.media/.MtpService in 27234ms
W/dalvikvm( 7537): VFY: unable to resolve virtual method 489: Landroid/app/Notification$Builder;.setLocalOnly (Z)Landroid/app/Notification$Builder;
W/dalvikvm( 7537): VFY: unable to resolve instance field 52
E/dalvikvm( 7537): Could not find class 'android.app.AppOpsManager', referenced from method com.google.android.gms.common.e.b
W/dalvikvm( 7537): VFY: unable to resolve check-cast 74 (Landroid/app/AppOpsManager;) in Lcom/google/android/gms/common/e;
W/dalvikvm( 7537): VFY: unable to resolve virtual method 960: Landroid/content/pm/PackageManager;.getPackageInstaller ()Landroid/content/pm/PackageInstaller;
I/ActivityThread( 7514): Pub com.facebook.orca.nodex.startup.warmup: com.facebook.orca.generated_content_providers.com.facebook.nodex.startup.warmup.NodexWarmupContentProvider
I/ActivityThread( 7514): Pub com.facebook.orca.provider.PlatformProvider: com.facebook.orca.provider.PlatformProvider
I/ActivityThread( 7514): Pub com.facebook.orca.experiments: com.facebook.orca.generated_content_providers.com.facebook.abtest.qe.db.QuickExperimentContentProvider
D/dalvikvm( 7514): GC_CONCURRENT freed 225K, 6% free 7940K/8391K, paused 78ms+19ms, total 382ms
I/ActivityThread( 7514): Pub com.facebook.orca.notify.MessengerForegroundProvider: com.facebook.orca.notify.MessengerForegroundProvider
I/ActivityThread( 7514): Pub com.facebook.orca.properties: com.facebook.messenger.providers.DbPropertiesContentProvider
I/ActivityThread( 7514): Pub com.facebook.orca.contacts: com.facebook.orca.generated_content_providers.com.facebook.contacts.data.FbContactsContentProvider
I/ActivityThread( 7514): Pub com.facebook.orca.provider.MessengerPlatformProvider: com.facebook.messaging.platform.MessengerPlatformProvider
I/ActivityThread( 7514): Pub com.facebook.orca.messages: com.facebook.messenger.providers.MessagesDbContentProvider
I/ActivityThread( 7514): Pub com.facebook.orca.notify.MessengerLoggedInUserProvider: com.facebook.orca.notify.MessengerLoggedInUserProvider
I/ActivityThread( 7514): Pub com.facebook.orca.prefs: com.facebook.prefs.shared.FbSharedPreferencesContentProvider
W/bs      ( 7514): Verify
W/SignalStrength(  647): Size of signalstrength parcel:60
W/SignalStrength(  647): Signal before validate=SignalStrength: 99 0 97 70 94 25 5 99 2147483647 2147483647 2147483647 2147483647 gsm|lte
W/SignalStrength(  647): Signal after validate=SignalStrength: 99 0 -97 -70 -94 -25 5 99 2147483647 2147483647 2147483647 2147483647 gsm|lte
I/ConfigService(20499): onDestroy
D/dalvikvm( 7514): GC_CONCURRENT freed 282K, 6% free 8216K/8711K, paused 15ms+44ms, total 209ms
I/ActivityManager(  438): Process com.instagram.android:mqtt (pid 7135) has died.
W/ActivityManager(  438): Scheduling restart of crashed service com.instagram.android/com.facebook.rti.push.service.FbnsService in 35464ms
I/BackgroundMemoryTrimmer( 7537): Trimming objects from memory, since app is in the background.
I/BackgroundMemoryTrimmer( 7537): Trimming objects from memory, since app is in the background.
I/ActivityManager(  438): Start proc com.android.vending for service com.android.vending/com.google.android.finsky.services.ContentSyncService: pid=7565 uid=10053 gids={3003, 1015, 1028}
E/Trace   ( 7565): error opening trace file: No such file or directory (2)
I/BackgroundMemoryTrimmer( 7537): Trimming objects from memory, since app is in the background.
V/ActivityThread( 7565): Class path: /data/app/com.android.vending-2.apk, JNI path: /data/data/com.android.vending/lib
D/dalvikvm( 7514): GC_CONCURRENT freed 146K, 4% free 8680K/9031K, paused 29ms+3ms, total 238ms
D/GpsLocationProvider(  438): GPS status listener died
I/ActivityManager(  438): Process com.google.android.gms.persistent (pid 6733) has died.
W/ActivityManager(  438): Scheduling restart of crashed service com.google.android.gms/com.google.android.location.internal.PendingIntentCallbackService in 44194ms
W/ActivityManager(  438): Scheduling restart of crashed service com.google.android.gms/com.google.android.location.internal.server.GoogleLocationService in 54194ms
W/ActivityManager(  438): Scheduling restart of crashed service com.google.android.gms/com.google.android.location.internal.GoogleLocationManagerService in 79801ms
W/ActivityManager(  438): Scheduling restart of crashed service com.google.android.gms/.deviceconnection.service.DeviceConnectionServiceBroker in 89801ms
V/LocationManagerService(  438): Location listener died
V/LocationManagerService(  438): _removeUpdates: listener = Receiver{42dac940 Listener android.os.BinderProxy@429d0c08}mUpdateRecords: {passive=UpdateRecord{42a0ead8 mProvider: passive mUid: 10013}}
V/LocationManagerService(  438): Location listener died
V/LocationManagerService(  438): _removeUpdates: listener = Receiver{42f54b60 Listener android.os.BinderProxy@42c25138}mUpdateRecords: {passive=UpdateRecord{42e2a2f8 mProvider: passive mUid: 10013}}
W/ActivityManager(  438): Scheduling restart of crashed service com.google.android.gms/com.google.android.location.reporting.service.DispatchingService in 99801ms
W/ActivityManager(  438): Scheduling restart of crashed service com.google.android.gms/com.google.android.contextmanager.service.ContextManagerService in 99796ms
D/dalvikvm( 7553): GC_CONCURRENT freed 116K, 79% free 548K/2560K, paused 0ms+0ms, total 9ms
D/dalvikvm( 7565): GC_CONCURRENT freed 165K, 5% free 6536K/6855K, paused 32ms+3ms, total 124ms
D/dalvikvm( 7565): WAIT_FOR_CONCURRENT_GC blocked 63ms
W/SignalStrength(  647): Size of signalstrength parcel:60
W/SignalStrength(  647): Signal before validate=SignalStrength: 99 0 97 70 94 25 5 99 2147483647 2147483647 2147483647 2147483647 gsm|lte
W/SignalStrength(  647): Signal after validate=SignalStrength: 99 0 -97 -70 -94 -25 5 99 2147483647 2147483647 2147483647 2147483647 gsm|lte
I/Icing   (30609): Not enough disk space for indexing trimmable
I/BackgroundMemoryTrimmer( 7537): Trimming objects from memory, since app is in the background.
I/ActivityThread( 7565): Pub com.google.android.finsky.RecentSuggestionsProvider: com.google.android.finsky.providers.RecentSuggestionsProvider
I/BackgroundMemoryTrimmer( 7537): Trimming objects from memory, since app is in the background.
I/Icing   (30609): Indexing done CAC737B28867B26E269E04A505A79ED1C62BFC7C
D/dalvikvm( 7565): GC_CONCURRENT freed 144K, 5% free 6937K/7239K, paused 15ms+25ms, total 145ms
D/dalvikvm( 7565): WAIT_FOR_CONCURRENT_GC blocked 46ms
