E/dalvikvm( 7565): Could not find class 'android.app.AppOpsManager', referenced from method com.google.android.gms.common.GooglePlayServicesUtil.zza
W/dalvikvm( 7565): VFY: unable to resolve check-cast 32 (Landroid/app/AppOpsManager;) in Lcom/google/android/gms/common/GooglePlayServicesUtil;
W/dalvikvm( 7565): VFY: unable to resolve virtual method 576: Landroid/content/pm/PackageManager;.getPackageInstaller ()Landroid/content/pm/PackageInstaller;
D/Finsky  ( 7565): [1] FinskyApp.onCreate: Initializing network with DFE https://android.clients.google.com/fdfe/
W/dalvikvm( 7565): VFY: unable to resolve virtual method 532: Landroid/content/pm/ApplicationInfo;.loadUnbadgedIcon (Landroid/content/pm/PackageManager;)Landroid/graphics/drawable/Drawable;
D/dalvikvm( 7565): GC_CONCURRENT freed 390K, 8% free 7073K/7623K, paused 19ms+3ms, total 243ms
W/dalvikvm( 7565): VFY: unable to resolve static method 1360: Landroid/provider/Settings$Global;.getInt (Landroid/content/ContentResolver;Ljava/lang/String;I)I
D/Finsky  ( 7565): [1] DailyHygiene.goMakeHygieneIfDirty: No need to run daily hygiene.
I/ActivityManager(  438): Start proc com.google.android.gsf.login for service com.google.android.gsf.login/com.google.android.gsf.loginservice.GoogleLoginService: pid=7614 uid=10013 gids={3003, 1015, 1028, 1007, 1006, 3002, 3001, 2001, 3006}
W/dalvikvm( 7565): VFY: unable to resolve static method 1360: Landroid/provider/Settings$Global;.getInt (Landroid/content/ContentResolver;Ljava/lang/String;I)I
W/dalvikvm( 7565): VFY: unable to resolve virtual method 1323: Landroid/os/StatFs;.getAvailableBytes ()J
E/Trace   ( 7614): error opening trace file: No such file or directory (2)
V/ActivityThread( 7614): Class path: /system/app/GoogleLoginService.apk, JNI path: /data/data/com.google.android.gsf.login/lib
W/dalvikvm( 7565): VFY: unable to resolve virtual method 22728: Lcom/google/android/finsky/layout/DocImageView;.setTransitionName (Ljava/lang/String;)V
W/dalvikvm( 7565): VFY: unable to resolve virtual method 22728: Lcom/google/android/finsky/layout/DocImageView;.setTransitionName (Ljava/lang/String;)V
W/dalvikvm( 7565): VFY: unable to resolve virtual method 43129: Lcom/google/android/play/layout/PlayCardViewBase;.setTransitionGroup (Z)V
W/dalvikvm( 7565): VFY: unable to resolve virtual method 9973: Landroid/view/View;.getTransitionName ()Ljava/lang/String;
I/Input   ( 7589): InjectKeyEvent: KeyEvent { action=ACTION_DOWN, keyCode=KEYCODE_MENU, scanCode=0, metaState=0, flags=0x0, repeatCount=0, eventTime=168679664, downTime=168679664, deviceId=-1, source=0x101 }
D/dalvikvm( 7514): GC_CONCURRENT freed 214K, 5% free 9251K/9671K, paused 33ms+75ms, total 349ms
D/WindowManager(  438): interceptKeyTq keycode=82 screenIsOn=true keyguardActive=false
D/WindowManager(  438): interceptKeyTi keyCode=82 down=true repeatCount=0 keyguardOn=false mHomePressed=false canceled=false
W/BroadcastQueue(  438): Failure sending broadcast Intent { act=ALARM_WAKEUP_LOCATOR flg=0x14 (has extras) }
W/BroadcastQueue(  438): android.os.DeadObjectException
W/BroadcastQueue(  438): 	at android.os.BinderProxy.transact(Native Method)
W/BroadcastQueue(  438): 	at android.content.IIntentReceiver$Stub$Proxy.performReceive(IIntentReceiver.java:121)
W/BroadcastQueue(  438): 	at com.android.server.am.BroadcastQueue.performReceiveLocked(BroadcastQueue.java:376)
W/BroadcastQueue(  438): 	at com.android.server.am.BroadcastQueue.deliverToRegisteredReceiverLocked(BroadcastQueue.java:438)
W/BroadcastQueue(  438): 	at com.android.server.am.BroadcastQueue.processNextBroadcast(BroadcastQueue.java:654)
W/BroadcastQueue(  438): 	at com.android.server.am.ActivityManagerService.finishReceiver(ActivityManagerService.java:13892)
W/BroadcastQueue(  438): 	at android.app.ActivityManagerNative.onTransact(ActivityManagerNative.java:352)
W/BroadcastQueue(  438): 	at com.android.server.am.ActivityManagerService.onTransact(ActivityManagerService.java:1742)
W/BroadcastQueue(  438): 	at android.os.Binder.execTransact(Binder.java:370)
W/BroadcastQueue(  438): 	at dalvik.system.NativeStart.run(Native Method)
W/BroadcastQueue(  438): Failure sending broadcast Intent { act=ALARM_WAKEUP_ACTIVITY_DETECTION flg=0x14 (has extras) }
W/BroadcastQueue(  438): android.os.DeadObjectException
W/BroadcastQueue(  438): 	at android.os.BinderProxy.transact(Native Method)
W/BroadcastQueue(  438): 	at android.content.IIntentReceiver$Stub$Proxy.performReceive(IIntentReceiver.java:121)
W/BroadcastQueue(  438): 	at com.android.server.am.BroadcastQueue.performReceiveLocked(BroadcastQueue.java:376)
W/BroadcastQueue(  438): 	at com.android.server.am.BroadcastQueue.deliverToRegisteredReceiverLocked(BroadcastQueue.java:438)
W/BroadcastQueue(  438): 	at com.android.server.am.BroadcastQueue.processNextBroadcast(BroadcastQueue.java:654)
W/BroadcastQueue(  438): 	at com.android.server.am.BroadcastQueue$1.handleMessage(BroadcastQueue.java:132)
W/BroadcastQueue(  438): 	at android.os.Handler.dispatchMessage(Handler.java:99)
W/BroadcastQueue(  438): 	at android.os.Looper.loop(Looper.java:137)
W/BroadcastQueue(  438): 	at com.android.server.am.ActivityManagerService$AThread.run(ActivityManagerService.java:1556)
W/dalvikvm( 7565): VFY: unable to resolve virtual method 608: Landroid/content/res/Configuration;.getLayoutDirection ()I
W/dalvikvm( 7565): VFY: unable to resolve virtual method 561: Landroid/content/pm/PackageManager;.extendVerificationTimeout (IIJ)V
W/SignalStrength(  647): Size of signalstrength parcel:60
W/SignalStrength(  647): Signal before validate=SignalStrength: 99 0 97 70 94 25 5 99 2147483647 2147483647 2147483647 2147483647 gsm|lte
W/SignalStrength(  647): Signal after validate=SignalStrength: 99 0 -97 -70 -94 -25 5 99 2147483647 2147483647 2147483647 2147483647 gsm|lte
I/Input   ( 7589): InjectKeyEvent: KeyEvent { action=ACTION_UP, keyCode=KEYCODE_MENU, scanCode=0, metaState=0, flags=0x0, repeatCount=0, eventTime=168679664, downTime=168679664, deviceId=-1, source=0x101 }
D/WindowManager(  438): interceptKeyTq keycode=82 screenIsOn=true keyguardActive=false
D/WindowManager(  438): interceptKeyTi keyCode=82 down=false repeatCount=0 keyguardOn=false mHomePressed=false canceled=false
D/dalvikvm( 7589): GC_CONCURRENT freed 101K, 80% free 516K/2560K, paused 0ms+1ms, total 9ms
W/memalloc(  147): Falling back to system heap
W/memalloc(  147): Falling back to system heap
W/memalloc(  147): Falling back to system heap
D/dalvikvm( 7565): GC_CONCURRENT freed 253K, 6% free 7244K/7687K, paused 20ms+23ms, total 906ms
I/ActivityManager(  438): Process com.facebook.orca (pid 7514) has died.
D/Finsky  ( 7565): [1] 2.run: Loaded library for account: [9plsfwM4WT3qn7WrYwU6QVFeWz4]
W/System  ( 7565): Ignoring HTTP header field 'User-Agent' because its value is null
I/ActivityManager(  438): Start proc android.process.media for content provider com.android.providers.downloads/.DownloadProvider: pid=7649 uid=10017 gids={1015, 1023, 1024, 1028, 2001, 3003, 3007, 4002}
E/Trace   ( 7649): error opening trace file: No such file or directory (2)
V/ActivityThread( 7649): Class path: /system/framework/com.lge.lgdrm.jar:/system/app/LGDownloadProvider_JB.apk, JNI path: /data/data/com.android.providers.downloads/lib
I/ActivityThread( 7649): Pub downloads: com.android.providers.downloads.DownloadProvider
D/Finsky  ( 7565): [1] 2.run: Loaded library for account: [tk0a_lm6m_5L_MUPM9YsFPG5fn0]
D/Finsky  ( 7565): [1] 2.run: Finished loading 2 libraries.
I/ActivityThread( 7649): Pub drm: com.android.providers.drm.DrmProvider
I/DownloadManager( 7649): in removeSpuriousFiles
V/ActivityThread( 7649): Class path: /system/app/DrmProvider.apk, JNI path: /data/data/com.android.providers.drm/lib
I/ActivityThread( 7649): Pub media: com.android.providers.media.MediaProvider
V/ActivityThread( 7649): Class path: /system/framework/com.lge.lgdrm.jar:/system/app/MediaProvider.apk, JNI path: /data/data/com.android.providers.media/lib
I/DownloadManager( 7649): in removeSpuriousFiles, preserving file /storage/sdcard0/Download/humblebundle/SuperHexagon-release-v1.0.7-humblebundle.apk
I/DownloadManager( 7649): in removeSpuriousFiles, preserving file /storage/sdcard0/Download/humblebundle/Beat_Hazard_021813.apk
I/DownloadManager( 7649): in removeSpuriousFiles, preserving file /storage/sdcard0/.apk/selfupdate/ApplicationManager_3.0.660_COM_COM_20131027080014529.apk
I/DownloadManager( 7649): in removeSpuriousFiles, preserving file /storage/sdcard0/Download/humblebundle/Solar2_Android_1.13_1388267491.apk
I/DownloadManager( 7649): in removeSpuriousFiles, preserving file /storage/sdcard0/.dwnld/Tasks_1.6.1680_COM_COM_WVGA_HVGA_QHD_20130726043630422.apk
I/DownloadManager( 7649): in removeSpuriousFiles, preserving file /storage/sdcard0/.dwnld/Videos_3.6.3_COM_COM_HVGA_Floating_20131203073352109.apk
I/DownloadManager( 7649): in removeSpuriousFiles, preserving file /storage/sdcard0/.dwnld/StreamingPlayer_1.10.3_COM_COM_QVGA_HVGA_WVGA_XGA_HD_WXGA_Floating_20131203073335417.apk
I/DownloadManager( 7649): in removeSpuriousFiles, preserving file /storage/sdcard0/Download/humblebundle/Splice_humble.apk
I/DownloadManager( 7649): in removeSpuriousFiles, preserving file /data/user/0/com.android.providers.downloads/cache/downloadfile-1.docx
I/DownloadManager( 7649): in removeSpuriousFiles, preserving file /data/user/0/com.android.providers.downloads/cache/downloadfile.docx
I/DownloadManager( 7649): in removeSpuriousFiles, preserving file /data/data/com.android.providers.downloads/cache/downloadfile.doc
I/DownloadManager( 7649): in removeSpuriousFiles, preserving file /storage/sdcard0/Download/1254 New Brunswick 825 to EastPoint Bldg C1, 15 Depot Ct - Google Maps.pdf
I/DownloadManager( 7649): in removeSpuriousFiles, preserving file /storage/sdcard0/Download/Moore's Specialties Tourist Home,Gallery,Antiques to Milford, CT, USA - Google Maps-1.pdf
V/MediaProvider( 7649): [MMF] attachVolume in Media Scanner Scan
V/MediaProvider( 7649): Attached volume: internal
V/MediaProvider( 7649): [MMF] attachVolume in Media Scanner Scan
V/MediaProvider( 7649): [MMF] attachVolume >> sCurrentExternal = external_sd volume = external_sd
V/MediaProvider( 7649): [MMF] /storage/external_SD volume ID: -1496967197
V/MediaProvider( 7649): [MMF] backupPreviousDBInfo >> skip the db sync
V/MediaProvider( 7649): Attached volume: external
D/DownloadManager( 7649): Cursor load start
D/DownloadManager( 7649): Cursor load end
D/dalvikvm(  438): WAIT_FOR_CONCURRENT_GC blocked 0ms
W/ActivityManager(  438): Scheduling restart of crashed service com.lge.mlt/.MltMonitorService in 105605ms
I/ActivityManager(  438): START {act=android.intent.action.MAIN flg=0x10000000 cmp=com.ionicframework.uchicagodiningapp667037/.MainActivity u=0} from pid 7640
D/dalvikvm( 7640): GC_CONCURRENT freed 101K, 79% free 554K/2560K, paused 0ms+1ms, total 10ms
V/LFT     ( 7649): isReadyToStart mId, mStatus=123:200
D/DownloadManager( 7649): isReadyToStart : return false3
V/DownloadManager( 7649):  UpdateThread insert or update info = null 
D/dalvikvm(  438): GC_EXPLICIT freed 1220K, 11% free 26616K/29767K, paused 18ms+34ms, total 527ms
V/LFT     ( 7649): isReadyToStart mId, mStatus=126:200
D/DownloadManager( 7649): isReadyToStart : return false3
V/DownloadManager( 7649):  UpdateThread insert or update info = null 
W/SignalStrength(  647): Size of signalstrength parcel:60
W/SignalStrength(  647): Signal before validate=SignalStrength: 99 0 97 70 94 25 5 99 2147483647 2147483647 2147483647 2147483647 gsm|lte
W/SignalStrength(  647): Signal after validate=SignalStrength: 99 0 -97 -70 -94 -25 5 99 2147483647 2147483647 2147483647 2147483647 gsm|lte
V/LFT     ( 7649): isReadyToStart mId, mStatus=142:200
D/DownloadManager( 7649): isReadyToStart : return false3
V/DownloadManager( 7649):  UpdateThread insert or update info = null 
V/LFT     ( 7649): isReadyToStart mId, mStatus=182:200
D/DownloadManager( 7649): isReadyToStart : return false3
V/DownloadManager( 7649):  UpdateThread insert or update info = null 
D/dalvikvm( 7565): GC_CONCURRENT freed 242K, 6% free 7520K/7943K, paused 17ms+18ms, total 94ms
V/LFT     ( 7649): isReadyToStart mId, mStatus=253:200
D/DownloadManager( 7649): isReadyToStart : return false3
V/DownloadManager( 7649):  UpdateThread insert or update info = null 
V/LFT     ( 7649): isReadyToStart mId, mStatus=254:200
D/DownloadManager( 7649): isReadyToStart : return false3
V/DownloadManager( 7649):  UpdateThread insert or update info = null 
V/LFT     ( 7649): isReadyToStart mId, mStatus=255:200
D/DownloadManager( 7649): isReadyToStart : return false3
V/DownloadManager( 7649):  UpdateThread insert or update info = null 
V/LFT     ( 7649): isReadyToStart mId, mStatus=285:200
D/DownloadManager( 7649): isReadyToStart : return false3
V/DownloadManager( 7649):  UpdateThread insert or update info = null 
V/LFT     ( 7649): isReadyToStart mId, mStatus=509:495
D/DownloadManager( 7649): isReadyToStart : return false3
V/DownloadManager( 7649):  UpdateThread insert or update info = null 
V/LocationManagerService(  438): getAllProviders
D/Finsky  ( 7565): [1] GmsCoreHelper.cleanupNlp: result=false type=1
V/LFT     ( 7649): isReadyToStart mId, mStatus=843:495
D/DownloadManager( 7649): isReadyToStart : return false3
V/DownloadManager( 7649):  UpdateThread insert or update info = null 
V/LFT     ( 7649): isReadyToStart mId, mStatus=904:492
D/DownloadManager( 7649): isReadyToStart : return false3
V/DownloadManager( 7649):  UpdateThread insert or update info = null 
D/Finsky  ( 7565): [1] RestoreTracker.stopServiceIfDone: Restore complete with 0 success and 0 failed.
V/LFT     ( 7649): isReadyToStart mId, mStatus=914:495
D/DownloadManager( 7649): isReadyToStart : return false3
V/DownloadManager( 7649):  UpdateThread insert or update info = null 
V/LFT     ( 7649): isReadyToStart mId, mStatus=915:489
D/DownloadManager( 7649): isReadyToStart : return false3
V/DownloadManager( 7649):  UpdateThread insert or update info = null 
V/LFT     ( 7649): isReadyToStart mId, mStatus=982:489
D/DownloadManager( 7649): isReadyToStart : return false3
V/DownloadManager( 7649):  UpdateThread insert or update info = null 
V/LFT     ( 7649): isReadyToStart mId, mStatus=1307:495
D/DownloadManager( 7649): isReadyToStart : return false3
V/DownloadManager( 7649):  UpdateThread insert or update info = null 
V/LFT     ( 7649): isReadyToStart mId, mStatus=1598:495
D/DownloadManager( 7649): isReadyToStart : return false3
V/DownloadManager( 7649):  UpdateThread insert or update info = null 
V/LFT     ( 7649): isReadyToStart mId, mStatus=1630:489
D/DownloadManager( 7649): isReadyToStart : return false3
V/DownloadManager( 7649):  UpdateThread insert or update info = null 
V/LFT     ( 7649): isReadyToStart mId, mStatus=1675:200
D/DownloadManager( 7649): isReadyToStart : return false3
V/DownloadManager( 7649):  UpdateThread insert or update info = null 
V/LFT     ( 7649): isReadyToStart mId, mStatus=1676:200
D/DownloadManager( 7649): isReadyToStart : return false3
V/DownloadManager( 7649):  UpdateThread insert or update info = null 
V/LFT     ( 7649): isReadyToStart mId, mStatus=1777:200
D/DownloadManager( 7649): isReadyToStart : return false3
V/DownloadManager( 7649):  UpdateThread insert or update info = null 
V/LFT     ( 7649): isReadyToStart mId, mStatus=1935:200
D/DownloadManager( 7649): isReadyToStart : return false3
V/DownloadManager( 7649):  UpdateThread insert or update info = null 
D/dalvikvm( 7565): GC_CONCURRENT freed 241K, 6% free 7687K/8135K, paused 12ms+4ms, total 64ms
D/dalvikvm( 7649): GC_CONCURRENT freed 242K, 7% free 6407K/6855K, paused 12ms+2ms, total 52ms
V/LFT     ( 7649): isReadyToStart mId, mStatus=1944:404
D/DownloadManager( 7649): isReadyToStart : return false3
V/DownloadManager( 7649):  UpdateThread insert or update info = null 
V/LFT     ( 7649): isReadyToStart mId, mStatus=1947:404
D/DownloadManager( 7649): isReadyToStart : return false3
V/DownloadManager( 7649):  UpdateThread insert or update info = null 
V/LFT     ( 7649): isReadyToStart mId, mStatus=1954:200
D/DownloadManager( 7649): isReadyToStart : return false3
V/DownloadManager( 7649):  UpdateThread insert or update info = null 
D/DownloadManager( 7649): Cursor load start
D/DownloadManager( 7649): Cursor load end
D/Finsky  ( 7565): [35228] AppStatesReplicator.handleContentSyncResponse: Completed 0 account content syncs with 0 successful.
D/Finsky  ( 7565): [1] 5.onFinished: Installation state replication succeeded.
V/DownloadManager( 7649): updateDownload DB read start id :  123, Status:200, largemode : 0, settingMode : 0
V/LFT     ( 7649): isReadyToStart mId, mStatus=123:200
D/DownloadManager( 7649): isReadyToStart : return false3
V/DownloadManager( 7649): updateDownload DB read start id :  126, Status:200, largemode : 0, settingMode : 0
V/LFT     ( 7649): isReadyToStart mId, mStatus=126:200
D/DownloadManager( 7649): isReadyToStart : return false3
V/DownloadManager( 7649): updateDownload DB read start id :  142, Status:200, largemode : 0, settingMode : 0
V/LFT     ( 7649): isReadyToStart mId, mStatus=142:200
D/DownloadManager( 7649): isReadyToStart : return false3
V/DownloadManager( 7649): updateDownload DB read start id :  182, Status:200, largemode : 0, settingMode : 0
V/LFT     ( 7649): isReadyToStart mId, mStatus=182:200
D/DownloadManager( 7649): isReadyToStart : return false3
V/DownloadManager( 7649): updateDownload DB read start id :  253, Status:200, largemode : 0, settingMode : 0
V/LFT     ( 7649): isReadyToStart mId, mStatus=253:200
D/DownloadManager( 7649): isReadyToStart : return false3
V/DownloadManager( 7649): updateDownload DB read start id :  254, Status:200, largemode : 0, settingMode : 0
V/LFT     ( 7649): isReadyToStart mId, mStatus=254:200
D/DownloadManager( 7649): isReadyToStart : return false3
V/DownloadManager( 7649): updateDownload DB read start id :  255, Status:200, largemode : 0, settingMode : 0
V/LFT     ( 7649): isReadyToStart mId, mStatus=255:200
D/DownloadManager( 7649): isReadyToStart : return false3
V/DownloadManager( 7649): updateDownload DB read start id :  285, Status:200, largemode : 0, settingMode : 0
V/LFT     ( 7649): isReadyToStart mId, mStatus=285:200
D/DownloadManager( 7649): isReadyToStart : return false3
V/DownloadManager( 7649): updateDownload DB read start id :  509, Status:495, largemode : 0, settingMode : 0
V/LFT     ( 7649): isReadyToStart mId, mStatus=509:495
D/DownloadManager( 7649): isReadyToStart : return false3
V/DownloadManager( 7649): updateDownload DB read start id :  843, Status:495, largemode : 0, settingMode : 0
V/LFT     ( 7649): isReadyToStart mId, mStatus=843:495
D/DownloadManager( 7649): isReadyToStart : return false3
V/DownloadManager( 7649): updateDownload DB read start id :  904, Status:492, largemode : 0, settingMode : 0
V/LFT     ( 7649): isReadyToStart mId, mStatus=904:492
D/DownloadManager( 7649): isReadyToStart : return false3
V/DownloadManager( 7649): updateDownload DB read start id :  914, Status:495, largemode : 0, settingMode : 0
V/LFT     ( 7649): isReadyToStart mId, mStatus=914:495
D/DownloadManager( 7649): isReadyToStart : return false3
V/DownloadManager( 7649): updateDownload DB read start id :  915, Status:489, largemode : 0, settingMode : 0
V/LFT     ( 7649): isReadyToStart mId, mStatus=915:489
D/DownloadManager( 7649): isReadyToStart : return false3
V/DownloadManager( 7649): updateDownload DB read start id :  982, Status:489, largemode : 0, settingMode : 0
V/LFT     ( 7649): isReadyToStart mId, mStatus=982:489
D/DownloadManager( 7649): isReadyToStart : return false3
V/DownloadManager( 7649): updateDownload DB read start id :  1307, Status:495, largemode : 0, settingMode : 0
V/LFT     ( 7649): isReadyToStart mId, mStatus=1307:495
D/DownloadManager( 7649): isReadyToStart : return false3
V/DownloadManager( 7649): updateDownload DB read start id :  1598, Status:495, largemode : 0, settingMode : 0
V/LFT     ( 7649): isReadyToStart mId, mStatus=1598:495
D/DownloadManager( 7649): isReadyToStart : return false3
V/DownloadManager( 7649): updateDownload DB read start id :  1630, Status:489, largemode : 0, settingMode : 0
V/LFT     ( 7649): isReadyToStart mId, mStatus=1630:489
D/DownloadManager( 7649): isReadyToStart : return false3
V/DownloadManager( 7649): updateDownload DB read start id :  1675, Status:200, largemode : 0, settingMode : 0
V/LFT     ( 7649): isReadyToStart mId, mStatus=1675:200
D/DownloadManager( 7649): isReadyToStart : return false3
V/DownloadManager( 7649): updateDownload DB read start id :  1676, Status:200, largemode : 0, settingMode : 0
V/LFT     ( 7649): isReadyToStart mId, mStatus=1676:200
D/DownloadManager( 7649): isReadyToStart : return false3
V/DownloadManager( 7649): updateDownload DB read start id :  1777, Status:200, largemode : 0, settingMode : 0
V/LFT     ( 7649): isReadyToStart mId, mStatus=1777:200
D/DownloadManager( 7649): isReadyToStart : return false3
V/DownloadManager( 7649): updateDownload DB read start id :  1935, Status:200, largemode : 0, settingMode : 0
V/LFT     ( 7649): isReadyToStart mId, mStatus=1935:200
D/DownloadManager( 7649): isReadyToStart : return false3
V/DownloadManager( 7649): updateDownload DB read start id :  1944, Status:404, largemode : 0, settingMode : 0
V/LFT     ( 7649): isReadyToStart mId, mStatus=1944:404
D/DownloadManager( 7649): isReadyToStart : return false3
V/DownloadManager( 7649): updateDownload DB read start id :  1947, Status:404, largemode : 0, settingMode : 0
V/LFT     ( 7649): isReadyToStart mId, mStatus=1947:404
D/DownloadManager( 7649): isReadyToStart : return false3
V/DownloadManager( 7649): updateDownload DB read start id :  1954, Status:200, largemode : 0, settingMode : 0
V/LFT     ( 7649): isReadyToStart mId, mStatus=1954:200
D/DownloadManager( 7649): isReadyToStart : return false3
W/SignalStrength(  647): Size of signalstrength parcel:60
W/SignalStrength(  647): Signal before validate=SignalStrength: 99 0 97 70 94 25 5 99 2147483647 2147483647 2147483647 2147483647 gsm|lte
W/SignalStrength(  647): Signal after validate=SignalStrength: 99 0 -97 -70 -94 -25 5 99 2147483647 2147483647 2147483647 2147483647 gsm|lte
D/dalvikvm(22421): WAIT_FOR_CONCURRENT_GC blocked 0ms
D/dalvikvm(22421): GC_EXPLICIT freed 360K, 9% free 7175K/7815K, paused 12ms+5ms, total 89ms
W/SignalStrength(  647): Size of signalstrength parcel:60
W/SignalStrength(  647): Signal before validate=SignalStrength: 99 0 97 70 94 25 5 99 2147483647 2147483647 2147483647 2147483647 gsm|lte
W/SignalStrength(  647): Signal after validate=SignalStrength: 99 0 -97 -70 -94 -25 5 99 2147483647 2147483647 2147483647 2147483647 gsm|lte
W/SignalStrength(  647): Size of signalstrength parcel:60
W/SignalStrength(  647): Signal before validate=SignalStrength: 99 0 97 70 94 25 5 99 2147483647 2147483647 2147483647 2147483647 gsm|lte
W/SignalStrength(  647): Signal after validate=SignalStrength: 99 0 -97 -70 -94 -25 5 99 2147483647 2147483647 2147483647 2147483647 gsm|lte
D/dalvikvm( 7038): WAIT_FOR_CONCURRENT_GC blocked 0ms
D/dalvikvm( 7038): GC_EXPLICIT freed 121K, 5% free 6266K/6595K, paused 13ms+4ms, total 74ms
W/SignalStrength(  647): Size of signalstrength parcel:60
W/SignalStrength(  647): Signal before validate=SignalStrength: 99 0 97 70 94 25 5 99 2147483647 2147483647 2147483647 2147483647 gsm|lte
W/SignalStrength(  647): Signal after validate=SignalStrength: 99 0 -97 -70 -94 -25 5 99 2147483647 2147483647 2147483647 2147483647 gsm|lte
W/ActivityManager(  438): Scheduling restart of crashed service com.facebook.katana/com.facebook.push.mqtt.service.MqttPushService in 105605ms
W/SignalStrength(  647): Size of signalstrength parcel:60
W/SignalStrength(  647): Signal before validate=SignalStrength: 99 0 97 70 95 30 5 99 2147483647 2147483647 2147483647 2147483647 gsm|lte
W/SignalStrength(  647): Signal after validate=SignalStrength: 99 0 -97 -70 -95 -30 5 99 2147483647 2147483647 2147483647 2147483647 gsm|lte
W/SignalStrength(  438): Size of signalstrength parcel:164
W/SignalStrength(  647): Size of signalstrength parcel:168
W/SignalStrength(12155): Size of signalstrength parcel:168
W/SignalStrength(12155): getEvdoLevelVZW=2
W/SignalStrength(12155): getEvdoLevelVZW() - evdoDbm = -95 evdoSnr = 5 level = 2
W/SignalStrength(12155): getLevelTRF() - networkType = 6 level = 2
W/SignalStrength(  438): getEvdoLevelVZW=2
W/SignalStrength(  438): getEvdoLevelVZW() - evdoDbm = -95 evdoSnr = 5 level = 2
W/SignalStrength(  438): getLevelTRF() - networkType = 6 level = 2
D/uinet1  (12155): ANT  rssi:2   simStat:READY, null   svcStat:0    dataType:6    [:][false:true]
W/SignalStrength(12155): getEvdoLevelVZW=2
W/SignalStrength(12155): getEvdoLevelVZW() - evdoDbm = -95 evdoSnr = 5 level = 2
W/SignalStrength(12155): getLevelTRF() - networkType = 6 level = 2
W/SignalStrength(  647): getEvdoLevelVZW=2
W/SignalStrength(  647): getEvdoLevelVZW() - evdoDbm = -95 evdoSnr = 5 level = 2
W/SignalStrength(  647): getLevelTRF() - networkType = 6 level = 2
D/PhoneInterfaceManager(  647): [PhoneIntfMgr] sigLevel = 2
D/LGPhoneStatusBarPolicy(12155): ACTION_SIGNAL_STRENGTH_CHANGED!!!
W/SignalStrength(  647): Size of signalstrength parcel:60
W/SignalStrength(  647): Signal before validate=SignalStrength: 99 0 97 70 95 30 5 99 2147483647 2147483647 2147483647 2147483647 gsm|lte
W/SignalStrength(  647): Signal after validate=SignalStrength: 99 0 -97 -70 -95 -30 5 99 2147483647 2147483647 2147483647 2147483647 gsm|lte
D/KeyguardUpdateMonitor(  438): received broadcast android.intent.action.TIME_TICK
D/KeyguardUpdateMonitor(  438): handleTimeUpdate
D/clock   (12155): getSmallTime : 1:52 PM : 1438624320053
D/SizeAdaptiveLayout(12155): com.android.internal.widget.SizeAdaptiveLayout@41c150a8child view android.widget.FrameLayout@41c67f90 measured out of bounds at 62px clamped to 64px
D/SizeAdaptiveLayout(12155): com.android.internal.widget.SizeAdaptiveLayout@41c150a8child view android.widget.FrameLayout@41c67f90 measured out of bounds at 62px clamped to 64px
W/SignalStrength(  647): Size of signalstrength parcel:60
W/SignalStrength(  647): Signal before validate=SignalStrength: 99 0 97 70 95 30 5 99 2147483647 2147483647 2147483647 2147483647 gsm|lte
W/SignalStrength(  647): Signal after validate=SignalStrength: 99 0 -97 -70 -95 -30 5 99 2147483647 2147483647 2147483647 2147483647 gsm|lte
W/SignalStrength(  647): Size of signalstrength parcel:60
W/SignalStrength(  647): Signal before validate=SignalStrength: 99 0 97 70 96 30 5 99 2147483647 2147483647 2147483647 2147483647 gsm|lte
W/SignalStrength(  647): Signal after validate=SignalStrength: 99 0 -97 -70 -96 -30 5 99 2147483647 2147483647 2147483647 2147483647 gsm|lte
W/SignalStrength(  438): Size of signalstrength parcel:164
W/SignalStrength(  647): Size of signalstrength parcel:168
W/SignalStrength(12155): Size of signalstrength parcel:168
W/SignalStrength(  438): getEvdoLevelVZW=2
W/SignalStrength(  438): getEvdoLevelVZW() - evdoDbm = -96 evdoSnr = 5 level = 2
W/SignalStrength(  438): getLevelTRF() - networkType = 6 level = 2
W/SignalStrength(12155): getEvdoLevelVZW=2
W/SignalStrength(12155): getEvdoLevelVZW() - evdoDbm = -96 evdoSnr = 5 level = 2
W/SignalStrength(12155): getLevelTRF() - networkType = 6 level = 2
W/SignalStrength(12155): getEvdoLevelVZW=2
W/SignalStrength(12155): getEvdoLevelVZW() - evdoDbm = -96 evdoSnr = 5 level = 2
W/SignalStrength(12155): getLevelTRF() - networkType = 6 level = 2
D/uinet1  (12155): ANT  rssi:2   simStat:READY, null   svcStat:0    dataType:6    [:][false:true]
W/SignalStrength(  647): getEvdoLevelVZW=2
W/SignalStrength(  647): getEvdoLevelVZW() - evdoDbm = -96 evdoSnr = 5 level = 2
W/SignalStrength(  647): getLevelTRF() - networkType = 6 level = 2
D/PhoneInterfaceManager(  647): [PhoneIntfMgr] sigLevel = 2
D/LGPhoneStatusBarPolicy(12155): ACTION_SIGNAL_STRENGTH_CHANGED!!!
W/ActivityManager(  438): Scheduling restart of crashed service com.android.providers.media/.MtpService in 105606ms
W/SignalStrength(  647): Size of signalstrength parcel:60
W/SignalStrength(  647): Signal before validate=SignalStrength: 99 0 97 70 96 30 5 99 2147483647 2147483647 2147483647 2147483647 gsm|lte
W/SignalStrength(  647): Signal after validate=SignalStrength: 99 0 -97 -70 -96 -30 5 99 2147483647 2147483647 2147483647 2147483647 gsm|lte
W/SignalStrength(  647): Size of signalstrength parcel:60
W/SignalStrength(  647): Signal before validate=SignalStrength: 99 0 97 70 96 30 5 99 2147483647 2147483647 2147483647 2147483647 gsm|lte
W/SignalStrength(  647): Signal after validate=SignalStrength: 99 0 -97 -70 -96 -30 5 99 2147483647 2147483647 2147483647 2147483647 gsm|lte
D/dalvikvm(32349): WAIT_FOR_CONCURRENT_GC blocked 0ms
D/dalvikvm(32349): GC_EXPLICIT freed 820K, 14% free 12009K/13831K, paused 19ms+7ms, total 115ms
W/SignalStrength(  647): Size of signalstrength parcel:60
W/SignalStrength(  647): Signal before validate=SignalStrength: 99 0 97 70 96 30 5 99 2147483647 2147483647 2147483647 2147483647 gsm|lte
W/SignalStrength(  647): Signal after validate=SignalStrength: 99 0 -97 -70 -96 -30 5 99 2147483647 2147483647 2147483647 2147483647 gsm|lte
W/SignalStrength(  647): Size of signalstrength parcel:60
W/SignalStrength(  647): Signal before validate=SignalStrength: 99 0 97 70 96 30 5 99 2147483647 2147483647 2147483647 2147483647 gsm|lte
W/SignalStrength(  647): Signal after validate=SignalStrength: 99 0 -97 -70 -96 -30 5 99 2147483647 2147483647 2147483647 2147483647 gsm|lte
D/dalvikvm(  438): WAIT_FOR_CONCURRENT_GC blocked 1ms
D/dalvikvm(  438): GC_EXPLICIT freed 196K, 11% free 26529K/29767K, paused 25ms+30ms, total 405ms
W/SignalStrength(  647): Size of signalstrength parcel:60
W/SignalStrength(  647): Signal before validate=SignalStrength: 99 0 97 70 96 30 5 99 2147483647 2147483647 2147483647 2147483647 gsm|lte
W/SignalStrength(  647): Signal after validate=SignalStrength: 99 0 -97 -70 -96 -30 5 99 2147483647 2147483647 2147483647 2147483647 gsm|lte
W/ActivityManager(  438): Scheduling restart of crashed service com.instagram.android/com.facebook.rti.push.service.FbnsService in 105605ms
W/SignalStrength(  647): Size of signalstrength parcel:60
W/SignalStrength(  647): Signal before validate=SignalStrength: 99 0 97 70 96 30 5 99 2147483647 2147483647 2147483647 2147483647 gsm|lte
W/SignalStrength(  647): Signal after validate=SignalStrength: 99 0 -97 -70 -96 -30 5 99 2147483647 2147483647 2147483647 2147483647 gsm|lte
D/dalvikvm( 5725): WAIT_FOR_CONCURRENT_GC blocked 0ms
D/dalvikvm( 5725): GC_EXPLICIT freed 15K, 14% free 6945K/8071K, paused 13ms+4ms, total 110ms
W/SignalStrength(  647): Size of signalstrength parcel:60
W/SignalStrength(  647): Signal before validate=SignalStrength: 99 0 97 70 96 30 5 99 2147483647 2147483647 2147483647 2147483647 gsm|lte
W/SignalStrength(  647): Signal after validate=SignalStrength: 99 0 -97 -70 -96 -30 5 99 2147483647 2147483647 2147483647 2147483647 gsm|lte
W/SignalStrength(  647): Size of signalstrength parcel:60
W/SignalStrength(  647): Signal before validate=SignalStrength: 99 0 97 70 96 30 5 99 2147483647 2147483647 2147483647 2147483647 gsm|lte
W/SignalStrength(  647): Signal after validate=SignalStrength: 99 0 -97 -70 -96 -30 5 99 2147483647 2147483647 2147483647 2147483647 gsm|lte
D/dalvikvm(  647): WAIT_FOR_CONCURRENT_GC blocked 0ms
W/SignalStrength(  647): Size of signalstrength parcel:60
D/dalvikvm(  647): GC_EXPLICIT freed 342K, 23% free 10809K/13959K, paused 18ms+8ms, total 123ms
W/SignalStrength(  647): Signal before validate=SignalStrength: 99 0 97 70 96 30 5 99 2147483647 2147483647 2147483647 2147483647 gsm|lte
W/SignalStrength(  647): Signal after validate=SignalStrength: 99 0 -97 -70 -96 -30 5 99 2147483647 2147483647 2147483647 2147483647 gsm|lte
D/dalvikvm(  148): WAIT_FOR_CONCURRENT_GC blocked 0ms
I/ActivityManager(  438): Start proc com.google.android.gms.persistent for service com.google.android.gms/com.google.android.location.internal.PendingIntentCallbackService: pid=7672 uid=10013 gids={3003, 1015, 1028, 1007, 1006, 3002, 3001, 2001, 3006}
E/Trace   ( 7672): error opening trace file: No such file or directory (2)
D/dalvikvm(  148): GC_EXPLICIT freed 39K, 7% free 6196K/6595K, paused 19ms+6ms, total 86ms
D/dalvikvm(  148): WAIT_FOR_CONCURRENT_GC blocked 0ms
D/dalvikvm(  148): GC_EXPLICIT freed <1K, 7% free 6196K/6595K, paused 3ms+5ms, total 46ms
D/dalvikvm(  148): WAIT_FOR_CONCURRENT_GC blocked 0ms
D/dalvikvm(  148): GC_EXPLICIT freed <1K, 7% free 6196K/6595K, paused 3ms+5ms, total 46ms
V/ActivityThread( 7672): Class path: /system/framework/com.android.location.provider.jar:/data/app/com.google.android.gms-2.apk, JNI path: /data/data/com.google.android.gms/lib
D/dalvikvm( 7672): GC_CONCURRENT freed 177K, 5% free 6524K/6855K, paused 12ms+2ms, total 48ms
D/dalvikvm( 7672): WAIT_FOR_CONCURRENT_GC blocked 26ms
W/dalvikvm( 7672): VFY: unable to resolve static field 590 (PR_SET_DUMPABLE) in Landroid/system/OsConstants;
D/dalvikvm( 7672): GC_CONCURRENT freed 131K, 5% free 6843K/7175K, paused 11ms+13ms, total 67ms
W/dalvikvm( 7672): VFY: unable to resolve static field 156 (SUPPORTED_ABIS) in Landroid/os/Build;
I/MultiDex( 7672): VM with version 1.6.0 does not have multidex support
I/MultiDex( 7672): install
I/MultiDex( 7672): MultiDexExtractor.load(/data/app/com.google.android.gms-2.apk, false)
I/MultiDex( 7672): loading existing secondary dex files
W/SignalStrength(  647): Size of signalstrength parcel:60
W/SignalStrength(  647): Signal before validate=SignalStrength: 99 0 97 70 96 30 5 99 2147483647 2147483647 2147483647 2147483647 gsm|lte
W/SignalStrength(  647): Signal after validate=SignalStrength: 99 0 -97 -70 -96 -30 5 99 2147483647 2147483647 2147483647 2147483647 gsm|lte
I/MultiDex( 7672): load found 3 secondary dex files
I/MultiDex( 7672): install done
I/ActivityThread( 7672): Pub com.google.android.location.reporting: com.google.android.location.reporting.service.ReportingContentProvider
I/ActivityThread( 7672): Pub com.google.android.location.internal: com.google.android.location.internal.LocationContentProvider
I/ActivityThread( 7672): Pub com.google.android.gms.fitness: com.google.android.gms.fitness.sync.FitnessContentProvider
W/dalvikvm( 7672): VFY: unable to resolve instance field 61
W/dalvikvm( 7672): VFY: unable to resolve static field 156 (SUPPORTED_ABIS) in Landroid/os/Build;
W/dalvikvm( 7672): VFY: unable to resolve static field 156 (SUPPORTED_ABIS) in Landroid/os/Build;
W/dalvikvm( 7672): VFY: unable to resolve static method 1115: Landroid/provider/Settings$Global;.getInt (Landroid/content/ContentResolver;Ljava/lang/String;I)I
V/JNIHelp ( 7672): Registering com/google/android/gms/org/conscrypt/NativeCrypto's 227 native methods...
D/dalvikvm( 7672): GC_CONCURRENT freed 340K, 7% free 7061K/7559K, paused 12ms+13ms, total 77ms
D/dalvikvm( 7672): WAIT_FOR_CONCURRENT_GC blocked 3ms
I/ProviderInstaller( 7672): Installed default security provider GmsCore_OpenSSL
D/GCM     (20499): GcmService start Intent { act=com.google.android.gms.INITIALIZE flg=0x10 pkg=com.google.android.gms cmp=com.google.android.gms/.gcm.GcmService } com.google.android.gms.INITIALIZE
D/AuthorizationBluetoothService(20499): Received GmsCore event: Intent { act=com.google.android.gms.INITIALIZE flg=0x10 pkg=com.google.android.gms cmp=com.google.android.gms/.auth.be.proximity.authorization.bt.AuthorizationBluetoothService$AutoStarter }.
E/AuthorizationBluetoothService(20499): Proximity feature is not enabled.
V/GmsCoreStatsServiceLauncher(30609): Received broadcast intent Intent { act=com.google.android.gms.INITIALIZE flg=0x10 pkg=com.google.android.gms cmp=com.google.android.gms/.common.stats.GmsCoreStatsServiceLauncher }
D/dalvikvm( 7672): GC_CONCURRENT freed 190K, 5% free 7401K/7751K, paused 12ms+3ms, total 68ms
D/dalvikvm( 7672): WAIT_FOR_CONCURRENT_GC blocked 27ms
D/dalvikvm( 7672): WAIT_FOR_CONCURRENT_GC blocked 31ms
E/dalvikvm( 7672): Could not find class 'android.bluetooth.BluetoothManager', referenced from method com.google.android.gms.fitness.i.a.h
W/dalvikvm( 7672): VFY: unable to resolve check-cast 77 (Landroid/bluetooth/BluetoothManager;) in Lcom/google/android/gms/fitness/i/a;
D/dalvikvm( 7672): GC_CONCURRENT freed 179K, 5% free 7725K/8071K, paused 15ms+3ms, total 73ms
D/dalvikvm( 7672): WAIT_FOR_CONCURRENT_GC blocked 29ms
D/dalvikvm( 7672): WAIT_FOR_CONCURRENT_GC blocked 31ms
W/dalvikvm( 7672): VFY: unable to resolve virtual method 1270: Landroid/os/Looper;.quitSafely ()V
E/dalvikvm( 7672): Could not find class 'android.app.AppOpsManager', referenced from method com.google.android.gms.common.kf.a
W/dalvikvm( 7672): VFY: unable to resolve check-cast 35 (Landroid/app/AppOpsManager;) in Lcom/google/android/gms/common/kf;
W/dalvikvm( 7672): VFY: unable to resolve virtual method 460: Landroid/content/pm/PackageManager;.getPackageInstaller ()Landroid/content/pm/PackageInstaller;
W/dalvikvm( 7672): VFY: unable to resolve virtual method 166: Landroid/app/Notification$Builder;.setLocalOnly (Z)Landroid/app/Notification$Builder;
W/dalvikvm( 7672): VFY: unable to resolve instance field 34
I/ActivityManager(  438): Start proc com.google.android.gms.wearable for service com.google.android.gms/.wearable.service.WearableService: pid=7690 uid=10013 gids={3003, 1015, 1028, 1007, 1006, 3002, 3001, 2001, 3006}
E/Trace   ( 7690): error opening trace file: No such file or directory (2)
V/ActivityThread( 7690): Class path: /system/framework/com.android.location.provider.jar:/data/app/com.google.android.gms-2.apk, JNI path: /data/data/com.google.android.gms/lib
D/dalvikvm( 7690): GC_CONCURRENT freed 153K, 5% free 6548K/6855K, paused 25ms+3ms, total 60ms
D/dalvikvm( 7690): WAIT_FOR_CONCURRENT_GC blocked 25ms
D/LocationInitializer(30609): Restart initialization of location
W/dalvikvm( 7690): VFY: unable to resolve static field 590 (PR_SET_DUMPABLE) in Landroid/system/OsConstants;
W/dalvikvm( 7690): VFY: unable to resolve static field 156 (SUPPORTED_ABIS) in Landroid/os/Build;
I/MultiDex( 7690): VM with version 1.6.0 does not have multidex support
I/MultiDex( 7690): install
I/MultiDex( 7690): MultiDexExtractor.load(/data/app/com.google.android.gms-2.apk, false)
D/dalvikvm( 7690): GC_CONCURRENT freed 162K, 5% free 6906K/7239K, paused 18ms+37ms, total 175ms
D/dalvikvm( 7690): WAIT_FOR_CONCURRENT_GC blocked 79ms
I/MultiDex( 7690): loading existing secondary dex files
I/MultiDex( 7690): load found 3 secondary dex files
I/MultiDex( 7690): install done
W/dalvikvm( 7690): VFY: unable to resolve instance field 61
W/dalvikvm( 7690): VFY: unable to resolve static field 156 (SUPPORTED_ABIS) in Landroid/os/Build;
W/dalvikvm( 7690): VFY: unable to resolve static field 156 (SUPPORTED_ABIS) in Landroid/os/Build;
W/dalvikvm( 7672): VFY: unable to resolve virtual method 2023: Landroid/view/InputDevice;.hasKeys ([I)[Z
W/dalvikvm( 7690): VFY: unable to resolve static method 1115: Landroid/provider/Settings$Global;.getInt (Landroid/content/ContentResolver;Ljava/lang/String;I)I
V/JNIHelp ( 7690): Registering com/google/android/gms/org/conscrypt/NativeCrypto's 227 native methods...
I/ProviderInstaller( 7690): Installed default security provider GmsCore_OpenSSL
D/GCM     (20499): GcmService start Intent { act=com.google.android.gms.INITIALIZE flg=0x10 pkg=com.google.android.gms cmp=com.google.android.gms/.gcm.GcmService } com.google.android.gms.INITIALIZE
D/dalvikvm( 7690): GC_CONCURRENT freed 333K, 8% free 7085K/7623K, paused 20ms+4ms, total 135ms
D/AuthorizationBluetoothService(20499): Received GmsCore event: Intent { act=com.google.android.gms.INITIALIZE flg=0x10 pkg=com.google.android.gms cmp=com.google.android.gms/.auth.be.proximity.authorization.bt.AuthorizationBluetoothService$AutoStarter }.
E/AuthorizationBluetoothService(20499): Proximity feature is not enabled.
W/SignalStrength(  647): Size of signalstrength parcel:60
W/SignalStrength(  647): Signal before validate=SignalStrength: 99 0 97 70 96 30 5 99 2147483647 2147483647 2147483647 2147483647 gsm|lte
W/SignalStrength(  647): Signal after validate=SignalStrength: 99 0 -97 -70 -96 -30 5 99 2147483647 2147483647 2147483647 2147483647 gsm|lte
V/GmsCoreStatsServiceLauncher(30609): Received broadcast intent Intent { act=com.google.android.gms.INITIALIZE flg=0x10 pkg=com.google.android.gms cmp=com.google.android.gms/.common.stats.GmsCoreStatsServiceLauncher }
W/dalvikvm( 7690): VFY: unable to resolve virtual method 1277: Landroid/os/HandlerThread;.quitSafely ()Z
W/dalvikvm( 7690): VFY: unable to resolve static method 1389: Landroid/os/Process;.myUserHandle ()Landroid/os/UserHandle;
D/dalvikvm( 7690): GC_CONCURRENT freed 170K, 5% free 7420K/7751K, paused 17ms+3ms, total 120ms
D/dalvikvm( 7690): WAIT_FOR_CONCURRENT_GC blocked 72ms
D/dalvikvm( 7690): WAIT_FOR_CONCURRENT_GC blocked 70ms
D/WearableService( 7690): callingUid 10013, callindPid: 7690
E/dalvikvm( 7690): Could not find class 'android.telecom.TelecomManager', referenced from method com.google.android.gms.wearable.service.y.a
W/dalvikvm( 7690): VFY: unable to resolve check-cast 869 (Landroid/telecom/TelecomManager;) in Lcom/google/android/gms/wearable/service/y;
W/dalvikvm( 7690): VFY: unable to find class referenced in signature (Landroid/telecom/TelecomManager;)
D/LocationInitializer(30609): Restart initialization of location
E/dalvikvm( 7690): Could not find class 'android.app.AppOpsManager', referenced from method com.google.android.gms.common.kf.a
W/dalvikvm( 7690): VFY: unable to resolve check-cast 35 (Landroid/app/AppOpsManager;) in Lcom/google/android/gms/common/kf;
W/dalvikvm( 7690): VFY: unable to resolve virtual method 460: Landroid/content/pm/PackageManager;.getPackageInstaller ()Landroid/content/pm/PackageInstaller;
W/dalvikvm( 7690): VFY: unable to resolve virtual method 166: Landroid/app/Notification$Builder;.setLocalOnly (Z)Landroid/app/Notification$Builder;
W/dalvikvm( 7690): VFY: unable to resolve instance field 34
E/GmsWearableLS( 7672): GoogleApiClient connection failed: ConnectionResult{statusCode=API_UNAVAILABLE, resolution=null}
D/dalvikvm(20499): GC_CONCURRENT freed 531K, 12% free 8584K/9735K, paused 34ms+28ms, total 296ms
I/ActivityManager(  438): Start proc com.android.defcontainer for service com.android.defcontainer/.DefaultContainerService: pid=7728 uid=10015 gids={1015, 2001, 1028}
E/Trace   ( 7728): error opening trace file: No such file or directory (2)
V/ActivityThread( 7728): Class path: /system/app/DefaultContainerService.apk, JNI path: /data/data/com.android.defcontainer/lib
D/dalvikvm( 7690): GC_CONCURRENT freed 167K, 5% free 7747K/8135K, paused 14ms+26ms, total 213ms
W/ActivityManager(  438): No content provider found for permission revoke: file:///data/local/tmp/android-debug.apk
W/ActivityManager(  438): No content provider found for permission revoke: file:///data/local/tmp/android-debug.apk
W/SignalStrength(  647): Size of signalstrength parcel:60
W/SignalStrength(  647): Signal before validate=SignalStrength: 99 0 97 70 96 30 5 99 2147483647 2147483647 2147483647 2147483647 gsm|lte
W/SignalStrength(  647): Signal after validate=SignalStrength: 99 0 -97 -70 -96 -30 5 99 2147483647 2147483647 2147483647 2147483647 gsm|lte
W/InputMethodManagerService(  438): Window already focused, ignoring focus gain of: com.android.internal.view.IInputMethodClient$Stub$Proxy@42b8a130 attribute=null, token = android.os.BinderProxy@42471cd8
D/dalvikvm(  438): GC_CONCURRENT freed 1720K, 11% free 26756K/29767K, paused 18ms+37ms, total 380ms
I/PackageManager(  438): Running dexopt on: com.ionicframework.uchicagodiningapp667037
I/ActivityManager(  438): Force stopping package com.ionicframework.uchicagodiningapp667037 uid=10076
D/PackageManager(  438): New package installed in /data/app/com.ionicframework.uchicagodiningapp667037-1.apk
D/dalvikvm(  438): WAIT_FOR_CONCURRENT_GC blocked 0ms
I/[LGHome]EVENT(32349): [LauncherModel.java:1246:onReceive()]onReceive intent=Intent { act=android.intent.action.PACKAGE_ADDED dat=package:com.ionicframework.uchicagodiningapp667037 flg=0x8000010 (has extras) }
I/[LGHome]EVENT(32349): [LauncherModel.java:2836:run()]PackageUpdatedTask: 1
D/LGAllAppsPagedView(32349): addAppsWithoutInvalidate index = 40 ItemInfo =ComponentInfo{com.ionicframework.uchicagodiningapp667037/com.ionicframework.uchicagodiningapp667037.MainActivity}
I/ActivityManager(  438): Start proc com.lge.dmf.admin for broadcast com.lge.dmf.admin/.receivers.PackageEventReceiver: pid=7742 uid=10016 gids={1028}
E/Trace   ( 7742): error opening trace file: No such file or directory (2)
V/ActivityThread( 7742): Class path: /system/app/DmfAdmin.apk, JNI path: /data/data/com.lge.dmf.admin/lib
W/SignalStrength(  647): Size of signalstrength parcel:60
W/SignalStrength(  647): Signal before validate=SignalStrength: 99 0 97 70 96 30 5 99 2147483647 2147483647 2147483647 2147483647 gsm|lte
W/SignalStrength(  647): Signal after validate=SignalStrength: 99 0 -97 -70 -96 -30 5 99 2147483647 2147483647 2147483647 2147483647 gsm|lte
I/ActivityThread( 7742): Pub com.lge.dmf.admin.providers.plugin: com.lge.dmf.admin.providers.HostProvider
D/com.lge.dmf.DmfAdmin( 7742): onCreate. HostProvider
D/com.lge.dmf.DmfAdmin( 7742): Starting DmfAdmin version=2.0.7
I/com.lge.dmf.DmfAdmin( 7742): A Intent Broadcast has ben received. action = android.intent.action.PACKAGE_ADDED
I/com.lge.dmf.DmfAdmin( 7742): Uri = package:com.ionicframework.uchicagodiningapp667037
I/com.lge.dmf.DmfAdmin( 7742): packageName = com.ionicframework.uchicagodiningapp667037
I/com.lge.dmf.DmfAdmin( 7742): replacing = false
D/com.lge.dmf.DmfAdmin( 7742): isHostApp: the com.ionicframework.uchicagodiningapp667037 package does not have dmf.properties
W/ActivityManager(  438): com.android.gallery3d has got started in performance mode.
D/PowerManagerService(  438): perflockBoostOnLocked_Test= performance mode success
I/ActivityManager(  438): Start proc com.android.gallery3d for broadcast com.android.gallery3d/.app.PackagesMonitor: pid=7755 uid=10020 gids={3003, 1015, 4002, 1028}
E/Trace   ( 7755): error opening trace file: No such file or directory (2)
V/ActivityThread( 7755): Class path: /system/framework/com.google.android.media.effects.jar:/system/framework/com.lge.lgdrm.jar:/system/framework/com.google.android.maps.jar:/system/app/Gallerybin.apk, JNI path: /data/data/com.android.gallery3d/lib
I/ActivityThread( 7755): Pub com.android.gallery3d.provider: com.android.gallery3d.provider.GalleryProvider
D/dalvikvm(  438): GC_EXPLICIT freed 782K, 11% free 26783K/29767K, paused 27ms+53ms, total 1064ms
D/PackageManager(  438): generateServicesMap(android.accounts.AccountAuthenticator): 8 services unchanged
D/LgeLockScreenPackageManager(  438): received broadcast android.intent.action.PACKAGE_ADDED
D/dalvikvm( 7717): GC_CONCURRENT freed 110K, 79% free 541K/2560K, paused 0ms+1ms, total 10ms
W/InputMethodManagerService(  438): Found no subtypes in a system IME: com.lge.ime
I/ActivityThread( 7755): Pub com.lge.gallery.picasa.contentprovider: com.lge.gallery.picasa.PicasaContentProvider
D/dalvikvm( 7755): GC_CONCURRENT freed 337K, 8% free 6363K/6855K, paused 17ms+5ms, total 65ms
D/dalvikvm( 7755): WAIT_FOR_CONCURRENT_GC blocked 40ms
I/ActivityManager(  438): Start proc com.google.android.partnersetup for broadcast com.google.android.partnersetup/.RlzPingBroadcastReceiver: pid=7773 uid=10024 gids={3003, 1028}
E/Trace   ( 7773): error opening trace file: No such file or directory (2)
V/ActivityThread( 7773): Class path: /system/app/GooglePartnerSetup.apk, JNI path: /data/data/com.google.android.partnersetup/lib
I/ActivityThread( 7773): Pub com.google.android.partnersetup.rlzprovider: com.google.android.partnersetup.RlzProvider
I/ActivityThread( 7773): Pub com.google.android.partnersetup.rlzappprovider: com.google.android.partnersetup.RlzAppProvider
W/SignalStrength(  647): Size of signalstrength parcel:60
W/SignalStrength(  647): Signal before validate=SignalStrength: 99 0 97 70 96 30 5 99 2147483647 2147483647 2147483647 2147483647 gsm|lte
W/SignalStrength(  647): Signal after validate=SignalStrength: 99 0 -97 -70 -96 -30 5 99 2147483647 2147483647 2147483647 2147483647 gsm|lte
I/ActivityManager(  438): Start proc com.lge.email for broadcast com.lge.email/.service.PackageChangeReceiver: pid=7788 uid=10032 gids={3003, 1015, 4002, 1023, 3002, 3001, 1028}
E/Trace   ( 7788): error opening trace file: No such file or directory (2)
W/ActivityManager(  438): Scheduling restart of crashed service com.google.android.gms/com.google.android.location.internal.server.GoogleLocationService in 5000ms
V/ActivityThread( 7788): Class path: /system/framework/com.google.android.maps.jar:/system/framework/com.lge.lgdrm.jar:/system/framework/qcrilhook.jar:/system/framework/lgsvcitems.jar:/system/framework/com.lge.mdm.jar:/system/framework/com.lge.systemservice.core.jar:/system/app/LGEmailbin.apk, JNI path: /data/data/com.lge.email/lib
D/PackageManager(  438): generateServicesMap(android.content.SyncAdapter): 40 services unchanged
D/BackupManagerService(  438): Received broadcast Intent { act=android.intent.action.PACKAGE_ADDED dat=package:com.ionicframework.uchicagodiningapp667037 flg=0x8000010 (has extras) }
V/BackupManagerService(  438): addPackageParticipantsLocked: #1
D/dalvikvm( 7788): GC_CONCURRENT freed 183K, 5% free 6517K/6855K, paused 98ms+6ms, total 173ms
D/dalvikvm( 7788): WAIT_FOR_CONCURRENT_GC blocked 62ms
I/ActivityManager(  438): START {act=android.intent.action.MAIN cat=[android.intent.category.LAUNCHER] flg=0x10200000 cmp=com.ionicframework.uchicagodiningapp667037/.MainActivity u=0} from pid 32349
I/ActivityThread( 7788): Pub com.android.exchange.directory.provider: com.lge.providers.ExchangeProvider
I/ActivityThread( 7788): Pub com.lge.providers.lgemail: com.lge.providers.LGEmailProvider
D/JJY     ( 7788): LGEmailProvider:onCreate() [[ at LGEmailProvider.java 150, onCreate()  in com.lge.providers.LGEmailProvider ]]
I/ActivityThread( 7788): Pub com.lge.providers.sqt: com.lge.providers.sqt.SqtProvider
I/[LGHome]EVENT(32349): [Launcher.java:2079:onPause()]onPause
