W/SignalStrength(  438): Size of signalstrength parcel:164
W/SignalStrength(  647): Size of signalstrength parcel:168
W/SignalStrength(12155): Size of signalstrength parcel:168
W/SignalStrength(  438): getEvdoLevelVZW=3
W/SignalStrength(  438): getEvdoLevelVZW() - evdoDbm = -89 evdoSnr = 5 level = 3
W/SignalStrength(  438): getLevelTRF() - networkType = 6 level = 3
W/SignalStrength(12155): getEvdoLevelVZW=3
W/SignalStrength(12155): getEvdoLevelVZW() - evdoDbm = -89 evdoSnr = 5 level = 3
W/SignalStrength(12155): getLevelTRF() - networkType = 6 level = 3
W/SignalStrength(12155): getEvdoLevelVZW=3
W/SignalStrength(12155): getEvdoLevelVZW() - evdoDbm = -89 evdoSnr = 5 level = 3
W/SignalStrength(12155): getLevelTRF() - networkType = 6 level = 3
D/LGPhoneStatusBarPolicy(12155): ACTION_SIGNAL_STRENGTH_CHANGED!!!
D/uinet1  (12155): ANT  rssi:3   simStat:READY, null   svcStat:0    dataType:6    [:][false:true]
W/SignalStrength(  647): getEvdoLevelVZW=3
W/SignalStrength(  647): getEvdoLevelVZW() - evdoDbm = -89 evdoSnr = 5 level = 3
W/SignalStrength(  647): getLevelTRF() - networkType = 6 level = 3
D/PhoneInterfaceManager(  647): [PhoneIntfMgr] sigLevel = 3
W/ActivityManager(  438): Scheduling restart of crashed service com.google.android.gms/com.google.android.location.internal.GoogleLocationManagerService in 101707ms
W/SignalStrength(  647): Size of signalstrength parcel:60
W/SignalStrength(  647): Signal before validate=SignalStrength: 99 0 93 70 88 5 5 99 2147483647 2147483647 2147483647 2147483647 gsm|lte
W/SignalStrength(  647): Signal after validate=SignalStrength: 99 0 -93 -70 -88 -5 5 99 2147483647 2147483647 2147483647 2147483647 gsm|lte
W/SignalStrength(  438): Size of signalstrength parcel:164
W/SignalStrength(  647): Size of signalstrength parcel:168
W/SignalStrength(12155): Size of signalstrength parcel:168
W/SignalStrength(12155): getEvdoLevelVZW=3
W/SignalStrength(12155): getEvdoLevelVZW() - evdoDbm = -88 evdoSnr = 5 level = 3
W/SignalStrength(12155): getLevelTRF() - networkType = 6 level = 3
W/SignalStrength(12155): getEvdoLevelVZW=3
W/SignalStrength(12155): getEvdoLevelVZW() - evdoDbm = -88 evdoSnr = 5 level = 3
W/SignalStrength(12155): getLevelTRF() - networkType = 6 level = 3
W/SignalStrength(  438): getEvdoLevelVZW=3
W/SignalStrength(  438): getEvdoLevelVZW() - evdoDbm = -88 evdoSnr = 5 level = 3
W/SignalStrength(  438): getLevelTRF() - networkType = 6 level = 3
D/uinet1  (12155): ANT  rssi:3   simStat:READY, null   svcStat:0    dataType:6    [:][false:true]
D/LGPhoneStatusBarPolicy(12155): ACTION_SIGNAL_STRENGTH_CHANGED!!!
W/SignalStrength(  647): getEvdoLevelVZW=3
W/SignalStrength(  647): getEvdoLevelVZW() - evdoDbm = -88 evdoSnr = 5 level = 3
W/SignalStrength(  647): getLevelTRF() - networkType = 6 level = 3
D/PhoneInterfaceManager(  647): [PhoneIntfMgr] sigLevel = 3
W/SignalStrength(  647): Size of signalstrength parcel:60
W/SignalStrength(  647): Signal before validate=SignalStrength: 99 0 93 70 87 5 5 99 2147483647 2147483647 2147483647 2147483647 gsm|lte
W/SignalStrength(  647): Signal after validate=SignalStrength: 99 0 -93 -70 -87 -5 5 99 2147483647 2147483647 2147483647 2147483647 gsm|lte
W/SignalStrength(  438): Size of signalstrength parcel:164
W/SignalStrength(  647): Size of signalstrength parcel:168
W/SignalStrength(12155): Size of signalstrength parcel:168
W/SignalStrength(12155): getEvdoLevelVZW=3
W/SignalStrength(12155): getEvdoLevelVZW() - evdoDbm = -87 evdoSnr = 5 level = 3
W/SignalStrength(12155): getLevelTRF() - networkType = 6 level = 3
W/SignalStrength(12155): getEvdoLevelVZW=3
W/SignalStrength(12155): getEvdoLevelVZW() - evdoDbm = -87 evdoSnr = 5 level = 3
W/SignalStrength(12155): getLevelTRF() - networkType = 6 level = 3
W/SignalStrength(  438): getEvdoLevelVZW=3
W/SignalStrength(  438): getEvdoLevelVZW() - evdoDbm = -87 evdoSnr = 5 level = 3
W/SignalStrength(  438): getLevelTRF() - networkType = 6 level = 3
D/uinet1  (12155): ANT  rssi:3   simStat:READY, null   svcStat:0    dataType:6    [:][false:true]
D/LGPhoneStatusBarPolicy(12155): ACTION_SIGNAL_STRENGTH_CHANGED!!!
W/SignalStrength(  647): getEvdoLevelVZW=3
W/SignalStrength(  647): getEvdoLevelVZW() - evdoDbm = -87 evdoSnr = 5 level = 3
W/SignalStrength(  647): getLevelTRF() - networkType = 6 level = 3
D/PhoneInterfaceManager(  647): [PhoneIntfMgr] sigLevel = 3
W/SignalStrength(  647): Size of signalstrength parcel:60
W/SignalStrength(  647): Signal before validate=SignalStrength: 99 0 93 70 87 5 5 99 2147483647 2147483647 2147483647 2147483647 gsm|lte
W/SignalStrength(  647): Signal after validate=SignalStrength: 99 0 -93 -70 -87 -5 5 99 2147483647 2147483647 2147483647 2147483647 gsm|lte
W/Web Console( 7802): No Content-Security-Policy meta tag found. Please add one when using the cordova-plugin-whitelist plugin. at file:///android_asset/www/plugins/cordova-plugin-console/www/console-via-logger.js:173
D/PluginManager( 7802): exec() call to unknown plugin: Console
W/SignalStrength(  647): Size of signalstrength parcel:60
W/SignalStrength(  647): Signal before validate=SignalStrength: 99 0 93 70 87 5 5 99 2147483647 2147483647 2147483647 2147483647 gsm|lte
W/SignalStrength(  647): Signal after validate=SignalStrength: 99 0 -93 -70 -87 -5 5 99 2147483647 2147483647 2147483647 2147483647 gsm|lte
D/dalvikvm(  653): WAIT_FOR_CONCURRENT_GC blocked 0ms
D/dalvikvm(  653): GC_EXPLICIT freed 1K, 11% free 6256K/6983K, paused 10ms+4ms, total 106ms
W/ActivityManager(  438): Scheduling restart of crashed service com.google.android.gms/com.google.android.contextmanager.service.ContextManagerService in 101707ms
D/dalvikvm(  438): GC_CONCURRENT freed 1926K, 11% free 26620K/29767K, paused 32ms+28ms, total 473ms
W/SignalStrength(  647): Size of signalstrength parcel:60
W/SignalStrength(  647): Signal before validate=SignalStrength: 99 0 93 70 86 5 5 99 2147483647 2147483647 2147483647 2147483647 gsm|lte
W/SignalStrength(  647): Signal after validate=SignalStrength: 99 0 -93 -70 -86 -5 5 99 2147483647 2147483647 2147483647 2147483647 gsm|lte
W/SignalStrength(  438): Size of signalstrength parcel:164
W/SignalStrength(  647): Size of signalstrength parcel:168
W/SignalStrength(12155): Size of signalstrength parcel:168
W/SignalStrength(12155): getEvdoLevelVZW=3
W/SignalStrength(12155): getEvdoLevelVZW() - evdoDbm = -86 evdoSnr = 5 level = 3
W/SignalStrength(12155): getLevelTRF() - networkType = 6 level = 3
D/uinet1  (12155): ANT  rssi:3   simStat:READY, null   svcStat:0    dataType:6    [:][false:true]
W/SignalStrength(12155): getEvdoLevelVZW=3
W/SignalStrength(12155): getEvdoLevelVZW() - evdoDbm = -86 evdoSnr = 5 level = 3
W/SignalStrength(12155): getLevelTRF() - networkType = 6 level = 3
W/SignalStrength(  438): getEvdoLevelVZW=3
W/SignalStrength(  438): getEvdoLevelVZW() - evdoDbm = -86 evdoSnr = 5 level = 3
W/SignalStrength(  438): getLevelTRF() - networkType = 6 level = 3
D/LGPhoneStatusBarPolicy(12155): ACTION_SIGNAL_STRENGTH_CHANGED!!!
W/SignalStrength(  647): getEvdoLevelVZW=3
W/SignalStrength(  647): getEvdoLevelVZW() - evdoDbm = -86 evdoSnr = 5 level = 3
W/SignalStrength(  647): getLevelTRF() - networkType = 6 level = 3
D/PhoneInterfaceManager(  647): [PhoneIntfMgr] sigLevel = 3
W/SignalStrength(  647): Size of signalstrength parcel:60
W/SignalStrength(  647): Signal before validate=SignalStrength: 99 0 93 70 86 5 5 99 2147483647 2147483647 2147483647 2147483647 gsm|lte
W/SignalStrength(  647): Signal after validate=SignalStrength: 99 0 -93 -70 -86 -5 5 99 2147483647 2147483647 2147483647 2147483647 gsm|lte
W/SignalStrength(  647): Size of signalstrength parcel:60
W/SignalStrength(  647): Signal before validate=SignalStrength: 99 0 93 70 86 5 5 99 2147483647 2147483647 2147483647 2147483647 gsm|lte
W/SignalStrength(  647): Signal after validate=SignalStrength: 99 0 -93 -70 -86 -5 5 99 2147483647 2147483647 2147483647 2147483647 gsm|lte
W/Web Console( 7802): No Content-Security-Policy meta tag found. Please add one when using the cordova-plugin-whitelist plugin. at file:///android_asset/www/plugins/cordova-plugin-console/www/console-via-logger.js:173
D/PluginManager( 7802): exec() call to unknown plugin: Console
W/SignalStrength(  647): Size of signalstrength parcel:60
W/SignalStrength(  647): Size of signalstrength parcel:60
W/SignalStrength(  647): Signal before validate=SignalStrength: 99 0 95 70 86 5 5 99 2147483647 2147483647 2147483647 2147483647 gsm|lte
W/SignalStrength(  647): Signal after validate=SignalStrength: 99 0 -95 -70 -86 -5 5 99 2147483647 2147483647 2147483647 2147483647 gsm|lte
W/SignalStrength(  438): Size of signalstrength parcel:164
W/SignalStrength(  647): Size of signalstrength parcel:168
W/SignalStrength(12155): Size of signalstrength parcel:168
W/SignalStrength(12155): getEvdoLevelVZW=3
W/SignalStrength(12155): getEvdoLevelVZW() - evdoDbm = -86 evdoSnr = 5 level = 3
W/SignalStrength(12155): getLevelTRF() - networkType = 6 level = 3
W/SignalStrength(12155): getEvdoLevelVZW=3
W/SignalStrength(12155): getEvdoLevelVZW() - evdoDbm = -86 evdoSnr = 5 level = 3
W/SignalStrength(12155): getLevelTRF() - networkType = 6 level = 3
W/SignalStrength(  438): getEvdoLevelVZW=3
W/SignalStrength(  438): getEvdoLevelVZW() - evdoDbm = -86 evdoSnr = 5 level = 3
W/SignalStrength(  438): getLevelTRF() - networkType = 6 level = 3
D/uinet1  (12155): ANT  rssi:3   simStat:READY, null   svcStat:0    dataType:6    [:][false:true]
D/LGPhoneStatusBarPolicy(12155): ACTION_SIGNAL_STRENGTH_CHANGED!!!
W/SignalStrength(  647): Signal before validate=SignalStrength: 99 0 95 70 86 5 5 99 2147483647 2147483647 2147483647 2147483647 gsm|lte
W/SignalStrength(  647): Signal after validate=SignalStrength: 99 0 -95 -70 -86 -5 5 99 2147483647 2147483647 2147483647 2147483647 gsm|lte
W/SignalStrength(  647): getEvdoLevelVZW=3
W/SignalStrength(  647): getEvdoLevelVZW() - evdoDbm = -86 evdoSnr = 5 level = 3
W/SignalStrength(  647): getLevelTRF() - networkType = 6 level = 3
D/PhoneInterfaceManager(  647): [PhoneIntfMgr] sigLevel = 3
I/rmt_storage(  184): rmt_storage write event
I/rmt_storage(  184): unblock rmt_storage client thread
I/rmt_storage(  184): rmt_storage events processing done
I/rmt_storage(  184): rmt_storage fop(1): bytes transferred = 1572352
I/rmt_storage(  184): rmt_storage fop(1): bytes transferred = 512
D/AbstractBrightness(12155): Current(133) is BRIGHTNESS_CUSTOM
D/AbstractBrightness(12155): thermal max bright -> 255
D/AbstractBrightness(12155): Current(133) is BRIGHTNESS_CUSTOM
D/AbstractBrightness(12155): thermal max bright -> 255
D/NotificationService(  438): updateLightListLocked :r=null, action=1
D/NotificationService(  438): updateLightsLocked : call restart
W/RingtonePlayer(12155): STOP command without a player
W/memalloc(  147): Falling back to system heap
D/PhoneStatusBar(12155): disable()  mDisabled: 0x00080000
D/PhoneStatusBar(12155): disable: < expand icons alerts TICKER* system_info back home recent clock >
D/AbstractBrightness(12155): Current(133) is BRIGHTNESS_CUSTOM
D/AbstractBrightness(12155): thermal max bright -> 255
V/webcore ( 7802): SET_ACTIVE arg1=0 arg2=0 obj=null
W/memalloc(  147): Falling back to system heap
D/AbstractBrightness(12155): Current(133) is BRIGHTNESS_CUSTOM
D/AbstractBrightness(12155): thermal max bright -> 255
W/memalloc(  147): Falling back to system heap
D/AbstractBrightness(12155): Current(133) is BRIGHTNESS_CUSTOM
D/AbstractBrightness(12155): thermal max bright -> 255
D/AbstractBrightness(12155): Current(133) is BRIGHTNESS_CUSTOM
D/AbstractBrightness(12155): thermal max bright -> 255
D/AbstractBrightness(12155): Current(133) is BRIGHTNESS_CUSTOM
D/AbstractBrightness(12155): thermal max bright -> 255
D/AbstractBrightness(12155): Current(133) is BRIGHTNESS_CUSTOM
D/AbstractBrightness(12155): thermal max bright -> 255
D/AbstractBrightness(12155): Current(133) is BRIGHTNESS_CUSTOM
D/AbstractBrightness(12155): thermal max bright -> 255
D/AbstractBrightness(12155): Current(133) is BRIGHTNESS_CUSTOM
D/AbstractBrightness(12155): thermal max bright -> 255
D/AbstractBrightness(12155): Current(133) is BRIGHTNESS_CUSTOM
D/AbstractBrightness(12155): thermal max bright -> 255
D/AbstractBrightness(12155): Current(133) is BRIGHTNESS_CUSTOM
D/AbstractBrightness(12155): thermal max bright -> 255
D/AbstractBrightness(12155): Current(133) is BRIGHTNESS_CUSTOM
D/AbstractBrightness(12155): thermal max bright -> 255
D/AbstractBrightness(12155): Current(133) is BRIGHTNESS_CUSTOM
D/AbstractBrightness(12155): thermal max bright -> 255
D/AbstractBrightness(12155): Current(133) is BRIGHTNESS_CUSTOM
D/AbstractBrightness(12155): thermal max bright -> 255
D/AbstractBrightness(12155): Current(133) is BRIGHTNESS_CUSTOM
D/AbstractBrightness(12155): thermal max bright -> 255
D/AbstractBrightness(12155): Current(133) is BRIGHTNESS_CUSTOM
D/AbstractBrightness(12155): thermal max bright -> 255
D/AbstractBrightness(12155): Current(133) is BRIGHTNESS_CUSTOM
D/AbstractBrightness(12155): thermal max bright -> 255
D/AbstractBrightness(12155): Current(133) is BRIGHTNESS_CUSTOM
D/AbstractBrightness(12155): thermal max bright -> 255
D/AbstractBrightness(12155): Current(133) is BRIGHTNESS_CUSTOM
D/AbstractBrightness(12155): thermal max bright -> 255
D/AbstractBrightness(12155): Current(133) is BRIGHTNESS_CUSTOM
D/AbstractBrightness(12155): thermal max bright -> 255
D/AbstractBrightness(12155): Current(133) is BRIGHTNESS_CUSTOM
D/AbstractBrightness(12155): thermal max bright -> 255
D/AbstractBrightness(12155): Current(133) is BRIGHTNESS_CUSTOM
D/AbstractBrightness(12155): thermal max bright -> 255
D/AbstractBrightness(12155): Current(133) is BRIGHTNESS_CUSTOM
D/AbstractBrightness(12155): thermal max bright -> 255
D/AbstractBrightness(12155): Current(133) is BRIGHTNESS_CUSTOM
D/AbstractBrightness(12155): thermal max bright -> 255
D/dalvikvm(12155): GC_CONCURRENT freed 1229K, 27% free 9240K/12551K, paused 15ms+12ms, total 131ms
D/AbstractBrightness(12155): Current(133) is BRIGHTNESS_CUSTOM
D/AbstractBrightness(12155): thermal max bright -> 255
D/AbstractBrightness(12155): Current(133) is BRIGHTNESS_CUSTOM
D/AbstractBrightness(12155): thermal max bright -> 255
D/AbstractBrightness(12155): Current(133) is BRIGHTNESS_CUSTOM
D/AbstractBrightness(12155): thermal max bright -> 255
D/AbstractBrightness(12155): Current(133) is BRIGHTNESS_CUSTOM
D/AbstractBrightness(12155): thermal max bright -> 255
D/AbstractBrightness(12155): Current(133) is BRIGHTNESS_CUSTOM
D/AbstractBrightness(12155): thermal max bright -> 255
D/AbstractBrightness(12155): Current(133) is BRIGHTNESS_CUSTOM
D/AbstractBrightness(12155): thermal max bright -> 255
D/AbstractBrightness(12155): Current(133) is BRIGHTNESS_CUSTOM
D/AbstractBrightness(12155): thermal max bright -> 255
V/LGPhoneStatusBar(12155): noti collapsed BC sent
D/NotificationService(  438): updateLightListLocked :r=null, action=1
D/NotificationService(  438): updateLightsLocked : call restart
V/webcore ( 7802): SET_ACTIVE arg1=1 arg2=0 obj=null
W/memalloc(  147): Falling back to system heap
W/InputMethodManagerService(  438): Window already focused, ignoring focus gain of: com.android.internal.view.IInputMethodClient$Stub$Proxy@42a08018 attribute=null, token = android.os.BinderProxy@423db698
D/PhoneStatusBar(12155): disable()  mDisabled: 0x00000000
D/PhoneStatusBar(12155): disable: < expand icons alerts ticker* system_info back home recent clock >
W/SignalStrength(  647): Size of signalstrength parcel:60
W/SignalStrength(  647): Signal before validate=SignalStrength: 99 0 95 70 86 5 5 99 2147483647 2147483647 2147483647 2147483647 gsm|lte
W/SignalStrength(  647): Signal after validate=SignalStrength: 99 0 -95 -70 -86 -5 5 99 2147483647 2147483647 2147483647 2147483647 gsm|lte
D/PhoneStatusBar(12155): carrier label : single : 399
W/ActivityManager(  438): Scheduling restart of crashed service com.lge.mlt/.MltMonitorService in 101703ms
D/KeyguardUpdateMonitor(  438): received broadcast android.intent.action.TIME_TICK
D/KeyguardUpdateMonitor(  438): handleTimeUpdate
D/clock   (12155): getSmallTime : 1:55 PM : 1438624500027
W/memalloc(  147): Falling back to system heap
D/SizeAdaptiveLayout(12155): com.android.internal.widget.SizeAdaptiveLayout@41c150a8child view android.widget.FrameLayout@41c67f90 measured out of bounds at 62px clamped to 64px
D/SizeAdaptiveLayout(12155): com.android.internal.widget.SizeAdaptiveLayout@41c150a8child view android.widget.FrameLayout@41c67f90 measured out of bounds at 62px clamped to 64px
W/SignalStrength(  647): Size of signalstrength parcel:60
W/SignalStrength(  647): Signal before validate=SignalStrength: 99 0 95 70 86 5 5 99 2147483647 2147483647 2147483647 2147483647 gsm|lte
W/SignalStrength(  647): Signal after validate=SignalStrength: 99 0 -95 -70 -86 -5 5 99 2147483647 2147483647 2147483647 2147483647 gsm|lte
W/SignalStrength(  647): Size of signalstrength parcel:60
W/SignalStrength(  647): Signal before validate=SignalStrength: 99 0 95 70 86 5 5 99 2147483647 2147483647 2147483647 2147483647 gsm|lte
W/SignalStrength(  647): Signal after validate=SignalStrength: 99 0 -95 -70 -86 -5 5 99 2147483647 2147483647 2147483647 2147483647 gsm|lte
D/dalvikvm( 7038): WAIT_FOR_CONCURRENT_GC blocked 0ms
D/dalvikvm( 7038): GC_EXPLICIT freed <1K, 6% free 6264K/6595K, paused 3ms+5ms, total 62ms
W/SignalStrength(  647): Size of signalstrength parcel:60
W/SignalStrength(  647): Signal before validate=SignalStrength: 99 0 95 70 86 5 5 99 2147483647 2147483647 2147483647 2147483647 gsm|lte
W/SignalStrength(  647): Signal after validate=SignalStrength: 99 0 -95 -70 -86 -5 5 99 2147483647 2147483647 2147483647 2147483647 gsm|lte
W/Web Console( 7802): No Content-Security-Policy meta tag found. Please add one when using the cordova-plugin-whitelist plugin. at file:///android_asset/www/plugins/cordova-plugin-console/www/console-via-logger.js:173
D/PluginManager( 7802): exec() call to unknown plugin: Console
W/SignalStrength(  647): Size of signalstrength parcel:60
W/SignalStrength(  647): Signal before validate=SignalStrength: 99 0 95 70 86 5 5 99 2147483647 2147483647 2147483647 2147483647 gsm|lte
W/SignalStrength(  647): Signal after validate=SignalStrength: 99 0 -95 -70 -86 -5 5 99 2147483647 2147483647 2147483647 2147483647 gsm|lte
W/ActivityManager(  438): Scheduling restart of crashed service com.facebook.katana/com.facebook.push.mqtt.service.MqttPushService in 101701ms
D/dalvikvm( 7802): WAIT_FOR_CONCURRENT_GC blocked 0ms
D/dalvikvm( 7802): GC_EXPLICIT freed 907K, 17% free 6421K/7687K, paused 21ms+4ms, total 107ms
W/SignalStrength(  647): Size of signalstrength parcel:60
W/SignalStrength(  647): Signal before validate=SignalStrength: 99 0 95 70 86 5 5 99 2147483647 2147483647 2147483647 2147483647 gsm|lte
W/SignalStrength(  647): Signal after validate=SignalStrength: 99 0 -95 -70 -86 -5 5 99 2147483647 2147483647 2147483647 2147483647 gsm|lte
W/SignalStrength(  647): Size of signalstrength parcel:60
W/SignalStrength(  647): Signal before validate=SignalStrength: 99 0 95 70 86 5 5 99 2147483647 2147483647 2147483647 2147483647 gsm|lte
W/SignalStrength(  647): Signal after validate=SignalStrength: 99 0 -95 -70 -86 -5 5 99 2147483647 2147483647 2147483647 2147483647 gsm|lte
W/SignalStrength(  647): Size of signalstrength parcel:60
W/SignalStrength(  647): Signal before validate=SignalStrength: 99 0 95 70 86 5 5 99 2147483647 2147483647 2147483647 2147483647 gsm|lte
W/SignalStrength(  647): Signal after validate=SignalStrength: 99 0 -95 -70 -86 -5 5 99 2147483647 2147483647 2147483647 2147483647 gsm|lte
D/dalvikvm( 7828): WAIT_FOR_CONCURRENT_GC blocked 0ms
D/dalvikvm( 7828): GC_EXPLICIT freed 170K, 7% free 6589K/7047K, paused 15ms+4ms, total 93ms
W/Web Console( 7802): No Content-Security-Policy meta tag found. Please add one when using the cordova-plugin-whitelist plugin. at file:///android_asset/www/plugins/cordova-plugin-console/www/console-via-logger.js:173
D/PluginManager( 7802): exec() call to unknown plugin: Console
W/SignalStrength(  647): Size of signalstrength parcel:60
W/SignalStrength(  647): Signal before validate=SignalStrength: 99 0 95 70 86 5 5 99 2147483647 2147483647 2147483647 2147483647 gsm|lte
W/SignalStrength(  647): Signal after validate=SignalStrength: 99 0 -95 -70 -86 -5 5 99 2147483647 2147483647 2147483647 2147483647 gsm|lte
W/SignalStrength(  647): Size of signalstrength parcel:60
W/SignalStrength(  647): Signal before validate=SignalStrength: 99 0 95 70 86 10 5 99 2147483647 2147483647 2147483647 2147483647 gsm|lte
W/SignalStrength(  647): Signal after validate=SignalStrength: 99 0 -95 -70 -86 -10 5 99 2147483647 2147483647 2147483647 2147483647 gsm|lte
W/SignalStrength(  438): Size of signalstrength parcel:164
W/SignalStrength(  647): Size of signalstrength parcel:168
W/SignalStrength(12155): Size of signalstrength parcel:168
W/SignalStrength(12155): getEvdoLevelVZW=3
W/SignalStrength(12155): getEvdoLevelVZW() - evdoDbm = -86 evdoSnr = 5 level = 3
W/SignalStrength(12155): getLevelTRF() - networkType = 6 level = 3
W/SignalStrength(  438): getEvdoLevelVZW=3
W/SignalStrength(  438): getEvdoLevelVZW() - evdoDbm = -86 evdoSnr = 5 level = 3
W/SignalStrength(  438): getLevelTRF() - networkType = 6 level = 3
D/uinet1  (12155): ANT  rssi:3   simStat:READY, null   svcStat:0    dataType:6    [:][false:true]
W/SignalStrength(12155): getEvdoLevelVZW=3
W/SignalStrength(12155): getEvdoLevelVZW() - evdoDbm = -86 evdoSnr = 5 level = 3
W/SignalStrength(12155): getLevelTRF() - networkType = 6 level = 3
D/LGPhoneStatusBarPolicy(12155): ACTION_SIGNAL_STRENGTH_CHANGED!!!
W/SignalStrength(  647): getEvdoLevelVZW=3
W/SignalStrength(  647): getEvdoLevelVZW() - evdoDbm = -86 evdoSnr = 5 level = 3
W/SignalStrength(  647): getLevelTRF() - networkType = 6 level = 3
D/PhoneInterfaceManager(  647): [PhoneIntfMgr] sigLevel = 3
W/ActivityManager(  438): Scheduling restart of crashed service com.android.providers.media/.MtpService in 101708ms
W/SignalStrength(  647): Size of signalstrength parcel:60
W/SignalStrength(  647): Signal before validate=SignalStrength: 99 0 95 70 87 10 5 99 2147483647 2147483647 2147483647 2147483647 gsm|lte
W/SignalStrength(  647): Signal after validate=SignalStrength: 99 0 -95 -70 -87 -10 5 99 2147483647 2147483647 2147483647 2147483647 gsm|lte
W/SignalStrength(  438): Size of signalstrength parcel:164
W/SignalStrength(  647): Size of signalstrength parcel:168
W/SignalStrength(12155): Size of signalstrength parcel:168
W/SignalStrength(12155): getEvdoLevelVZW=3
W/SignalStrength(12155): getEvdoLevelVZW() - evdoDbm = -87 evdoSnr = 5 level = 3
W/SignalStrength(12155): getLevelTRF() - networkType = 6 level = 3
D/uinet1  (12155): ANT  rssi:3   simStat:READY, null   svcStat:0    dataType:6    [:][false:true]
W/SignalStrength(12155): getEvdoLevelVZW=3
W/SignalStrength(12155): getEvdoLevelVZW() - evdoDbm = -87 evdoSnr = 5 level = 3
W/SignalStrength(12155): getLevelTRF() - networkType = 6 level = 3
W/SignalStrength(  438): getEvdoLevelVZW=3
W/SignalStrength(  438): getEvdoLevelVZW() - evdoDbm = -87 evdoSnr = 5 level = 3
W/SignalStrength(  438): getLevelTRF() - networkType = 6 level = 3
D/LGPhoneStatusBarPolicy(12155): ACTION_SIGNAL_STRENGTH_CHANGED!!!
W/SignalStrength(  647): getEvdoLevelVZW=3
W/SignalStrength(  647): getEvdoLevelVZW() - evdoDbm = -87 evdoSnr = 5 level = 3
W/SignalStrength(  647): getLevelTRF() - networkType = 6 level = 3
D/PhoneInterfaceManager(  647): [PhoneIntfMgr] sigLevel = 3
W/SignalStrength(  647): Size of signalstrength parcel:60
W/SignalStrength(  647): Signal before validate=SignalStrength: 99 0 95 70 87 10 5 99 2147483647 2147483647 2147483647 2147483647 gsm|lte
W/SignalStrength(  647): Signal after validate=SignalStrength: 99 0 -95 -70 -87 -10 5 99 2147483647 2147483647 2147483647 2147483647 gsm|lte
W/SignalStrength(  647): Size of signalstrength parcel:60
W/SignalStrength(  647): Signal before validate=SignalStrength: 99 0 95 70 87 10 5 99 2147483647 2147483647 2147483647 2147483647 gsm|lte
W/SignalStrength(  647): Signal after validate=SignalStrength: 99 0 -95 -70 -87 -10 5 99 2147483647 2147483647 2147483647 2147483647 gsm|lte
W/Web Console( 7802): No Content-Security-Policy meta tag found. Please add one when using the cordova-plugin-whitelist plugin. at file:///android_asset/www/plugins/cordova-plugin-console/www/console-via-logger.js:173
D/PluginManager( 7802): exec() call to unknown plugin: Console
W/SignalStrength(  647): Size of signalstrength parcel:60
W/SignalStrength(  647): Signal before validate=SignalStrength: 99 0 95 70 87 10 5 99 2147483647 2147483647 2147483647 2147483647 gsm|lte
W/SignalStrength(  647): Signal after validate=SignalStrength: 99 0 -95 -70 -87 -10 5 99 2147483647 2147483647 2147483647 2147483647 gsm|lte
W/ActivityManager(  438): Scheduling restart of crashed service com.instagram.android/com.facebook.rti.push.service.FbnsService in 101704ms
W/SignalStrength(  647): Size of signalstrength parcel:60
W/SignalStrength(  647): Signal before validate=SignalStrength: 99 0 95 70 88 10 5 99 2147483647 2147483647 2147483647 2147483647 gsm|lte
W/SignalStrength(  647): Signal after validate=SignalStrength: 99 0 -95 -70 -88 -10 5 99 2147483647 2147483647 2147483647 2147483647 gsm|lte
W/SignalStrength(  438): Size of signalstrength parcel:164
W/SignalStrength(  647): Size of signalstrength parcel:168
W/SignalStrength(12155): Size of signalstrength parcel:168
W/SignalStrength(12155): getEvdoLevelVZW=3
W/SignalStrength(12155): getEvdoLevelVZW() - evdoDbm = -88 evdoSnr = 5 level = 3
W/SignalStrength(12155): getLevelTRF() - networkType = 6 level = 3
W/SignalStrength(12155): getEvdoLevelVZW=3
W/SignalStrength(12155): getEvdoLevelVZW() - evdoDbm = -88 evdoSnr = 5 level = 3
W/SignalStrength(12155): getLevelTRF() - networkType = 6 level = 3
W/SignalStrength(  438): getEvdoLevelVZW=3
W/SignalStrength(  438): getEvdoLevelVZW() - evdoDbm = -88 evdoSnr = 5 level = 3
W/SignalStrength(  438): getLevelTRF() - networkType = 6 level = 3
D/uinet1  (12155): ANT  rssi:3   simStat:READY, null   svcStat:0    dataType:6    [:][false:true]
D/LGPhoneStatusBarPolicy(12155): ACTION_SIGNAL_STRENGTH_CHANGED!!!
W/SignalStrength(  647): getEvdoLevelVZW=3
W/SignalStrength(  647): getEvdoLevelVZW() - evdoDbm = -88 evdoSnr = 5 level = 3
W/SignalStrength(  647): getLevelTRF() - networkType = 6 level = 3
D/PhoneInterfaceManager(  647): [PhoneIntfMgr] sigLevel = 3
W/ProcessStats(  438): Skipping unknown process pid 8834
W/SignalStrength(  647): Size of signalstrength parcel:60
W/SignalStrength(  647): Signal before validate=SignalStrength: 99 0 95 70 88 10 5 99 2147483647 2147483647 2147483647 2147483647 gsm|lte
W/SignalStrength(  647): Signal after validate=SignalStrength: 99 0 -95 -70 -88 -10 5 99 2147483647 2147483647 2147483647 2147483647 gsm|lte
W/SignalStrength(  647): Size of signalstrength parcel:60
W/SignalStrength(  647): Signal before validate=SignalStrength: 99 0 95 70 88 10 5 99 2147483647 2147483647 2147483647 2147483647 gsm|lte
W/SignalStrength(  647): Signal after validate=SignalStrength: 99 0 -95 -70 -88 -10 5 99 2147483647 2147483647 2147483647 2147483647 gsm|lte
D/dalvikvm(22421): WAIT_FOR_CONCURRENT_GC blocked 0ms
D/dalvikvm(22421): GC_EXPLICIT freed 20K, 9% free 7153K/7815K, paused 11ms+4ms, total 88ms
W/Web Console( 7802): No Content-Security-Policy meta tag found. Please add one when using the cordova-plugin-whitelist plugin. at file:///android_asset/www/plugins/cordova-plugin-console/www/console-via-logger.js:173
D/PluginManager( 7802): exec() call to unknown plugin: Console
W/SignalStrength(  647): Size of signalstrength parcel:60
W/SignalStrength(  647): Signal before validate=SignalStrength: 99 0 95 70 88 10 5 99 2147483647 2147483647 2147483647 2147483647 gsm|lte
W/SignalStrength(  647): Signal after validate=SignalStrength: 99 0 -95 -70 -88 -10 5 99 2147483647 2147483647 2147483647 2147483647 gsm|lte
W/ActivityManager(  438): Scheduling restart of crashed service com.google.android.gms/com.google.android.location.internal.server.GoogleLocationService in 101702ms
W/SignalStrength(  647): Size of signalstrength parcel:60
W/SignalStrength(  647): Signal before validate=SignalStrength: 99 0 95 70 88 10 5 99 2147483647 2147483647 2147483647 2147483647 gsm|lte
W/SignalStrength(  647): Signal after validate=SignalStrength: 99 0 -95 -70 -88 -10 5 99 2147483647 2147483647 2147483647 2147483647 gsm|lte
D/dalvikvm(  438): WAIT_FOR_CONCURRENT_GC blocked 0ms
D/dalvikvm(  438): GC_EXPLICIT freed 1448K, 11% free 26560K/29767K, paused 24ms+30ms, total 541ms
W/SignalStrength(  647): Size of signalstrength parcel:60
W/SignalStrength(  647): Signal before validate=SignalStrength: 99 0 95 70 88 10 5 99 2147483647 2147483647 2147483647 2147483647 gsm|lte
W/SignalStrength(  647): Signal after validate=SignalStrength: 99 0 -95 -70 -88 -10 5 99 2147483647 2147483647 2147483647 2147483647 gsm|lte
I/ActivityManager(  438): Start proc com.instagram.android for broadcast com.instagram.android/com.instagram.common.analytics.AnalyticsUploadAlarmReceiver: pid=8886 uid=10082 gids={3003, 1015, 1006, 1028}
E/Trace   ( 8886): error opening trace file: No such file or directory (2)
V/ActivityThread( 8886): Class path: /system/framework/com.google.android.maps.jar:/mnt/asec/com.instagram.android-2/pkg.apk, JNI path: /mnt/asec/com.instagram.android-2/lib
D/dalvikvm( 8886): GC_CONCURRENT freed 163K, 5% free 6538K/6855K, paused 17ms+2ms, total 53ms
D/dalvikvm( 8886): WAIT_FOR_CONCURRENT_GC blocked 20ms
I/ActivityThread( 8886): Pub com.instagram.contentprovider.CurrentUserProvider: com.instagram.contentprovider.CurrentUserProvider
W/dalvikvm( 8886): VFY: unable to resolve virtual method 92: Landroid/app/ActivityManager;.isLowRamDevice ()Z
D/dalvikvm( 8886): GC_CONCURRENT freed 322K, 7% free 6746K/7239K, paused 12ms+4ms, total 50ms
D/dalvikvm( 8886): WAIT_FOR_CONCURRENT_GC blocked 24ms
D/dalvikvm( 8886): WAIT_FOR_CONCURRENT_GC blocked 23ms
W/dalvikvm( 8886): VFY: unable to resolve static method 1266: Landroid/provider/Settings$Global;.getInt (Landroid/content/ContentResolver;Ljava/lang/String;I)I
W/dalvikvm( 8886): VFY: unable to resolve static method 1254: Landroid/os/SystemClock;.elapsedRealtimeNanos ()J
D/dalvikvm( 8886): GC_CONCURRENT freed 342K, 7% free 6853K/7367K, paused 14ms+15ms, total 100ms
I/ActivityManager(  438): Start proc com.instagram.android:mqtt for service com.instagram.android/com.facebook.rti.push.service.FbnsService: pid=8927 uid=10082 gids={3003, 1015, 1006, 1028}
E/Trace   ( 8927): error opening trace file: No such file or directory (2)
V/ActivityThread( 8927): Class path: /system/framework/com.google.android.maps.jar:/mnt/asec/com.instagram.android-2/pkg.apk, JNI path: /mnt/asec/com.instagram.android-2/lib
D/dalvikvm( 8927): GC_CONCURRENT freed 166K, 5% free 6535K/6855K, paused 14ms+3ms, total 52ms
D/dalvikvm( 8927): WAIT_FOR_CONCURRENT_GC blocked 16ms
W/dalvikvm( 8927): VFY: unable to resolve virtual method 92: Landroid/app/ActivityManager;.isLowRamDevice ()Z
W/dalvikvm( 8927): VFY: unable to resolve static method 1266: Landroid/provider/Settings$Global;.getInt (Landroid/content/ContentResolver;Ljava/lang/String;I)I
W/dalvikvm( 8927): VFY: unable to resolve virtual method 95: Landroid/app/AlarmManager;.setExact (IJLandroid/app/PendingIntent;)V
W/dalvikvm( 8927): VFY: unable to resolve virtual method 95: Landroid/app/AlarmManager;.setExact (IJLandroid/app/PendingIntent;)V
D/dalvikvm( 8927): GC_CONCURRENT freed 324K, 7% free 6759K/7239K, paused 2ms+2ms, total 53ms
D/dalvikvm( 8927): WAIT_FOR_CONCURRENT_GC blocked 21ms
D/dalvikvm( 8927): WAIT_FOR_CONCURRENT_GC blocked 21ms
W/SignalStrength(  647): Size of signalstrength parcel:60
W/SignalStrength(  647): Signal before validate=SignalStrength: 99 0 95 70 88 10 5 99 2147483647 2147483647 2147483647 2147483647 gsm|lte
W/SignalStrength(  647): Signal after validate=SignalStrength: 99 0 -95 -70 -88 -10 5 99 2147483647 2147483647 2147483647 2147483647 gsm|lte
I/ActivityManager(  438): Process com.facebook.orca (pid 8407) has died.
W/ActivityManager(  438): Scheduling restart of crashed service com.facebook.orca/com.facebook.push.mqtt.service.MqttPushService in 107168ms
D/dalvikvm( 8886): GC_CONCURRENT freed 403K, 8% free 7000K/7559K, paused 51ms+41ms, total 301ms
D/dalvikvm( 8886): WAIT_FOR_CONCURRENT_GC blocked 4ms
D/dalvikvm( 8886): WAIT_FOR_CONCURRENT_GC blocked 11ms
D/dalvikvm( 8886): WAIT_FOR_CONCURRENT_GC blocked 16ms
D/dalvikvm( 8886): GC_CONCURRENT freed 454K, 8% free 7074K/7687K, paused 12ms+2ms, total 62ms
D/dalvikvm( 8886): WAIT_FOR_CONCURRENT_GC blocked 12ms
D/dalvikvm( 8886): WAIT_FOR_CONCURRENT_GC blocked 18ms
D/dalvikvm( 8886): WAIT_FOR_CONCURRENT_GC blocked 18ms
D/dalvikvm( 8886): GC_CONCURRENT freed 442K, 8% free 7150K/7751K, paused 12ms+3ms, total 62ms
D/dalvikvm( 8886): WAIT_FOR_CONCURRENT_GC blocked 17ms
D/dalvikvm( 8886): WAIT_FOR_CONCURRENT_GC blocked 23ms
D/dalvikvm( 8886): GC_CONCURRENT freed 488K, 9% free 7232K/7879K, paused 14ms+2ms, total 62ms
D/dalvikvm( 8886): WAIT_FOR_CONCURRENT_GC blocked 17ms
D/dalvikvm( 8886): WAIT_FOR_CONCURRENT_GC blocked 19ms
D/dalvikvm( 8886): GC_CONCURRENT freed 487K, 9% free 7295K/7943K, paused 12ms+2ms, total 58ms
D/dalvikvm( 8886): WAIT_FOR_CONCURRENT_GC blocked 19ms
D/dalvikvm( 8886): GC_CONCURRENT freed 471K, 8% free 7369K/8007K, paused 12ms+2ms, total 98ms
D/dalvikvm( 8886): WAIT_FOR_CONCURRENT_GC blocked 14ms
D/dalvikvm( 8886): GC_CONCURRENT freed 463K, 8% free 7442K/8071K, paused 12ms+3ms, total 56ms
D/dalvikvm( 8886): WAIT_FOR_CONCURRENT_GC blocked 24ms
D/dalvikvm( 8886): GC_CONCURRENT freed 451K, 8% free 7517K/8135K, paused 12ms+2ms, total 58ms
D/dalvikvm( 8886): WAIT_FOR_CONCURRENT_GC blocked 12ms
D/dalvikvm( 8886): GC_CONCURRENT freed 445K, 8% free 7586K/8199K, paused 12ms+2ms, total 58ms
D/dalvikvm( 8886): WAIT_FOR_CONCURRENT_GC blocked 13ms
D/dalvikvm( 8886): GC_CONCURRENT freed 439K, 8% free 7656K/8263K, paused 12ms+3ms, total 59ms
D/dalvikvm( 8886): WAIT_FOR_CONCURRENT_GC blocked 19ms
D/dalvikvm( 8886): GC_CONCURRENT freed 435K, 8% free 7722K/8327K, paused 12ms+3ms, total 56ms
D/dalvikvm( 8886): WAIT_FOR_CONCURRENT_GC blocked 22ms
D/dalvikvm( 8886): GC_CONCURRENT freed 380K, 7% free 7764K/8327K, paused 12ms+2ms, total 49ms
D/dalvikvm( 8886): GC_FOR_ALLOC freed 344K, 8% free 7798K/8455K, paused 69ms, total 69ms
D/dalvikvm( 8886): GC_CONCURRENT freed 461K, 8% free 7853K/8519K, paused 12ms+3ms, total 59ms
D/dalvikvm( 8886): WAIT_FOR_CONCURRENT_GC blocked 16ms
D/dalvikvm( 8886): GC_CONCURRENT freed 506K, 8% free 7911K/8583K, paused 12ms+3ms, total 63ms
D/dalvikvm( 8886): WAIT_FOR_CONCURRENT_GC blocked 15ms
W/SignalStrength(  647): Size of signalstrength parcel:60
W/SignalStrength(  647): Signal before validate=SignalStrength: 99 0 95 70 88 10 5 99 2147483647 2147483647 2147483647 2147483647 gsm|lte
W/SignalStrength(  647): Signal after validate=SignalStrength: 99 0 -95 -70 -88 -10 5 99 2147483647 2147483647 2147483647 2147483647 gsm|lte
D/dalvikvm( 8886): GC_CONCURRENT freed 519K, 8% free 7958K/8647K, paused 12ms+2ms, total 62ms
D/dalvikvm( 8886): WAIT_FOR_CONCURRENT_GC blocked 29ms
D/dalvikvm( 8886): GC_CONCURRENT freed 534K, 9% free 8009K/8711K, paused 12ms+3ms, total 62ms
D/dalvikvm( 8886): WAIT_FOR_CONCURRENT_GC blocked 23ms
W/Web Console( 7802): No Content-Security-Policy meta tag found. Please add one when using the cordova-plugin-whitelist plugin. at file:///android_asset/www/plugins/cordova-plugin-console/www/console-via-logger.js:173
D/PluginManager( 7802): exec() call to unknown plugin: Console
D/dalvikvm( 8886): GC_CONCURRENT freed 537K, 9% free 8067K/8775K, paused 12ms+2ms, total 67ms
D/dalvikvm( 8886): WAIT_FOR_CONCURRENT_GC blocked 26ms
D/dalvikvm( 8886): GC_CONCURRENT freed 613K, 9% free 8119K/8903K, paused 12ms+3ms, total 62ms
D/dalvikvm( 8886): WAIT_FOR_CONCURRENT_GC blocked 26ms
D/dalvikvm( 8886): GC_CONCURRENT freed 619K, 9% free 8178K/8967K, paused 12ms+3ms, total 61ms
D/dalvikvm( 8886): WAIT_FOR_CONCURRENT_GC blocked 34ms
D/dalvikvm( 8886): GC_CONCURRENT freed 631K, 9% free 8228K/9031K, paused 12ms+2ms, total 61ms
D/dalvikvm( 8886): WAIT_FOR_CONCURRENT_GC blocked 29ms
D/dalvikvm( 8886): GC_CONCURRENT freed 625K, 10% free 8258K/9095K, paused 12ms+2ms, total 59ms
D/dalvikvm( 8886): WAIT_FOR_CONCURRENT_GC blocked 32ms
D/dalvikvm( 8886): GC_CONCURRENT freed 665K, 10% free 8309K/9159K, paused 12ms+3ms, total 85ms
D/dalvikvm( 8886): WAIT_FOR_CONCURRENT_GC blocked 23ms
W/SignalStrength(  647): Size of signalstrength parcel:60
W/SignalStrength(  647): Signal before validate=SignalStrength: 99 0 97 70 88 10 5 99 2147483647 2147483647 2147483647 2147483647 gsm|lte
W/SignalStrength(  647): Signal after validate=SignalStrength: 99 0 -97 -70 -88 -10 5 99 2147483647 2147483647 2147483647 2147483647 gsm|lte
W/SignalStrength(  647): Size of signalstrength parcel:60
W/SignalStrength(  438): Size of signalstrength parcel:164
W/SignalStrength(  647): Size of signalstrength parcel:168
W/SignalStrength(12155): Size of signalstrength parcel:168
W/SignalStrength(12155): getEvdoLevelVZW=3
W/SignalStrength(12155): getEvdoLevelVZW() - evdoDbm = -88 evdoSnr = 5 level = 3
W/SignalStrength(12155): getLevelTRF() - networkType = 6 level = 3
D/uinet1  (12155): ANT  rssi:3   simStat:READY, null   svcStat:0    dataType:6    [:][false:true]
W/SignalStrength(12155): getEvdoLevelVZW=3
W/SignalStrength(12155): getEvdoLevelVZW() - evdoDbm = -88 evdoSnr = 5 level = 3
W/SignalStrength(12155): getLevelTRF() - networkType = 6 level = 3
W/SignalStrength(  438): getEvdoLevelVZW=3
W/SignalStrength(  438): getEvdoLevelVZW() - evdoDbm = -88 evdoSnr = 5 level = 3
W/SignalStrength(  438): getLevelTRF() - networkType = 6 level = 3
D/LGPhoneStatusBarPolicy(12155): ACTION_SIGNAL_STRENGTH_CHANGED!!!
W/SignalStrength(  647): Signal before validate=SignalStrength: 99 0 97 70 88 10 5 99 2147483647 2147483647 2147483647 2147483647 gsm|lte
W/SignalStrength(  647): Signal after validate=SignalStrength: 99 0 -97 -70 -88 -10 5 99 2147483647 2147483647 2147483647 2147483647 gsm|lte
W/SignalStrength(  647): getEvdoLevelVZW=3
W/SignalStrength(  647): getEvdoLevelVZW() - evdoDbm = -88 evdoSnr = 5 level = 3
W/SignalStrength(  647): getLevelTRF() - networkType = 6 level = 3
D/PhoneInterfaceManager(  647): [PhoneIntfMgr] sigLevel = 3
I/ActivityManager(  438): Start proc com.facebook.katana for content provider com.facebook.katana/.provider.AttributionIdProvider: pid=8983 uid=10073 gids={1006, 1015, 1028, 3003}
E/Trace   ( 8983): error opening trace file: No such file or directory (2)
V/ActivityThread( 8983): Class path: /system/framework/com.google.android.maps.jar:/mnt/asec/com.facebook.katana-2/pkg.apk, JNI path: /mnt/asec/com.facebook.katana-2/lib
D/dalvikvm( 8983): GC_CONCURRENT freed 156K, 5% free 6545K/6855K, paused 12ms+2ms, total 48ms
D/dalvikvm( 8983): WAIT_FOR_CONCURRENT_GC blocked 19ms
D/dalvikvm( 8983): GC_CONCURRENT freed 155K, 5% free 6923K/7239K, paused 12ms+3ms, total 59ms
D/dalvikvm( 8983): WAIT_FOR_CONCURRENT_GC blocked 8ms
D/dalvikvm( 8983): GC_CONCURRENT freed 156K, 5% free 7296K/7623K, paused 12ms+3ms, total 61ms
D/dalvikvm( 8983): WAIT_FOR_CONCURRENT_GC blocked 16ms
D/dalvikvm( 8983): GC_CONCURRENT freed 150K, 5% free 7679K/8007K, paused 11ms+3ms, total 64ms
D/dalvikvm( 8983): WAIT_FOR_CONCURRENT_GC blocked 18ms
D/dalvikvm( 8983): GC_CONCURRENT freed 161K, 5% free 8044K/8391K, paused 12ms+3ms, total 67ms
D/dalvikvm( 8983): WAIT_FOR_CONCURRENT_GC blocked 22ms
D/dalvikvm( 8983): GC_CONCURRENT freed 153K, 5% free 8438K/8839K, paused 11ms+15ms, total 93ms
W/dalvikvm( 8983): VFY: unable to resolve static field 28309 (a) in Lcom/facebook/katana/app/WorkAppTypes;
W/dalvikvm( 8983): VFY: unable to resolve static field 28310 (b) in Lcom/facebook/katana/app/WorkAppTypes;
W/dalvikvm( 8983): VFY: unable to resolve virtual method 9: Landroid/app/ActivityManager;.isLowRamDevice ()Z
D/ACRA    ( 8983): ACRA is enabled for com.facebook.katana, intializing...
D/ACRA    ( 8983): Looking for error files in /data/user/0/com.facebook.katana/app_acra-reports
D/ACRA    ( 8983): Looking for error files in /data/user/0/com.facebook.katana/app_minidumps
W/SignalStrength(  647): Size of signalstrength parcel:60
W/SignalStrength(  647): Signal before validate=SignalStrength: 99 0 97 70 88 10 5 99 2147483647 2147483647 2147483647 2147483647 gsm|lte
W/SignalStrength(  647): Signal after validate=SignalStrength: 99 0 -97 -70 -88 -10 5 99 2147483647 2147483647 2147483647 2147483647 gsm|lte
V/dalvik-internals( 8983): Registered Dalvik crash stream with Breakpad
W/dalvikvm( 8983): VFY: unable to resolve virtual method 11: Landroid/app/AlarmManager;.setExact (IJLandroid/app/PendingIntent;)V
V/DexLibLoader( 8983): about to lock: /data/user/0/com.facebook.katana/mdex_lock
V/DexLibLoader( 8983): locking /data/user/0/com.facebook.katana/mdex_lock took 6 ms
V/DexLibLoader( 8983): Secondary program dex metadata: secondary-1.dex.jar.xz 537036925d491a22c06abf2b890f3e53a837fe41 secondary.dex01.Canary
V/DexLibLoader( 8983): Secondary program dex metadata: secondary-2.dex.jar.xz 2dc9f5309b2c9361c1e9fe7895b331f440a6d474 secondary.dex02.Canary
V/DexLibLoader( 8983): Secondary program dex metadata: secondary-3.dex.jar.xz 977b0452960c64f4114cbd70b9eee0a4327fe1d2 secondary.dex03.Canary
V/DexLibLoader( 8983): Secondary program dex metadata: secondary-4.dex.jar.xz f7eee9e1252f796b13f2261566cef2b87eefeaea secondary.dex04.Canary
V/DexLibLoader( 8983): Secondary program dex metadata: secondary-5.dex.jar.xz b9cdddc8299345a83146a91db260050f5d3b418c secondary.dex05.Canary
V/DexLibLoader( 8983): Secondary program dex metadata: secondary-6.dex.jar.xz 46a94cf8b60457581ef3851505f7fafcb74b4f53 secondary.dex06.Canary
V/DexLibLoader( 8983): Secondary program dex metadata: secondary-7.dex.jar.xz 9db255442381407f2359b6cb0aa3e06f2e483ac8 secondary.dex07.Canary
V/DexLibLoader( 8983): Secondary program dex metadata: secondary-8.dex.jar.xz 4e97e88ac5400d86aab2a3fe3a5a4f2478a39e03 secondary.dex08.Canary
V/DexLibLoader( 8983): Secondary program dex metadata: secondary-9.dex.jar.xz d755737e487256f0304c26726eab6551376e5a70 secondary.dex09.Canary
V/DexLibLoader( 8983): Secondary program dex metadata: secondary-10.dex.jar.xz 0836f103c4b841fd41ec33da9e1ab62f18cd692d secondary.dex10.Canary
V/DexLibLoader( 8983): directory "/data/user/0/com.facebook.katana/app_secondary_program_dex" contains "program-537036925d491a22c06abf2b890f3e53a837fe41b05278c5.dex.jar" as expected
V/DexLibLoader( 8983): directory "/data/user/0/com.facebook.katana/app_secondary_program_dex" contains "program-2dc9f5309b2c9361c1e9fe7895b331f440a6d474b05278c5.dex.jar" as expected
V/DexLibLoader( 8983): directory "/data/user/0/com.facebook.katana/app_secondary_program_dex" contains "program-977b0452960c64f4114cbd70b9eee0a4327fe1d2b05278c5.dex.jar" as expected
V/DexLibLoader( 8983): directory "/data/user/0/com.facebook.katana/app_secondary_program_dex" contains "program-f7eee9e1252f796b13f2261566cef2b87eefeaeab05278c5.dex.jar" as expected
V/DexLibLoader( 8983): directory "/data/user/0/com.facebook.katana/app_secondary_program_dex" contains "program-b9cdddc8299345a83146a91db260050f5d3b418cb05278c5.dex.jar" as expected
V/DexLibLoader( 8983): directory "/data/user/0/com.facebook.katana/app_secondary_program_dex" contains "program-46a94cf8b60457581ef3851505f7fafcb74b4f53b05278c5.dex.jar" as expected
V/DexLibLoader( 8983): directory "/data/user/0/com.facebook.katana/app_secondary_program_dex" contains "program-9db255442381407f2359b6cb0aa3e06f2e483ac8b05278c5.dex.jar" as expected
V/DexLibLoader( 8983): directory "/data/user/0/com.facebook.katana/app_secondary_program_dex" contains "program-4e97e88ac5400d86aab2a3fe3a5a4f2478a39e03b05278c5.dex.jar" as expected
V/DexLibLoader( 8983): directory "/data/user/0/com.facebook.katana/app_secondary_program_dex" contains "program-d755737e487256f0304c26726eab6551376e5a70b05278c5.dex.jar" as expected
V/DexLibLoader( 8983): directory "/data/user/0/com.facebook.katana/app_secondary_program_dex" contains "program-0836f103c4b841fd41ec33da9e1ab62f18cd692db05278c5.dex.jar" as expected
D/DexLibLoader( 8983): ignoring file "program-537036925d491a22c06abf2b890f3e53a837fe41b05278c5.dex.odex" in "/data/user/0/com.facebook.katana/app_secondary_program_dex"
D/DexLibLoader( 8983): ignoring file "program-2dc9f5309b2c9361c1e9fe7895b331f440a6d474b05278c5.dex.odex" in "/data/user/0/com.facebook.katana/app_secondary_program_dex"
D/DexLibLoader( 8983): ignoring file "program-977b0452960c64f4114cbd70b9eee0a4327fe1d2b05278c5.dex.odex" in "/data/user/0/com.facebook.katana/app_secondary_program_dex"
D/DexLibLoader( 8983): ignoring file "program-f7eee9e1252f796b13f2261566cef2b87eefeaeab05278c5.dex.odex" in "/data/user/0/com.facebook.katana/app_secondary_program_dex"
D/DexLibLoader( 8983): ignoring file "program-b9cdddc8299345a83146a91db260050f5d3b418cb05278c5.dex.odex" in "/data/user/0/com.facebook.katana/app_secondary_program_dex"
D/DexLibLoader( 8983): ignoring file "program-46a94cf8b60457581ef3851505f7fafcb74b4f53b05278c5.dex.odex" in "/data/user/0/com.facebook.katana/app_secondary_program_dex"
D/DexLibLoader( 8983): ignoring file "program-9db255442381407f2359b6cb0aa3e06f2e483ac8b05278c5.dex.odex" in "/data/user/0/com.facebook.katana/app_secondary_program_dex"
D/DexLibLoader( 8983): ignoring file "program-4e97e88ac5400d86aab2a3fe3a5a4f2478a39e03b05278c5.dex.odex" in "/data/user/0/com.facebook.katana/app_secondary_program_dex"
D/DexLibLoader( 8983): ignoring file "program-d755737e487256f0304c26726eab6551376e5a70b05278c5.dex.odex" in "/data/user/0/com.facebook.katana/app_secondary_program_dex"
D/DexLibLoader( 8983): ignoring file "program-0836f103c4b841fd41ec33da9e1ab62f18cd692db05278c5.dex.odex" in "/data/user/0/com.facebook.katana/app_secondary_program_dex"
D/DexLibLoader( 8983): directory "/data/user/0/com.facebook.katana/app_secondary_program_dex" is valid
D/DexLibLoader( 8983): ignoring file "primary_deps" in "/data/user/0/com.facebook.katana/app_secondary_program_dex_opt"
V/DexLibLoader( 8983): directory "/data/user/0/com.facebook.katana/app_secondary_program_dex_opt" contains "program-537036925d491a22c06abf2b890f3e53a837fe41b05278c5.dex.dex" as expected
V/DexLibLoader( 8983): directory "/data/user/0/com.facebook.katana/app_secondary_program_dex_opt" contains "program-2dc9f5309b2c9361c1e9fe7895b331f440a6d474b05278c5.dex.dex" as expected
V/DexLibLoader( 8983): directory "/data/user/0/com.facebook.katana/app_secondary_program_dex_opt" contains "program-977b0452960c64f4114cbd70b9eee0a4327fe1d2b05278c5.dex.dex" as expected
V/DexLibLoader( 8983): directory "/data/user/0/com.facebook.katana/app_secondary_program_dex_opt" contains "program-f7eee9e1252f796b13f2261566cef2b87eefeaeab05278c5.dex.dex" as expected
V/DexLibLoader( 8983): directory "/data/user/0/com.facebook.katana/app_secondary_program_dex_opt" contains "program-b9cdddc8299345a83146a91db260050f5d3b418cb05278c5.dex.dex" as expected
V/DexLibLoader( 8983): directory "/data/user/0/com.facebook.katana/app_secondary_program_dex_opt" contains "program-46a94cf8b60457581ef3851505f7fafcb74b4f53b05278c5.dex.dex" as expected
V/DexLibLoader( 8983): directory "/data/user/0/com.facebook.katana/app_secondary_program_dex_opt" contains "program-9db255442381407f2359b6cb0aa3e06f2e483ac8b05278c5.dex.dex" as expected
V/DexLibLoader( 8983): directory "/data/user/0/com.facebook.katana/app_secondary_program_dex_opt" contains "program-4e97e88ac5400d86aab2a3fe3a5a4f2478a39e03b05278c5.dex.dex" as expected
V/DexLibLoader( 8983): directory "/data/user/0/com.facebook.katana/app_secondary_program_dex_opt" contains "program-d755737e487256f0304c26726eab6551376e5a70b05278c5.dex.dex" as expected
V/DexLibLoader( 8983): directory "/data/user/0/com.facebook.katana/app_secondary_program_dex_opt" contains "program-0836f103c4b841fd41ec33da9e1ab62f18cd692db05278c5.dex.dex" as expected
D/DexLibLoader( 8983): directory "/data/user/0/com.facebook.katana/app_secondary_program_dex_opt" is valid
D/DexLibLoader( 8983): loading pre-built fallback odex files
V/MultiDexClassLoader( 8983): installing MultiDexClassLoader before application classloader
W/dalvikvm( 8983): VFY: unable to resolve virtual method 2621: Ldalvik/system/DexFile;.loadClassBinaryName (Ljava/lang/String;Ljava/lang/ClassLoader;Ljava/util/List;)Ljava/lang/Class;
D/DexLibLoader( 8983): released odex store lock
D/DexLibLoader( 8983): DexLibLoader.loadAll took 372 ms
D/MemoryReductionHack( 8983): Zeroed out zipFile entry corresponding to path /mnt/asec/com.facebook.katana-2/pkg.apk
D/GcOptimizer( 8983): Enabled
W/ActivityManager(  438): Scheduling restart of crashed service com.google.android.gms/com.google.android.location.internal.PendingIntentCallbackService in 109999ms
V/dalvik-internals( 8983): hooked dvmLinearAlloc using jump ()
V/dalvik-internals( 8983): hooked dvmLinearRealloc using jump ()
V/dalvik-internals( 8983): hooked dvmLinearFree using jump ()
V/dalvik-internals( 8983): hooked dvmLinearStrdup using jump ()
V/dalvik-internals( 8983): hooked dvmLinearAllocContains using jump ()
I/dalvik-internals( 8983): enlarged linearalloc buffer to 33554432 bytes
I/ActivityThread( 8983): Pub com.facebook.katana.properties: com.facebook.katana.generated_content_providers.com.facebook.database.properties.DbPropertiesContentProvider
I/ActivityThread( 8983): Pub com.facebook.katana.provider.AttributionIdProvider: com.facebook.katana.provider.AttributionIdProvider
I/ActivityThread( 8983): Pub com.facebook.katana.provider.UserValuesProvider: com.facebook.katana.generated_content_providers.com.facebook.katana.provider.UserValuesProvider
I/ActivityThread( 8983): Pub com.facebook.katana.provider.GraphQLNotificationsProvider: com.facebook.katana.generated_content_providers.com.facebook.katana.provider.GraphQLNotificationsContentProvider
I/ActivityThread( 8983): Pub com.facebook.katana.graphql.cursor.provider: com.facebook.katana.generated_content_providers.com.facebook.graphql.cursor.provider.GraphCursorContentProvider
