I/ActivityManager(  438): Start proc com.ionicframework.uchicagodiningapp667037 for activity com.ionicframework.uchicagodiningapp667037/.MainActivity: pid=7802 uid=10076 gids={3003, 1028}
W/memalloc(  147): Falling back to system heap
E/Trace   ( 7802): error opening trace file: No such file or directory (2)
I/ActivityThread( 7788): Pub com.lge.email.sync: com.lge.email.service.EmailSyncProvider
I/EmailMainApp( 7788): --- OnCreate --- [[ at EmailMainApp.java 189, onCreate()  in com.lge.email.controller.EmailMainApp ]]
V/ActivityThread( 7802): Class path: /data/app/com.ionicframework.uchicagodiningapp667037-1.apk, JNI path: /data/data/com.ionicframework.uchicagodiningapp667037/lib
E/TaskSync( 7788): Task is not support [[ at TaskSync.java 1287, isTaskApp()  in com.lge.email.jni.eas.TaskSync ]]
I/TaskSync( 7788): task support :: false [[ at TaskSync.java 1291, isTaskApp()  in com.lge.email.jni.eas.TaskSync ]]
I/AccountMgr( 7788): -- create AccountMgr [[ at AccountMgr.java 139, getInstance()  in com.lge.email.controller.AccountMgr ]]
E/B2Email ( 7788): createDatabase = true [[ at EmailDB.java 64, createDatabase()  in com.lge.email.db.EmailDB ]]
I/B2Email ( 7788): --getAccountCount() nAccountCount=0 [[ at EmailDB.java 418, getAccountCount()  in com.lge.email.db.EmailDB ]]
D/AccountMgr( 7788): account_num : 0 [[ at AccountMgr.java 628, accountGetList()  in com.lge.email.controller.AccountMgr ]]
I/Util    ( 7788): changeComponentEnabledState--- accountCount : 0 [[ at Util.java 4770, changeComponentEnabledState()  in com.lge.email.util.Util ]]
W/dalvikvm( 7802): VFY: unable to resolve static method 225: Landroid/webkit/WebView;.setWebContentsDebuggingEnabled (Z)V
D/B2Email ( 7788): -- account_num = 0 [[ at AccountMgr.java 638, accountGetList()  in com.lge.email.controller.AccountMgr ]]
W/dalvikvm( 7802): VFY: unable to resolve virtual method 214: Landroid/webkit/WebSettings;.setMediaPlaybackRequiresUserGesture (Z)V
I/B2Email ( 7788): --getAccountCount() nAccountCount=0 [[ at EmailDB.java 418, getAccountCount()  in com.lge.email.db.EmailDB ]]
D/AccountMgr( 7788): account_num : 0 [[ at AccountMgr.java 628, accountGetList()  in com.lge.email.controller.AccountMgr ]]
I/Util    ( 7788): changeComponentEnabledState--- accountCount : 0 [[ at Util.java 4770, changeComponentEnabledState()  in com.lge.email.util.Util ]]
D/B2Email ( 7788): -- account_num = 0 [[ at AccountMgr.java 638, accountGetList()  in com.lge.email.controller.AccountMgr ]]
D/Util    ( 7788): Carrier = TRF [[ at Util.java 3817, setDevice()  in com.lge.email.util.Util ]]
D/Util    ( 7788): Country = US [[ at Util.java 3818, setDevice()  in com.lge.email.util.Util ]]
D/Util    ( 7788): Device ID = l4ii_cdma [[ at Util.java 3835, setDevice()  in com.lge.email.util.Util ]]
D/Util    ( 7788): model name = LGL39C [[ at Util.java 3836, setDevice()  in com.lge.email.util.Util ]]
I/[LGHome]NumberBadge.LGUnreadLgeEmailsBadge(32349): [LGUnreadLgeEmailsBadge.java:54:onReceive()]LGUnreadLgeEmailsBadge.onReceive()
I/[LGHome]NumberBadge.LGUnreadLgeEmailsBadge(32349): [LGUnreadLgeEmailsBadge.java:257:checkEmailEnabled()]checkEmailEnabled result : false
I/B2Email ( 7788): parcialUri : content://media/internal/audio/media [[ at Util.java 1424, getEmailDefaultRingtone()  in com.lge.email.util.Util ]]
I/[LGHome]NumberBadge.LGUnreadLgeEmailsBadge(32349): [LGUnreadLgeEmailsBadge.java:257:checkEmailEnabled()]checkEmailEnabled result : true
I/[LGHome]NumberBadge.LGUnreadLgeEmailsBadge(32349): [LGUnreadLgeEmailsBadge.java:147:countUnreadItems()]countUnreadItems() started..
I/[LGHome]NumberBadge.LGUnreadLgeEmailsBadge(32349): [LGUnreadLgeEmailsBadge.java:155:countUnreadItems()]Clear the count of number badge because the account is none
W/dalvikvm( 7802): VFY: unable to resolve virtual method 180: Landroid/webkit/CookieManager;.setAcceptThirdPartyCookies (Landroid/webkit/WebView;Z)V
W/dalvikvm( 7802): VFY: unable to resolve virtual method 175: Landroid/webkit/CookieManager;.flush ()V
V/webview ( 7802): MT focusChanged true, 130
W/dalvikvm( 7802): VFY: unable to find class referenced in signature (Landroid/webkit/ClientCertRequest;)
W/dalvikvm( 7802): VFY: unable to find class referenced in signature (Landroid/webkit/ClientCertRequest;)
W/dalvikvm( 7802): VFY: unable to resolve virtual method 230: Landroid/webkit/WebViewClient;.onReceivedClientCertRequest (Landroid/webkit/WebView;Landroid/webkit/ClientCertRequest;)V
W/dalvikvm( 7802): VFY: unable to resolve virtual method 194: Landroid/webkit/WebChromeClient$FileChooserParams;.createIntent ()Landroid/content/Intent;
D/SystemWebViewEngine( 7802): CordovaWebView is running on device made by: LGE
I/SystemWebViewEngine( 7802): Disabled addJavascriptInterface() bridge since Android version is old.
V/webview ( 7802): MT focusChanged false, 0
W/SignalStrength(  647): Size of signalstrength parcel:60
W/SignalStrength(  647): Signal before validate=SignalStrength: 99 0 97 70 95 15 5 99 2147483647 2147483647 2147483647 2147483647 gsm|lte
W/SignalStrength(  647): Signal after validate=SignalStrength: 99 0 -97 -70 -95 -15 5 99 2147483647 2147483647 2147483647 2147483647 gsm|lte
I/BackgroundMemoryTrimmer( 7537): Trimming objects from memory, since app is in the background.
W/SignalStrength(  438): Size of signalstrength parcel:164
D/dalvikvm( 7802): GC_FOR_ALLOC freed 203K, 6% free 6341K/6727K, paused 129ms, total 129ms
W/SignalStrength(12155): Size of signalstrength parcel:168
W/SignalStrength(  647): Size of signalstrength parcel:168
W/SignalStrength(12155): getEvdoLevelVZW=2
W/SignalStrength(12155): getEvdoLevelVZW() - evdoDbm = -95 evdoSnr = 5 level = 2
W/SignalStrength(12155): getLevelTRF() - networkType = 6 level = 2
W/SignalStrength(  438): getEvdoLevelVZW=2
W/SignalStrength(  438): getEvdoLevelVZW() - evdoDbm = -95 evdoSnr = 5 level = 2
W/SignalStrength(  438): getLevelTRF() - networkType = 6 level = 2
W/SignalStrength(12155): getEvdoLevelVZW=2
W/SignalStrength(12155): getEvdoLevelVZW() - evdoDbm = -95 evdoSnr = 5 level = 2
W/SignalStrength(12155): getLevelTRF() - networkType = 6 level = 2
D/uinet1  (12155): ANT  rssi:2   simStat:READY, null   svcStat:0    dataType:6    [:][false:true]
W/SignalStrength(  647): getEvdoLevelVZW=2
W/SignalStrength(  647): getEvdoLevelVZW() - evdoDbm = -95 evdoSnr = 5 level = 2
W/SignalStrength(  647): getLevelTRF() - networkType = 6 level = 2
D/PhoneInterfaceManager(  647): [PhoneIntfMgr] sigLevel = 2
D/LGPhoneStatusBarPolicy(12155): ACTION_SIGNAL_STRENGTH_CHANGED!!!
D/dalvikvm( 7802): GC_CONCURRENT freed 15K, 6% free 6962K/7367K, paused 2ms+113ms, total 237ms
D/WebView ( 7802): onTrimMemory: 5
V/webcore ( 7802): SET_ACTIVE arg1=1 arg2=0 obj=null
V/webcore ( 7802): 224 arg1=20 arg2=0 obj=null
V/webcore ( 7802): SET_ACTIVE arg1=0 arg2=0 obj=null
V/webcore ( 7802): LOAD_URL arg1=0 arg2=0 obj=android.webkit.WebViewCore$GetUrlData@41a6d458
V/webcore ( 7802):  CORE loadUrl file:///android_asset/www/index.html
I/Adreno200-EGL( 7802): <qeglDrvAPI_eglInitialize:299>: EGL 1.4 QUALCOMM build: AU_LINUX_ANDROID_JB_REL_2.0.3_RB3.04.01.01.42.006_msm7627a_JB_REL_2.0.3_Merge_release_AU (Merge)
I/Adreno200-EGL( 7802): Build Date: 04/01/13 Mon
I/Adreno200-EGL( 7802): Local Branch: 
I/Adreno200-EGL( 7802): Remote Branch: m/jb_rel_2.0.3
I/Adreno200-EGL( 7802): Local Patches: NONE
I/Adreno200-EGL( 7802): Reconstruct Branch: NOTHING
D/        ( 7802): external/chromium/net/http/http_getzip_factory.cc: libgetzip.so successfully loaded
D/        ( 7802): external/chromium/net/http/http_getzip_factory.cc,: GETzip initializing method was found in libgetzip.so
D/        ( 7802): netstack: Getzip is: ON, Version: 5.0.1
I/B2Email ( 7788): cursor displayName : Acoustic_Guitar.ogg [[ at Util.java 1433, getEmailDefaultRingtone()  in com.lge.email.util.Util ]]
I/B2Email ( 7788): cursor displayName : Bean.ogg [[ at Util.java 1433, getEmailDefaultRingtone()  in com.lge.email.util.Util ]]
V/webcore ( 7802): RESUME_TIMERS arg1=0 arg2=0 obj=null
V/webcore ( 7802): 184 arg1=0 arg2=0 obj=[com.google.android.youtube]
I/B2Email ( 7788): cursor displayName : Bike.ogg [[ at Util.java 1433, getEmailDefaultRingtone()  in com.lge.email.util.Util ]]
I/B2Email ( 7788): cursor displayName : Bubble.ogg [[ at Util.java 1433, getEmailDefaultRingtone()  in com.lge.email.util.Util ]]
I/B2Email ( 7788): cursor displayName : Clarinet.ogg [[ at Util.java 1433, getEmailDefaultRingtone()  in com.lge.email.util.Util ]]
I/B2Email ( 7788): cursor displayName : Ding_Dong.ogg [[ at Util.java 1433, getEmailDefaultRingtone()  in com.lge.email.util.Util ]]
I/B2Email ( 7788): cursor displayName : Echo.ogg [[ at Util.java 1433, getEmailDefaultRingtone()  in com.lge.email.util.Util ]]
I/B2Email ( 7788): cursor displayName : Email.ogg [[ at Util.java 1433, getEmailDefaultRingtone()  in com.lge.email.util.Util ]]
I/B2Email ( 7788): finalSuccessfulUri : content://media/internal/audio/media/45 [[ at Util.java 1448, getEmailDefaultRingtone()  in com.lge.email.util.Util ]]
W/memalloc(  147): Falling back to system heap
D/EmailMainApp( 7788): build Type == user [[ at EmailMainApp.java 225, onCreate()  in com.lge.email.controller.EmailMainApp ]]
I/TextToSpeech( 7802): Sucessfully bound to com.google.android.tts
I/EmailMainApp( 7788): Log setting:: Util.enableLog = false, EmailMainApp.DEBUG = false, GpmLog.RELEASE_MODE = true
I/ActivityManager(  438): Start proc com.google.android.tts for service com.google.android.tts/.service.GoogleTTSService: pid=7828 uid=10025 gids={3003, 1015, 1028}
V/webcore ( 7802): Can't get the viewWidth yet
W/memalloc(  147): Falling back to system heap
D/dalvikvm( 7788): GC_CONCURRENT freed 267K, 7% free 6736K/7175K, paused 29ms+50ms, total 223ms
W/CursorWrapperInner( 7788): Cursor finalized without prior close()
W/CursorWrapperInner( 7788): Cursor finalized without prior close()
V/webcore ( 7802): ADD_JS_INTERFACE arg1=0 arg2=0 obj=android.webkit.WebViewCore$JSInterfaceData@41a628d8
V/webcore ( 7802): ADD_JS_INTERFACE arg1=0 arg2=0 obj=android.webkit.WebViewCore$JSInterfaceData@41a62de8
I/ActivityManager(  438): Process com.google.android.googlequicksearchbox:search (pid 7537) has died.
E/Trace   ( 7828): error opening trace file: No such file or directory (2)
V/ActivityThread( 7828): Class path: /data/app/com.google.android.tts-1.apk, JNI path: /data/data/com.google.android.tts/lib
V/webview ( 7802): SELECTION_STRING_CHANGED
V/webview ( 7802): SELECTION_STRING_CHANGED
V/webview ( 7802): SELECTION_STRING_CHANGED
V/webview ( 7802): WEBCORE_INITIALIZED_MSG_ID
V/webview ( 7802): setCertificate=null
I/Choreographer( 7802): Skipped 37 frames!  The application may be doing too much work on its main thread.
I/ActivityManager(  438): Start proc com.android.voicedialer for broadcast com.android.voicedialer/.VoiceDialerReceiver: pid=7843 uid=10063 gids={3002, 1028}
E/Trace   ( 7843): error opening trace file: No such file or directory (2)
V/ActivityThread( 7843): Class path: /system/app/VoiceDialer_JB.apk, JNI path: /data/data/com.android.voicedialer/lib
I/ActivityManager(  438): Start proc com.google.android.talk for broadcast com.google.android.talk/com.google.android.apps.hangouts.phone.PackageReplacedReceiver: pid=7861 uid=10027 gids={3003, 1015, 1006, 3002, 1028}
W/SettingsHelper( 7828): Couldn't read prefered locale from settings.
W/dalvikvm( 7828): VFY: unable to resolve virtual method 44112: Ljava/util/Locale;.toLanguageTag ()Ljava/lang/String;
E/Trace   ( 7861): error opening trace file: No such file or directory (2)
V/ActivityThread( 7861): Class path: /system/framework/com.google.android.media.effects.jar:/data/app/com.google.android.talk-2.apk, JNI path: /data/data/com.google.android.talk/lib
W/SignalStrength(  647): Size of signalstrength parcel:60
W/SignalStrength(  647): Signal before validate=SignalStrength: 99 0 97 70 93 15 5 99 2147483647 2147483647 2147483647 2147483647 gsm|lte
W/SignalStrength(  647): Signal after validate=SignalStrength: 99 0 -97 -70 -93 -15 5 99 2147483647 2147483647 2147483647 2147483647 gsm|lte
W/SignalStrength(  438): Size of signalstrength parcel:164
W/SignalStrength(  647): Size of signalstrength parcel:168
W/SignalStrength(12155): Size of signalstrength parcel:168
W/SignalStrength(  438): getEvdoLevelVZW=2
W/SignalStrength(  438): getEvdoLevelVZW() - evdoDbm = -93 evdoSnr = 5 level = 2
W/SignalStrength(  438): getLevelTRF() - networkType = 6 level = 2
W/SignalStrength(12155): getEvdoLevelVZW=2
W/SignalStrength(12155): getEvdoLevelVZW() - evdoDbm = -93 evdoSnr = 5 level = 2
W/SignalStrength(12155): getLevelTRF() - networkType = 6 level = 2
W/SignalStrength(12155): getEvdoLevelVZW=2
W/SignalStrength(12155): getEvdoLevelVZW() - evdoDbm = -93 evdoSnr = 5 level = 2
W/SignalStrength(12155): getLevelTRF() - networkType = 6 level = 2
W/SignalStrength(  647): getEvdoLevelVZW=2
W/SignalStrength(  647): getEvdoLevelVZW() - evdoDbm = -93 evdoSnr = 5 level = 2
W/SignalStrength(  647): getLevelTRF() - networkType = 6 level = 2
D/PhoneInterfaceManager(  647): [PhoneIntfMgr] sigLevel = 2
D/LGPhoneStatusBarPolicy(12155): ACTION_SIGNAL_STRENGTH_CHANGED!!!
D/uinet1  (12155): ANT  rssi:2   simStat:READY, null   svcStat:0    dataType:6    [:][false:true]
W/memalloc(  147): Falling back to system heap
W/memalloc(  147): Falling back to system heap
V/webview ( 7802): sendOurVisibleRect=(0,25,r=320,b=480
I/ActivityManager(  438): Displayed com.ionicframework.uchicagodiningapp667037/.MainActivity: +3s371ms
V/webcore ( 7802): SET_SCROLL_OFFSET arg1=1 arg2=0 obj=Point(0, 0)
V/webcore ( 7802): SET_GLOBAL_BOUNDS arg1=0 arg2=0 obj=Rect(0, 25 - 320, 480)
V/webcore ( 7802): VIEW_SIZE_CHANGED arg1=0 arg2=0 obj=android.webkit.WebViewClassic$ViewSizeData@41a23f10
V/webcore ( 7802): viewSizeChanged w=320; h=455; textwrapWidth=320; scale=1.0
V/webcore ( 7802): viewSizeChanged
D/chromium( 7802): Unknown chromium error: -6
D/dalvikvm( 7828): GC_CONCURRENT freed 254K, 7% free 6438K/6855K, paused 31ms+2ms, total 209ms
D/dalvikvm( 7828): WAIT_FOR_CONCURRENT_GC blocked 124ms
D/dalvikvm( 7861): GC_CONCURRENT freed 180K, 5% free 6521K/6855K, paused 36ms+7ms, total 148ms
D/dalvikvm( 7861): WAIT_FOR_CONCURRENT_GC blocked 94ms
D/dalvikvm( 7861): GC_CONCURRENT freed 144K, 6% free 6873K/7239K, paused 18ms+2ms, total 120ms
W/ActivityManager(  438): Scheduling restart of crashed service com.google.android.gms/com.google.android.location.internal.server.GoogleLocationService in 90607ms
W/dalvikvm( 7828): VFY: unable to resolve interface method 1222: Landroid/speech/tts/SynthesisCallback;.error (I)V
W/SettingsHelper( 7828): Couldn't read prefered locale from settings.
E/dalvikvm( 7828): Could not find class 'android.speech.tts.Voice', referenced from method com.google.android.tts.service.GoogleTTSService.onGetVoices
W/dalvikvm( 7828): VFY: unable to resolve new-instance 281 (Landroid/speech/tts/Voice;) in Lcom/google/android/tts/service/GoogleTTSService;
W/dalvikvm( 7828): VFY: unable to resolve virtual method 1233: Landroid/speech/tts/SynthesisRequest;.getVoiceName ()Ljava/lang/String;
I/GoogleTTSService( 7828): Creating Google TTS service, version 3.5.6.2080558.arm
D/dalvikvm( 7828): GC_CONCURRENT freed 278K, 7% free 6579K/7047K, paused 18ms+40ms, total 166ms
I/Keyboard.Facilitator(18095): onFinishInput()
W/dalvikvm( 7861): VFY: unable to resolve virtual method 2598: Landroid/app/ActivityManager;.isLowRamDevice ()Z
I/ActivityManager(  438): Process com.android.vending (pid 7565) has died.
I/ActivityThread( 7861): Pub com.google.android.apps.hangouts.content.EsProvider: com.google.android.apps.hangouts.content.EsProvider
I/[LGHome]EVENT(32349): [Launcher.java:10724:onStop()]onStop
E/dalvikvm( 7861): Could not find class 'android.telephony.CellInfoLte', referenced from method cwj.a
W/dalvikvm( 7861): VFY: unable to resolve instanceof 762 (Landroid/telephony/CellInfoLte;) in Lcwj;
D/dalvikvm( 7861): GC_CONCURRENT freed 238K, 7% free 7095K/7559K, paused 14ms+13ms, total 146ms
I/ActivityManager(  438): Process com.google.android.gms.wearable (pid 7690) has died.
E/dalvikvm( 7861): Could not find class 'android.app.Notification$Action$Builder', referenced from method f.a
W/dalvikvm( 7861): VFY: unable to resolve new-instance 403 (Landroid/app/Notification$Action$Builder;) in Lf;
E/dalvikvm( 7861): Could not find class 'android.app.RemoteInput$Builder', referenced from method f.a
W/dalvikvm( 7861): VFY: unable to resolve new-instance 415 (Landroid/app/RemoteInput$Builder;) in Lf;
E/dalvikvm( 7861): Could not find class 'android.transition.Transition', referenced from method f.a
W/dalvikvm( 7861): VFY: unable to resolve check-cast 819 (Landroid/transition/Transition;) in Lf;
E/dalvikvm( 7861): Could not find class 'android.app.Notification$Action$Builder', referenced from method f.a
W/dalvikvm( 7861): VFY: unable to resolve new-instance 403 (Landroid/app/Notification$Action$Builder;) in Lf;
W/dalvikvm( 7861): Unable to resolve superclass of Lcpi; (742)
W/dalvikvm( 7861): Link of class 'Lcpi;' failed
W/dalvikvm( 7861): VFY: unable to find class referenced in signature (Lcpi;)
W/dalvikvm( 7861): VFY: unable to find class referenced in signature (Landroid/telecom/DisconnectCause;)
W/dalvikvm( 7861): Unable to resolve superclass of Lcpi; (742)
W/dalvikvm( 7861): Link of class 'Lcpi;' failed
W/dalvikvm( 7861): VFY: unable to resolve virtual method 20613: Lcpi;.c ()Lcom/google/android/apps/hangouts/telephony/TeleConnectionService;
E/dalvikvm( 7861): Could not find class 'android.transition.Transition', referenced from method f.a
W/dalvikvm( 7861): VFY: unable to resolve check-cast 819 (Landroid/transition/Transition;) in Lf;
E/dalvikvm( 7861): Could not find class 'android.transition.Transition', referenced from method f.a
W/dalvikvm( 7861): VFY: unable to resolve check-cast 819 (Landroid/transition/Transition;) in Lf;
E/dalvikvm( 7861): Could not find class 'android.transition.Transition', referenced from method f.a
W/dalvikvm( 7861): VFY: unable to resolve check-cast 819 (Landroid/transition/Transition;) in Lf;
E/dalvikvm( 7861): Could not find class 'android.transition.Transition', referenced from method f.a
W/dalvikvm( 7861): VFY: unable to resolve check-cast 819 (Landroid/transition/Transition;) in Lf;
W/dalvikvm( 7861): VFY: unable to resolve virtual method 5478: Landroid/view/ViewGroup;.isTransitionGroup ()Z
W/dalvikvm( 7861): VFY: unable to resolve virtual method 5331: Landroid/view/View;.getTransitionName ()Ljava/lang/String;
W/dalvikvm( 7861): VFY: unable to find class referenced in signature ([Landroid/app/RemoteInput;)
E/dalvikvm( 7861): Could not find class 'android.app.RemoteInput[]', referenced from method f.a
W/dalvikvm( 7861): VFY: unable to resolve new-array 7163 ([Landroid/app/RemoteInput;) in Lf;
E/dalvikvm( 7861): Could not find class 'android.telephony.CellInfoGsm', referenced from method f.b
W/dalvikvm( 7861): VFY: unable to resolve instanceof 761 (Landroid/telephony/CellInfoGsm;) in Lf;
W/SignalStrength(  647): Size of signalstrength parcel:60
W/SignalStrength(  647): Signal before validate=SignalStrength: 99 0 97 70 92 15 5 99 2147483647 2147483647 2147483647 2147483647 gsm|lte
W/SignalStrength(  647): Signal after validate=SignalStrength: 99 0 -97 -70 -92 -15 5 99 2147483647 2147483647 2147483647 2147483647 gsm|lte
W/SignalStrength(  438): Size of signalstrength parcel:164
E/dalvikvm( 7861): Could not find class 'android.transition.Transition', referenced from method f.b
W/dalvikvm( 7861): VFY: unable to resolve check-cast 819 (Landroid/transition/Transition;) in Lf;
W/SignalStrength(  647): Size of signalstrength parcel:168
W/SignalStrength(12155): Size of signalstrength parcel:168
W/SignalStrength(12155): getEvdoLevelVZW=2
W/SignalStrength(12155): getEvdoLevelVZW() - evdoDbm = -92 evdoSnr = 5 level = 2
W/SignalStrength(12155): getLevelTRF() - networkType = 6 level = 2
W/SignalStrength(  438): getEvdoLevelVZW=2
W/SignalStrength(  438): getEvdoLevelVZW() - evdoDbm = -92 evdoSnr = 5 level = 2
W/SignalStrength(  438): getLevelTRF() - networkType = 6 level = 2
W/SignalStrength(12155): getEvdoLevelVZW=2
W/SignalStrength(12155): getEvdoLevelVZW() - evdoDbm = -92 evdoSnr = 5 level = 2
W/SignalStrength(12155): getLevelTRF() - networkType = 6 level = 2
D/uinet1  (12155): ANT  rssi:2   simStat:READY, null   svcStat:0    dataType:6    [:][false:true]
W/dalvikvm( 7828): VFY: unable to resolve virtual method 1225: Landroid/speech/tts/SynthesisRequest;.getCallerUid ()I
D/LGPhoneStatusBarPolicy(12155): ACTION_SIGNAL_STRENGTH_CHANGED!!!
W/SignalStrength(  647): getEvdoLevelVZW=2
W/SignalStrength(  647): getEvdoLevelVZW() - evdoDbm = -92 evdoSnr = 5 level = 2
W/SignalStrength(  647): getLevelTRF() - networkType = 6 level = 2
D/PhoneInterfaceManager(  647): [PhoneIntfMgr] sigLevel = 2
W/dalvikvm( 7828): VFY: unable to resolve virtual method 1226: Landroid/speech/tts/SynthesisRequest;.getCharSequenceText ()Ljava/lang/CharSequence;
W/dalvikvm( 7828): VFY: unable to resolve virtual method 1233: Landroid/speech/tts/SynthesisRequest;.getVoiceName ()Ljava/lang/String;
W/dalvikvm( 7861): Unable to resolve superclass of Lcom/google/android/apps/hangouts/telephony/TeleConnectionService; (744)
W/dalvikvm( 7861): Link of class 'Lcom/google/android/apps/hangouts/telephony/TeleConnectionService;' failed
E/dalvikvm( 7861): Could not find class 'com.google.android.apps.hangouts.telephony.TeleConnectionService', referenced from method f.i
W/dalvikvm( 7861): VFY: unable to resolve const-class 2633 (Lcom/google/android/apps/hangouts/telephony/TeleConnectionService;) in Lf;
E/dalvikvm( 7861): Could not find class 'android.telecom.TelecomManager', referenced from method f.k
W/dalvikvm( 7861): VFY: unable to resolve check-cast 754 (Landroid/telecom/TelecomManager;) in Lf;
W/dalvikvm( 7861): VFY: unable to resolve static method 4985: Landroid/text/TextUtils;.getLayoutDirectionFromLocale (Ljava/util/Locale;)I
W/dalvikvm( 7861): VFY: unable to resolve static field 1487 (SUPPORTED_ABIS) in Landroid/os/Build;
I/TextToSpeech( 7802): Connected to ComponentInfo{com.google.android.tts/com.google.android.tts.service.GoogleTTSService}
W/dalvikvm( 7861): Unable to resolve superclass of Law; (818)
W/dalvikvm( 7861): Link of class 'Law;' failed
W/dalvikvm( 7861): Unable to resolve superclass of Lay; (818)
W/dalvikvm( 7861): Link of class 'Lay;' failed
I/decoder ( 7828): INFO: Opening data source "voices/en-us-x-sfg-phone-hmm/resolve_homographs_simple_us.pb" (as: FILE) ...
W/dalvikvm( 7861): VFY: unable to resolve static method 3976: Landroid/provider/Telephony$Sms;.getDefaultSmsPackage (Landroid/content/Context;)Ljava/lang/String;
W/dalvikvm( 7861): VFY: unable to resolve virtual method 2859: Landroid/content/Context;.getDrawable (I)Landroid/graphics/drawable/Drawable;
I/decoder ( 7828): INFO: Opening data source "voices/en-us-x-sfg-phone-hmm/phonology.pb" (as: FILE) ...
I/decoder ( 7828): INFO: Opening data source "voices/en-us-x-sfg-phone-hmm/en_us.embedded.model.pb" (as: FILE) ...
D/dalvikvm( 7861): GC_CONCURRENT freed 334K, 7% free 7327K/7815K, paused 28ms+9ms, total 178ms
D/dalvikvm( 7861): WAIT_FOR_CONCURRENT_GC blocked 37ms
D/dalvikvm( 7861): WAIT_FOR_CONCURRENT_GC blocked 35ms
I/decoder ( 7828): INFO: Opening data source "voices/en-us-x-sfg-phone-hmm/compressed_lexicon_en_us.blex" (as: FILE) ...
I/ActivityManager(  438): Process com.google.android.gsf.login (pid 7614) has died.
W/dalvikvm( 7861): VFY: unable to resolve virtual method 4917: Landroid/telephony/TelephonyManager;.getMmsUserAgent ()Ljava/lang/String;
I/Babel   ( 7861): MmsConfig: mnc/mcc: 310/0
I/Babel   ( 7861): MmsConfig.loadMmsSettings
I/Babel   ( 7861): MmsConfig.loadFromDatabase
I/ActivityManager(  438): Process com.lge.dmf.admin (pid 7742) has died.
E/SQLiteLog( 7861): (1) no such table: mmsconfig
D/WebView ( 7802): onTrimMemory: 5
I/Babel   ( 7861): MmsConfig: no mmsconfig table android.database.sqlite.SQLiteException: no such table: mmsconfig (code 1): , while compiling: SELECT key, value, type FROM mmsconfig WHERE numeric=?
I/Babel   ( 7861): MmsConfig.loadFromResources
E/Babel   ( 7861): canonicalizeMccMnc: invalid mccmnc nullnull
I/Babel   ( 7861): MmsConfig.loadMmsSettings: mUserAgent=Hangouts/3.3.94322993, mUaProfUrl=https://ssl.gstatic.com/android/hangouts/hangouts_mms_ua_profile.xml
I/ActivityManager(  438): Process com.lge.email (pid 7788) has died.
D/dalvikvm( 7861): GC_CONCURRENT freed 246K, 6% free 7601K/8007K, paused 35ms+4ms, total 182ms
D/dalvikvm( 7861): WAIT_FOR_CONCURRENT_GC blocked 67ms
D/PowerManagerService(  438): perflockBoostOnLocked_Test= ondemand mode success
D/dalvikvm( 7861): GC_CONCURRENT freed 162K, 5% free 7992K/8327K, paused 25ms+7ms, total 165ms
D/dalvikvm( 7861): WAIT_FOR_CONCURRENT_GC blocked 90ms
I/decoder ( 7828): INFO: Opening data source "voices/en-us-x-sfg-phone-hmm/feats_android.far" (as: FILE) ...
I/decoder ( 7828): INFO: Loading FST archive from "voices/en-us-x-sfg-phone-hmm/feats_android.far" ...
I/decoder ( 7828): INFO: Opening data source "voices/en-us-x-sfg-phone-hmm/roman_numeral_contexts.pb" (as: FILE) ...
I/decoder ( 7828): INFO: Opening data source "voices/en-us-x-sfg-phone-hmm/verbalize_android.far" (as: FILE) ...
I/decoder ( 7828): INFO: Loading FST archive from "voices/en-us-x-sfg-phone-hmm/verbalize_android.far" ...
D/dalvikvm( 7861): GC_FOR_ALLOC freed 352K, 7% free 8123K/8711K, paused 119ms, total 126ms
D/dalvikvm( 7861): GC_FOR_ALLOC freed 126K, 8% free 8251K/8967K, paused 134ms, total 134ms
I/decoder ( 7828): INFO: Opening data source "voices/en-us-x-sfg-phone-hmm/engine_config_en_us_embedded.pb" (as: FILE) ...
D/dalvikvm( 7861): GC_CONCURRENT freed 1008K, 14% free 9071K/10439K, paused 15ms+28ms, total 209ms
I/ActivityManager(  438): Process com.android.gallery3d (pid 7755) has died.
I/decoder ( 7828): INFO: Using the following engine config after considering all overrides: textnorm {
I/decoder ( 7828):   number_factorization: "WShort"
I/decoder ( 7828):   tokenization_rule {
I/decoder ( 7828):     name: "TOKENIZE_AND_CLASSIFY"
I/decoder ( 7828):   }
I/decoder ( 7828):   tokenization_rule {
I/decoder ( 7828):     name: "DISAMBIGUATE_MDY"
I/decoder ( 7828):   }
I/decoder ( 7828):   sentence_boundary_regexp: "[\\.\\?!:\")][ \n\t]"
I/decoder ( 7828): }
I/decoder ( 7828): INFO: Voice information: description: "Blaze-generated patts1_hmm_phone voice for en_us (speaker sfg; sample rate 22050; size android)"
I/decoder ( 7828): language: "en"
I/decoder ( 7828): region: "us"
I/decoder ( 7828): speaker: "sfg"
I/decoder ( 7828): gender: "female"
I/decoder ( 7828): quality: "normal"
I/decoder ( 7828): sample_rate: 22050
I/decoder ( 7828): server_voice_name: "sfg-phone-hmm"
W/dalvikvm( 7861): VFY: unable to find class referenced in signature (Landroid/telecom/TelecomManager;)
W/dalvikvm( 7861): VFY: unable to resolve virtual method 4854: Landroid/telecom/TelecomManager;.clearAccounts ()V
W/dalvikvm( 7861): VFY: unable to find class referenced in signature (Landroid/telecom/TelecomManager;)
W/dalvikvm( 7861): VFY: unable to find class referenced in signature (Landroid/telecom/TelecomManager;)
E/dalvikvm( 7861): Could not find class 'android.telecom.PhoneAccount$Builder', referenced from method cqf.e
W/dalvikvm( 7861): VFY: unable to resolve new-instance 746 (Landroid/telecom/PhoneAccount$Builder;) in Lcqf;
W/dalvikvm( 7861): VFY: unable to resolve static method 38096: Ljava/util/Objects;.equals (Ljava/lang/Object;Ljava/lang/Object;)Z
W/dalvikvm( 7861): VFY: unable to find class referenced in signature (Landroid/telecom/TelecomManager;)
W/dalvikvm( 7861): VFY: unable to find class referenced in signature (Landroid/telecom/TelecomManager;)
E/dalvikvm( 7861): Could not find class 'android.telecom.TelecomManager', referenced from method cqf.g
W/dalvikvm( 7861): VFY: unable to resolve check-cast 754 (Landroid/telecom/TelecomManager;) in Lcqf;
W/dalvikvm( 7861): VFY: unable to find class referenced in signature (Landroid/telecom/TelecomManager;)
I/decoder ( 7828): INFO: Opening data source "voices/en-us-x-sfg-phone-hmm/phonology.cfg" (as: FILE) ...
W/dalvikvm( 7861): VFY: unable to find class referenced in signature (Landroid/telecom/TelecomManager;)
W/dalvikvm( 7861): VFY: unable to find class referenced in signature (Landroid/telecom/TelecomManager;)
I/Babel_StickerModule( 7861): App launched.
D/WebView ( 7802): onTrimMemory: 10
E/        (  151): Qint android::get_camera_info(int, camera_info*): E
I/decoder ( 7828): INFO: Opening data source "voices/en-us-x-sfg-phone-hmm/compile_hmm_phoneme.cfg" (as: FILE) ...
E/dalvikvm( 7861): Could not find class 'android.hardware.display.DisplayManager', referenced from method com.google.android.libraries.hangouts.video.ScreenCaptureVideoSource.<init>
W/dalvikvm( 7861): VFY: unable to resolve check-cast 564 (Landroid/hardware/display/DisplayManager;) in Lcom/google/android/libraries/hangouts/video/ScreenCaptureVideoSource;
W/dalvikvm( 7861): VFY: unable to find class referenced in signature (Landroid/hardware/display/VirtualDisplay;)
W/dalvikvm( 7861): VFY: unable to find class referenced in signature (Landroid/media/projection/MediaProjection;)
W/dalvikvm( 7861): VFY: unable to find class referenced in signature (Landroid/media/projection/MediaProjection;)
W/dalvikvm( 7861): VFY: unable to find class referenced in signature (Landroid/media/projection/MediaProjection;)
W/dalvikvm( 7861): VFY: unable to find class referenced in signature (Landroid/media/projection/MediaProjectionManager;)
W/dalvikvm( 7861): VFY: unable to resolve virtual method 3547: Landroid/media/projection/MediaProjection;.createVirtualDisplay (Ljava/lang/String;IIIILandroid/view/Surface;Landroid/hardware/display/VirtualDisplay$Callback;Landroid/os/Handler;)Landroid/hardware/display/VirtualDisplay;
W/dalvikvm( 7861): VFY: unable to resolve virtual method 3415: Landroid/hardware/display/VirtualDisplay;.release ()V
I/decoder ( 7828): INFO: Opening data source "voices/en-us-x-sfg-phone-hmm/engine_hmm_22050_vocaine-embedded_mcep.cfg" (as: FILE) ...
W/dalvikvm( 7861): VFY: unable to resolve virtual method 3414: Landroid/hardware/display/DisplayManager;.unregisterDisplayListener (Landroid/hardware/display/DisplayManager$DisplayListener;)V
W/dalvikvm( 7861): VFY: unable to resolve virtual method 3551: Landroid/media/projection/MediaProjectionManager;.createScreenCaptureIntent ()Landroid/content/Intent;
W/dalvikvm( 7861): Unable to resolve superclass of Lcom/google/android/libraries/hangouts/video/ScreenCaptureVideoSource$2; (599)
W/dalvikvm( 7861): Link of class 'Lcom/google/android/libraries/hangouts/video/ScreenCaptureVideoSource$2;' failed
W/dalvikvm( 7861): Link of class 'Lcom/google/android/libraries/hangouts/video/ScreenCaptureVideoSource$4;' failed
I/decoder ( 7828): INFO: Treemap config: accent "US" ; apply_low_shelf_equalizer true ; dynamic_range_compression_type "adaptive" ; engine_sample_rate 22050 ; features.diphthong_tar_rounding { "target_rounded" "target_unrounded" } ; features.three_initial { "three_initial" } ; features.tar_height { "close" "nearclose" "closemid" "mid" "openmid" "nearopen" "open" } ; features.syllable_vowel_name { "a" "aa" "ax" "e" "er" "i" "ii" "oo" "u" "uu" "uh" "ai" "ei" "oi" "au" "ou" } ; features.word_type { "a's_letter" "a_determiner" "a_letter" "am" "an" "and" "are" "as" "at" "b's_letter" "b_letter" "because" "been" "but" "by" "c's_letter" "c_letter" "can_vrb" "cause_cnj" "could" "could've" "coulda" "couldn't" "d's_letter" "d_letter" "de_fr" "des_geo-ia-wa" "do" "does" "doesn't" "e's_letter" "e_letter" "eight" "eight" "f's_letter" "f_letter" "five" "five" "for" "four" "four" "from" "g's_letter" "g_letter" "h's_letter" "h_letter" "had" "has" "have" "he" "he'd" "he'll" "he's" "her" "him" "his" "i'd" "i'll" "i'm" "i's_letter" "i_letter" "i_pronoun" "in" "j's_letter" "j_letter" "je" "k's_letter" "k_letter" "l's_letter" "l_letter" "la" "le" "m's_letter" "m_letter" "n's_letter" "n_letter" "nine" "nine" "o's_letter" "o_letter" "of" "one" "one" "or" "p's_letter" "p_letter" "per" "q's_letter" "q_letter" "r's_letter" "r_letter" "s's_letter" "s_letter" "seven" "seven" "shall" "she'd" "she'll" "she's" "sil" "sir" "six" "six" "so" "some" "t's_letter" "t_letter" "than" "that" "that's" "the" "their" "them" "there" "there'll" "there's" "there've" "they'd" "they'll" "they're" "this" "this'll" "three" "three" "to" "twas" "two" "two" "u's_letter" "u_letter" "us" "v's_letter" "v_letter" "w's_letter" "w_letter" "was" "we" "we'd" "we'll" "we're" "we've" "were" "where" "where'd" "where're" "where's" "will" "would" "would've" "wouldn't" "x's_letter" "x_letter" "y's_letter" "y_letter" "you" "you'd" "you'll" "you're" "you've" "z's_letter" "z_letter" "zero" "zero" } ; features.coronal { "coronal" } ; features.name { "*" } ; features.schwa_vowels { "schwa_vowels" } ; features.continuant { "continuant" } ; features.one_final { "one_final" } ; features.stress { "sil" "0" "1" "2" } ; features.phrasing { "mid" "p-final" "s-final" "s-final-q" } ; features.description { "vowel" "consonant" } ; features.quantity { "short" "long" } ; features.low_vowel { "low_vowel" } ; features.closed_syllable_vowel { "closed_syllable_vowel" } ; features.open_syllable_vowel { "open_syllable_vowel" } ; features.diphthong_tar_height { "target_closemid" } ; features.height { "close" "nearclose" "closemid" "mid" "openmid" "nearopen" "open" } ; features.coda_consonant { "coda_consonant" } ; features.full_vowels { "full_vowels" } ; features.sonorant_pollution { "m" "n" "ng" "l" "y" "r" "w" "0" "v" } ; features.digit { "zero" "one" "two" "three" "four" "five" "six" "seven" "eight" "nine" } ; features.one_initial { "one_initial" } ; features.tar_vpos { "front" "nearfront" "central" "nearback" "back" } ; features.diphthong_tar_vpos { "target_nearfront" "target_nearback" } ; features.manner_group { "obstruent" "sonorant" } ; features.poa { "labial" "dental" "alveolar" "postalveolar" "palatal" "velar" "glottal" "retroflex" } ; features.high_vowel { "high_vowel" } ; features.tar_rounding { "rounded" "unrounded" } ; features.letter { "a's_letter" "a_letter" "b's_letter" "b_letter" "c's_letter" "c_letter" "d's_letter" "d_letter" "e's_letter" "e_letter" "f's_letter" "f_letter" "g's_letter" "g_letter" "h's_letter" "h_letter" "i's_letter" "i_letter" "j's_letter" "j_letter" "k's_letter" "k_letter" "l's_letter" "l_letter" "m's_letter" "m_letter" "n's_letter" "n_letter" "o's_letter" "o_letter" "p's_letter" "p_letter" "q's_letter" "q_letter" "r's_letter" "r_letter" "s's_letter" "s_letter" "t's_letter" "t_letter" "u's_letter" "u_letter" "v's_letter" "v_letter" "w's_letter" "w_letter" "x's_letter" "x_letter" "y's_letter" "y_letter" "z's_letter" "z_letter" } ; features.diphthong { "diphthong" } ; features.function { "a_determiner" "am" "an" "and" "are" "as" "at" "because" "been" "but" "by" "can_
I/decoder ( 7828): INFO: Opening data source "voices/en-us-x-sfg-phone-hmm/mapping_grammar_android.far" (as: FILE) ...
W/dalvikvm( 7861): VFY: unable to resolve virtual method 3483: Landroid/media/MediaCodecInfo$CodecCapabilities;.getVideoCapabilities ()Landroid/media/MediaCodecInfo$VideoCapabilities;
I/decoder ( 7828): INFO: Loading FST archive from "voices/en-us-x-sfg-phone-hmm/mapping_grammar_android.far" ...
W/SignalStrength(  647): Size of signalstrength parcel:60
W/SignalStrength(  647): Signal before validate=SignalStrength: 99 0 97 70 92 15 5 99 2147483647 2147483647 2147483647 2147483647 gsm|lte
W/SignalStrength(  647): Signal after validate=SignalStrength: 99 0 -97 -70 -92 -15 5 99 2147483647 2147483647 2147483647 2147483647 gsm|lte
I/decoder ( 7828): INFO: Opening data source "voices/en-us-x-sfg-phone-hmm/patts1_hmm_voice_en_us_sfg_android_22050_phoneme_mcep_swop_ap_msd_bin_8bit.voice" (as: FILE) ...
D/dalvikvm( 7861): GC_CONCURRENT freed 586K, 10% free 9446K/10439K, paused 23ms+14ms, total 193ms
D/dalvikvm( 7861): WAIT_FOR_CONCURRENT_GC blocked 122ms
D/dalvikvm( 7861): WAIT_FOR_CONCURRENT_GC blocked 116ms
I/ActivityManager(  438): Process com.google.android.partnersetup (pid 7773) has died.
D/dalvikvm( 7861): GC_CONCURRENT freed 229K, 4% free 10312K/10695K, paused 16ms+4ms, total 231ms
D/dalvikvm( 7861): WAIT_FOR_CONCURRENT_GC blocked 157ms
D/dalvikvm( 7861): WAIT_FOR_CONCURRENT_GC blocked 87ms
D/dalvikvm( 7861): WAIT_FOR_CONCURRENT_GC blocked 86ms
D/dalvikvm(  148): WAIT_FOR_CONCURRENT_GC blocked 0ms
I/ActivityManager(  438): Start proc com.android.vending for broadcast com.android.vending/com.google.android.finsky.receivers.PackageMonitorReceiver$RegisteredReceiver: pid=7891 uid=10053 gids={3003, 1015, 1028}
D/dalvikvm(  148): GC_EXPLICIT freed 38K, 7% free 6196K/6595K, paused 3ms+4ms, total 90ms
D/dalvikvm(  148): WAIT_FOR_CONCURRENT_GC blocked 0ms
E/Trace   ( 7891): error opening trace file: No such file or directory (2)
D/dalvikvm(  148): GC_EXPLICIT freed <1K, 7% free 6196K/6595K, paused 2ms+6ms, total 79ms
D/dalvikvm(  148): WAIT_FOR_CONCURRENT_GC blocked 0ms
D/dalvikvm(  148): GC_EXPLICIT freed <1K, 7% free 6196K/6595K, paused 2ms+12ms, total 75ms
V/ActivityThread( 7891): Class path: /data/app/com.android.vending-2.apk, JNI path: /data/data/com.android.vending/lib
D/JsMessageQueue( 7802): Set native->JS mode to OnlineEventsBridgeMode
V/webcore ( 7802): SET_ACTIVE arg1=0 arg2=0 obj=null
V/webcore ( 7802): SET_NETWORK_STATE arg1=1 arg2=0 obj=null
I/Web Console( 7802): function getURLParameter(sParam)
I/Web Console( 7802): {
I/Web Console( 7802):   var sPageURL = window.location.search.substring(1);
I/Web Console( 7802):   var sURLVariables = sPageURL.split('&');
I/Web Console( 7802):   for (var i = 0; i < sURLVariables.length; i++)
I/Web Console( 7802):   {
I/Web Console( 7802):       var sParameterName = sURLVariables[i].split('=');
I/Web Console( 7802):       if (sParameterName[0] == sParam)
I/Web Console( 7802):       {
I/Web Console( 7802):           return sParameterName[1];
I/Web Console( 7802):       }
I/Web Console( 7802):   }
I/Web Console( 7802): } at file:///android_asset/www/js/controllers.js:15
D/dalvikvm( 7891): GC_CONCURRENT freed 173K, 5% free 6528K/6855K, paused 20ms+2ms, total 172ms
D/dalvikvm( 7891): WAIT_FOR_CONCURRENT_GC blocked 114ms
D/dalvikvm( 7861): GC_CONCURRENT freed 856K, 9% free 10837K/11847K, paused 24ms+19ms, total 355ms
D/dalvikvm( 7861): WAIT_FOR_CONCURRENT_GC blocked 279ms
I/ActivityThread( 7891): Pub com.google.android.finsky.RecentSuggestionsProvider: com.google.android.finsky.providers.RecentSuggestionsProvider
W/SignalStrength(  647): Size of signalstrength parcel:60
W/SignalStrength(  647): Size of signalstrength parcel:60
W/SignalStrength(  647): Signal before validate=SignalStrength: 99 0 95 70 91 15 5 99 2147483647 2147483647 2147483647 2147483647 gsm|lte
W/SignalStrength(  647): Signal after validate=SignalStrength: 99 0 -95 -70 -91 -15 5 99 2147483647 2147483647 2147483647 2147483647 gsm|lte
W/SignalStrength(  438): Size of signalstrength parcel:164
W/SignalStrength(  647): Size of signalstrength parcel:168
W/SignalStrength(12155): Size of signalstrength parcel:168
W/SignalStrength(12155): getEvdoLevelVZW=2
W/SignalStrength(12155): getEvdoLevelVZW() - evdoDbm = -91 evdoSnr = 5 level = 2
W/SignalStrength(12155): getLevelTRF() - networkType = 6 level = 2
W/SignalStrength(  438): getEvdoLevelVZW=2
W/SignalStrength(  438): getEvdoLevelVZW() - evdoDbm = -91 evdoSnr = 5 level = 2
W/SignalStrength(  438): getLevelTRF() - networkType = 6 level = 2
W/SignalStrength(12155): getEvdoLevelVZW=2
W/SignalStrength(12155): getEvdoLevelVZW() - evdoDbm = -91 evdoSnr = 5 level = 2
W/SignalStrength(12155): getLevelTRF() - networkType = 6 level = 2
D/uinet1  (12155): ANT  rssi:2   simStat:READY, null   svcStat:0    dataType:6    [:][false:true]
D/LGPhoneStatusBarPolicy(12155): ACTION_SIGNAL_STRENGTH_CHANGED!!!
W/SignalStrength(  647): Signal before validate=SignalStrength: 99 0 95 70 91 15 5 99 2147483647 2147483647 2147483647 2147483647 gsm|lte
W/SignalStrength(  647): Signal after validate=SignalStrength: 99 0 -95 -70 -91 -15 5 99 2147483647 2147483647 2147483647 2147483647 gsm|lte
W/SignalStrength(  647): getEvdoLevelVZW=2
W/SignalStrength(  647): getEvdoLevelVZW() - evdoDbm = -91 evdoSnr = 5 level = 2
W/SignalStrength(  647): getLevelTRF() - networkType = 6 level = 2
D/PhoneInterfaceManager(  647): [PhoneIntfMgr] sigLevel = 2
I/ActivityManager(  438): Process android.process.media (pid 7649) has died.
E/Web Console( 7802): Uncaught Error: [$injector:modulerr] Failed to instantiate module starter due to:
E/Web Console( 7802): Error: [$injector:modulerr] Failed to instantiate module ngRoute due to:
E/Web Console( 7802): Error: [$injector:nomod] Module 'ngRoute' is not available! You either misspelled the module name or forgot to load it. If registering a module ensure that you specify the dependencies as the second argument.
E/Web Console( 7802): http://errors.angularjs.org/1.3.13/$injector/nomod?p0=ngRoute
E/Web Console( 7802):     at file:///android_asset/www/lib/ionic/js/ionic.bundle.js:8890:12
E/Web Console( 7802):     at file:///android_asset/www/lib/ionic/js/ionic.bundle.js:10594:17
E/Web Console( 7802):     at ensure (file:///android_asset/www/lib/ionic/js/ionic.bundle.js:10518:38)
E/Web Console( 7802):     at module (file:///android_asset/www/lib/ionic/js/ionic.bundle.js:10592:14)
E/Web Console( 7802):     at file:///android_asset/www/lib/ionic/js/ionic.bundle.js:12924:22
E/Web Console( 7802):     at forEach (file:///android_asset/www/lib/ionic/js/ionic.bundle.js:9150:20)
E/Web Console( 7802):     at loadModules (file:///android_asset/www/lib/ionic/js/ionic.bundle.js:12908:5)
E/Web Console( 7802):     at file:///android_asset/www/lib/ionic/js/ionic.bundle.js:12925:40
E/Web Console( 7802):     at forEach (file:///android_asset/www/lib/ionic/js/ionic.bundle.js:9150:20)
E/Web Console( 7802):     at loadModules (file:///android_asset/www/lib/ionic/js/ionic.bundle.js:12908:5)
E/Web Console( 7802): http://errors.angularjs.org/1.3.13/$injector/modulerr?p0=ngRoute&p1=Error%3A%20%5B%24injector%3Anomod%5D%20Module%20'ngRoute'%20is%20not%20available!%20You%20either%20misspelled%20the%20module%20name%20or%20forgot%20to%20load%20it.%20If%20registering%20a%20module%20ensure%20that%20you%20specify%20the%20dependencies%20as%20the%20second%20argument.%0Ahttp%3A%2F%2Ferrors.angularjs.org%2F1.3.13%2F%24injector%2Fnomod%3Fp0%3DngRoute%0A%20%20%20%20at%20file%3A%2F%2F%2Fandroid_asset%2Fwww%2Flib%2Fionic%2Fjs%2Fionic.bundle.js%3A8890%3A12%0A%20%20%20%20at%20file%3A%2F%2F%2Fandroid_asset%2Fwww%2Flib%2Fionic%2Fjs%2Fionic.bundle.js%3A10594%3A17%0A%20%20%20%20at%20ensure%20(file%3A%2F%2F%2Fandroid_asset%2Fwww%2Flib%2Fionic%2Fjs%2Fionic.bundle.js%3A10518%3A38)%0A%20%20%20%20at%20module%20(file%3A%2F%2F%2Fandroid_asset%2Fwww%2Flib%2Fionic%2Fjs%2Fionic.bundle.js%3A10592%3A14)%0A%20%20%20%20at%20file%3A%2F%2F%2Fandroid_asset%2Fwww%2Flib%2Fionic%2Fjs%2Fionic.bundle.js%3A12924%3A22%0A%20%20%20%20at%20forEach%20(file%3A%2F%2F%2Fandroid_asset%2Fwww%2Flib%2Fionic%2Fjs%2Fionic.bundle.js%3A9150%3A20)%0A%20%20%20%20at%20loadModules%20(file%3A%2F%2F%2Fandroid_asset%2Fwww%2Flib%2Fionic%2Fjs%2Fionic.bundle.js%3A12908%3A5)%0A%20%20%20%20at%20file%3A%2F%2F%2Fandroid_asset%2Fwww%2Flib%2Fionic%2Fjs%2Fionic.bundle.js%3A12925%3A40%0A%20%20%20%20at%20forEach%20(file%3A%2F%2F%2Fandroid_asset%2Fwww%2Flib%2Fionic%2Fjs%2Fionic.bundle.js%3A9150%3A20)%0A%20%20%20%20at%20loadModules%20(file%3A%2F%2F%2Fandroid_asset%2Fwww%2Flib%2Fionic%2Fjs%2Fionic.bundle.js%3A12908%3A5)
E/Web Console( 7802):     at file:///android_asset/www/lib/ionic/js/ionic.bundle.js:8890:12
E/Web Console( 7802):     at file:///android_asset/www/lib/ionic/js/ionic.bundle.js:12947:15
E/Web Console( 7802):     at forEach (file:///android_asset/www/lib/ionic/js/ionic.bundle.js:9150:20)
E/Web Console( 7802):     at loadModules (file:///android_asset/www/lib/ionic/js/ionic.bundle.js:12908:5)
E/Web Console( 7802):     at file:///android_asset/www/lib/ionic/js/ionic.bundle.js:12925:40
E/Web Console( 7802):     at forEach (file:///android_asset/www/lib/ionic/js/ionic.bundle.js:9150:20)
E/Web Console( 7802):     at loadModules (file:///android_asset/www/lib/ionic/js/ionic.bundle.js:12908:5)
E/Web Console( 7802):     at createInjector (file:///android_asset/www/lib/ionic/js/ionic.bundle.js:12834:11)
E/Web Console( 7802):     at file:///android_asset/www/lib/ionic/js/ionic.bundle.js:10272:20
E/Web Console( 7802):     at bootstrap (file:///android_asset/www/lib/ionic/js/ionic.bundle.js:10293:12)
E/Web Console( 7802): http://errors.angularjs.org/1.3.13/$injector/modulerr?p0=starter&p1=Error%3A%20%5B%24injector%3Amodulerr%5D%20Failed%20to%20instantiate%20module%20ngRoute%20due%20to%3A%0AError%3A%20%5B%24injector%3Anomod%5D%20Module%20'ngRoute'%20is%20not%20available!%20You%20either%20misspelled%20the%20module%20name%20or%20forgot%20to%20load%20it.%20If%20registering%20a%20module%20ensure%20that%20you%20specify%20the%20dependencies%20as%20the%20second%20argument.%0Ahttp%3A%2F%2Ferrors.angularjs.org%2F1.3.13%2F%24injector%2Fnomod%3Fp0%3DngR
V/webview ( 7802): SELECTION_STRING_CHANGED
V/webcore ( 7802): didFirstLayout standardLoad =true
V/webcore ( 7802): setupViewport mRestoredScale=0.0 mViewScale=1.0 mTextWrapScale=1.0 data.mScale= 1.0
V/webcore ( 7802): viewSizeChanged w=320; h=455; textwrapWidth=320; scale=1.0
V/webview ( 7802): SAVE_WEBARCHIVE_FINISHED
V/webcore ( 7802): WEBKIT_DRAW arg1=0 arg2=0 obj=null
V/webcore ( 7802): webkitDraw start
V/webview ( 7802): WEBCORE_NEED_TOUCH_EVENTS
I/ActivityManager(  438): Process com.android.voicedialer (pid 7843) has died.
V/webcore ( 7802): webkitDraw NEW_PICTURE_MSG_ID
V/webview ( 7802): NEW_PICTURE_MSG_ID
D/dalvikvm( 7891): GC_CONCURRENT freed 146K, 5% free 6902K/7239K, paused 13ms+95ms, total 236ms
D/dalvikvm( 7802): GC_CONCURRENT freed 410K, 8% free 7108K/7687K, paused 15ms+14ms, total 163ms
D/dalvikvm( 7802): WAIT_FOR_CONCURRENT_GC blocked 23ms
E/dalvikvm( 7891): Could not find class 'android.app.AppOpsManager', referenced from method com.google.android.gms.common.GooglePlayServicesUtil.zza
W/dalvikvm( 7891): VFY: unable to resolve check-cast 32 (Landroid/app/AppOpsManager;) in Lcom/google/android/gms/common/GooglePlayServicesUtil;
W/dalvikvm( 7891): VFY: unable to resolve virtual method 576: Landroid/content/pm/PackageManager;.getPackageInstaller ()Landroid/content/pm/PackageInstaller;
E/Web Console( 7802): No Content-Security-Policy meta tag found. Please add one when using the cordova-plugin-whitelist plugin. at file:///android_asset/www/plugins/cordova-plugin-console/www/console-via-logger.js:173
V/webview ( 7802): MT focusChanged true, 130
W/PluginManager( 7802): THREAD WARNING: exec() call to CoreAndroid.show blocked the main thread for 38ms. Plugin should use CordovaInterface.getThreadPool().
D/Finsky  ( 7891): [1] FinskyApp.onCreate: Initializing network with DFE https://android.clients.google.com/fdfe/
I/[LGHome]EVENT(32349): [LauncherModel.java:1246:onReceive()]onReceive intent=Intent { act=android.search.action.SEARCHABLES_CHANGED flg=0x20000010 }
I/ActivityManager(  438): Process com.google.android.talk (pid 7861) has died.
W/dalvikvm( 7891): VFY: unable to resolve virtual method 532: Landroid/content/pm/ApplicationInfo;.loadUnbadgedIcon (Landroid/content/pm/PackageManager;)Landroid/graphics/drawable/Drawable;
I/decoder ( 7828): INFO: Initializing hybrid synthesizer ...
I/decoder ( 7828): INFO: Opening data source "voices/en-us-x-sfg-phone-hmm/roman_numeral_android.far" (as: FILE) ...
I/decoder ( 7828): INFO: Loading FST archive from "voices/en-us-x-sfg-phone-hmm/roman_numeral_android.far" ...
I/decoder ( 7828): INFO: Opening data source "voices/en-us-x-sfg-phone-hmm/tokenize_and_classify_embedded_android.far" (as: FILE) ...
I/decoder ( 7828): INFO: Loading FST archive from "voices/en-us-x-sfg-phone-hmm/tokenize_and_classify_embedded_android.far" ...
D/dalvikvm( 7891): GC_CONCURRENT freed 328K, 7% free 7117K/7623K, paused 37ms+18ms, total 168ms
W/memalloc(  147): Falling back to system heap
I/Keyboard.Facilitator(18095): onFinishInput()
V/webcore ( 7802): SET_ACTIVE arg1=1 arg2=0 obj=null
D/PluginManager( 7802): exec() call to unknown plugin: Console
V/webcore ( 7802): WEBKIT_DRAW arg1=0 arg2=0 obj=null
V/webcore ( 7802): webkitDraw start
V/webcore ( 7802): webkitDraw NEW_PICTURE_MSG_ID
V/webview ( 7802): NEW_PICTURE_MSG_ID
W/dalvikvm( 7891): VFY: unable to resolve static method 1360: Landroid/provider/Settings$Global;.getInt (Landroid/content/ContentResolver;Ljava/lang/String;I)I
V/webcore ( 7802): VIEW_SIZE_CHANGED arg1=0 arg2=0 obj=android.webkit.WebViewClassic$ViewSizeData@41a6aea0
V/webcore ( 7802): viewSizeChanged w=320; h=455; textwrapWidth=320; scale=1.0
D/Finsky  ( 7891): [1] DailyHygiene.goMakeHygieneIfDirty: No need to run daily hygiene.
W/dalvikvm( 7891): VFY: unable to resolve static method 1360: Landroid/provider/Settings$Global;.getInt (Landroid/content/ContentResolver;Ljava/lang/String;I)I
W/dalvikvm( 7891): VFY: unable to resolve virtual method 1323: Landroid/os/StatFs;.getAvailableBytes ()J
W/dalvikvm( 7891): VFY: unable to resolve virtual method 22728: Lcom/google/android/finsky/layout/DocImageView;.setTransitionName (Ljava/lang/String;)V
W/dalvikvm( 7891): VFY: unable to resolve virtual method 22728: Lcom/google/android/finsky/layout/DocImageView;.setTransitionName (Ljava/lang/String;)V
W/dalvikvm( 7891): VFY: unable to resolve virtual method 43129: Lcom/google/android/play/layout/PlayCardViewBase;.setTransitionGroup (Z)V
W/dalvikvm( 7891): VFY: unable to resolve virtual method 9973: Landroid/view/View;.getTransitionName ()Ljava/lang/String;
W/dalvikvm( 7891): VFY: unable to resolve virtual method 608: Landroid/content/res/Configuration;.getLayoutDirection ()I
W/dalvikvm( 7891): VFY: unable to resolve virtual method 561: Landroid/content/pm/PackageManager;.extendVerificationTimeout (IIJ)V
W/SignalStrength(  647): Size of signalstrength parcel:60
W/SignalStrength(  647): Signal before validate=SignalStrength: 99 0 95 70 91 15 5 99 2147483647 2147483647 2147483647 2147483647 gsm|lte
